Archive member included to satisfy reference by file (symbol)

/usr/lib/gcc/arm-none-eabi/9.2.0/../../../../arm-none-eabi/lib/thumb/v7e-m/nofp/libg.a(lib_a-ctype_.o)
                              ./build/obj/ax5043.o (symbol from plugin) (_ctype_)
/usr/lib/gcc/arm-none-eabi/9.2.0/../../../../arm-none-eabi/lib/thumb/v7e-m/nofp/libg.a(lib_a-memcpy.o)
                              /tmp/app_ax45043_driver.elf.MHP5d7.ltrans0.ltrans.o (memcpy)

Discarded input sections

 .data          0x0000000000000000        0x0 ./build/obj/crt0_v7m.o
 .bss           0x0000000000000000        0x0 ./build/obj/crt0_v7m.o
 .data          0x0000000000000000        0x0 ./build/obj/vectors.o
 .bss           0x0000000000000000        0x0 ./build/obj/vectors.o
 .data          0x0000000000000000        0x0 ./build/obj/chcoreasm_v7m.o
 .bss           0x0000000000000000        0x0 ./build/obj/chcoreasm_v7m.o
 .text          0x0000000000000000        0x0 /tmp/app_ax45043_driver.elf.MHP5d7.ltrans0.ltrans.o
 .data          0x0000000000000000        0x0 /tmp/app_ax45043_driver.elf.MHP5d7.ltrans0.ltrans.o
 .bss           0x0000000000000000        0x0 /tmp/app_ax45043_driver.elf.MHP5d7.ltrans0.ltrans.o
 .text.boardInit
                0x0000000000000000        0x4 /tmp/app_ax45043_driver.elf.MHP5d7.ltrans0.ltrans.o
 .comment       0x0000000000000000       0x1e /tmp/ccKz3Gj7.debug.temp.o
 .comment       0x0000000000000000       0x1e /tmp/ccTGHks6.debug.temp.o
 .comment       0x0000000000000000       0x1e /tmp/ccTTTGD6.debug.temp.o
 .comment       0x0000000000000000       0x1e /tmp/cc6a0Kb7.debug.temp.o
 .comment       0x0000000000000000       0x1e /tmp/ccAv0ec3.debug.temp.o
 .comment       0x0000000000000000       0x1e /tmp/ccDP1rL3.debug.temp.o
 .debug_info    0x0000000000000000     0x12f9 /tmp/ccDv03j3.debug.temp.o
 .debug_abbrev  0x0000000000000000      0x1a9 /tmp/ccDv03j3.debug.temp.o
 .debug_line    0x0000000000000000      0x424 /tmp/ccDv03j3.debug.temp.o
 .debug_str     0x0000000000000000      0xa62 /tmp/ccDv03j3.debug.temp.o
 .comment       0x0000000000000000       0x1e /tmp/ccDv03j3.debug.temp.o
 .comment       0x0000000000000000       0x1e /tmp/cc4hHFH5.debug.temp.o
 .comment       0x0000000000000000       0x1e /tmp/cckn86g4.debug.temp.o
 .comment       0x0000000000000000       0x1e /tmp/ccwx15q6.debug.temp.o
 .comment       0x0000000000000000       0x1e /tmp/ccNn7bg7.debug.temp.o
 .comment       0x0000000000000000       0x1e /tmp/ccbXJvJ4.debug.temp.o
 .comment       0x0000000000000000       0x1e /tmp/ccsbPhT3.debug.temp.o
 .debug_info    0x0000000000000000     0x1b77 /tmp/ccXg7fC3.debug.temp.o
 .debug_abbrev  0x0000000000000000      0x20c /tmp/ccXg7fC3.debug.temp.o
 .debug_line    0x0000000000000000      0x445 /tmp/ccXg7fC3.debug.temp.o
 .debug_str     0x0000000000000000      0xe52 /tmp/ccXg7fC3.debug.temp.o
 .comment       0x0000000000000000       0x1e /tmp/ccXg7fC3.debug.temp.o
 .comment       0x0000000000000000       0x1e /tmp/ccQp5wa7.debug.temp.o
 .debug_info    0x0000000000000000     0x12f9 /tmp/cclqaFK4.debug.temp.o
 .debug_abbrev  0x0000000000000000      0x1a9 /tmp/cclqaFK4.debug.temp.o
 .debug_line    0x0000000000000000      0x424 /tmp/cclqaFK4.debug.temp.o
 .debug_str     0x0000000000000000      0xa76 /tmp/cclqaFK4.debug.temp.o
 .comment       0x0000000000000000       0x1e /tmp/cclqaFK4.debug.temp.o
 .comment       0x0000000000000000       0x1e /tmp/ccQ0KYu7.debug.temp.o
 .comment       0x0000000000000000       0x1e /tmp/ccBkGux5.debug.temp.o
 .comment       0x0000000000000000       0x1e /tmp/cc8u4V63.debug.temp.o
 .comment       0x0000000000000000       0x1e /tmp/ccwe6cU5.debug.temp.o
 .comment       0x0000000000000000       0x1e /tmp/cccuUDN3.debug.temp.o
 .debug_info    0x0000000000000000      0xa3c /tmp/ccGS5la4.debug.temp.o
 .debug_abbrev  0x0000000000000000      0x16f /tmp/ccGS5la4.debug.temp.o
 .debug_line    0x0000000000000000      0x283 /tmp/ccGS5la4.debug.temp.o
 .debug_str     0x0000000000000000      0x6e8 /tmp/ccGS5la4.debug.temp.o
 .comment       0x0000000000000000       0x1e /tmp/ccGS5la4.debug.temp.o
 .comment       0x0000000000000000       0x1e /tmp/cc6B2vT5.debug.temp.o
 .debug_info    0x0000000000000000      0xa3c /tmp/cclncgM4.debug.temp.o
 .debug_abbrev  0x0000000000000000      0x16f /tmp/cclncgM4.debug.temp.o
 .debug_line    0x0000000000000000      0x283 /tmp/cclncgM4.debug.temp.o
 .debug_str     0x0000000000000000      0x6e2 /tmp/cclncgM4.debug.temp.o
 .comment       0x0000000000000000       0x1e /tmp/cclncgM4.debug.temp.o
 .debug_info    0x0000000000000000      0xa3c /tmp/ccwuyce4.debug.temp.o
 .debug_abbrev  0x0000000000000000      0x16f /tmp/ccwuyce4.debug.temp.o
 .debug_line    0x0000000000000000      0x283 /tmp/ccwuyce4.debug.temp.o
 .debug_str     0x0000000000000000      0x6e2 /tmp/ccwuyce4.debug.temp.o
 .comment       0x0000000000000000       0x1e /tmp/ccwuyce4.debug.temp.o
 .comment       0x0000000000000000       0x1e /tmp/ccg6FAr6.debug.temp.o
[...]
Memory Configuration

Name             Origin             Length             Attributes
flash0           0x0000000008000000 0x0000000000080000 xr
flash1           0x0000000000000000 0x0000000000000000 xr
flash2           0x0000000000000000 0x0000000000000000 xr
flash3           0x0000000000000000 0x0000000000000000 xr
flash4           0x0000000000000000 0x0000000000000000 xr
flash5           0x0000000000000000 0x0000000000000000 xr
flash6           0x0000000000000000 0x0000000000000000 xr
flash7           0x0000000000000000 0x0000000000000000 xr
ram0             0x0000000020000000 0x0000000000020000 xw
ram1             0x0000000020000000 0x000000000001c000 xw
ram2             0x0000000000000000 0x0000000000004000 xw
ram3             0x0000000000000000 0x0000000000000000 xw
ram4             0x0000000000000000 0x0000000000000000 xw
ram5             0x0000000000000000 0x0000000000000000 xw
ram6             0x0000000000000000 0x0000000000000000 xw
ram7             0x0000000000000000 0x0000000000000000 xw
*default*        0x0000000000000000 0xffffffffffffffff

Linker script and memory map

LOAD ./build/obj/crt0_v7m.o
LOAD ./build/obj/vectors.o
LOAD ./build/obj/chcoreasm_v7m.o
LOAD /tmp/app_ax45043_driver.elf.MHP5d7.ltrans0.ltrans.o
LOAD /tmp/ccKz3Gj7.debug.temp.o
LOAD /tmp/ccTGHks6.debug.temp.o
LOAD /tmp/ccTTTGD6.debug.temp.o
LOAD /tmp/cc6a0Kb7.debug.temp.o
LOAD /tmp/ccAv0ec3.debug.temp.o
LOAD /tmp/ccDP1rL3.debug.temp.o
LOAD /tmp/ccDv03j3.debug.temp.o
LOAD /tmp/cc4hHFH5.debug.temp.o
LOAD /tmp/cckn86g4.debug.temp.o
LOAD /tmp/ccwx15q6.debug.temp.o
LOAD /tmp/ccNn7bg7.debug.temp.o
LOAD /tmp/ccbXJvJ4.debug.temp.o
LOAD /tmp/ccsbPhT3.debug.temp.o
LOAD /tmp/ccXg7fC3.debug.temp.o
LOAD /tmp/ccQp5wa7.debug.temp.o
LOAD /tmp/cclqaFK4.debug.temp.o
LOAD /tmp/ccQ0KYu7.debug.temp.o
LOAD /tmp/ccBkGux5.debug.temp.o
LOAD /tmp/cc8u4V63.debug.temp.o
LOAD /tmp/ccwe6cU5.debug.temp.o
LOAD /tmp/cccuUDN3.debug.temp.o
LOAD /tmp/ccGS5la4.debug.temp.o
LOAD /tmp/cc6B2vT5.debug.temp.o
LOAD /tmp/cclncgM4.debug.temp.o
LOAD /tmp/ccwuyce4.debug.temp.o
LOAD /tmp/ccg6FAr6.debug.temp.o
LOAD /tmp/ccewe0Y2.debug.temp.o
LOAD /tmp/ccTgaam4.debug.temp.o
LOAD /tmp/cc3dxMT3.debug.temp.o
LOAD /tmp/ccfk40Y2.debug.temp.o
LOAD /tmp/ccIMa6c4.debug.temp.o
LOAD /tmp/ccqA5UK6.debug.temp.o
LOAD /tmp/ccTn2VF5.debug.temp.o
LOAD /tmp/cc719wR3.debug.temp.o
LOAD /tmp/ccIu3GZ6.debug.temp.o
LOAD /tmp/ccYeTU96.debug.temp.o
LOAD /tmp/cc4w3ZR4.debug.temp.o
LOAD /tmp/cc9ZG5s7.debug.temp.o
LOAD /tmp/ccX8tl95.debug.temp.o
LOAD /tmp/ccJFmd85.debug.temp.o
LOAD /tmp/ccHUFRW5.debug.temp.o
LOAD /tmp/cc6aDHE5.debug.temp.o
LOAD /tmp/ccDnoZB4.debug.temp.o
LOAD /tmp/ccpfXEx7.debug.temp.o
LOAD /tmp/cc0eCbv4.debug.temp.o
LOAD /tmp/cc9ZyFM5.debug.temp.o
LOAD /tmp/ccbmcZL6.debug.temp.o
LOAD /tmp/ccuICD42.debug.temp.o
LOAD /tmp/ccCo5AS3.debug.temp.o
LOAD /tmp/ccjkN126.debug.temp.o
LOAD /tmp/ccGVEfs5.debug.temp.o
LOAD /tmp/cck1ALf5.debug.temp.o
LOAD /tmp/ccfqPtC5.debug.temp.o
LOAD /tmp/ccYf1hv7.debug.temp.o
LOAD /tmp/ccY7KLl6.debug.temp.o
LOAD /tmp/cc3Pwcf4.debug.temp.o
LOAD /tmp/ccVuzkA3.debug.temp.o
LOAD /tmp/ccS25uo7.debug.temp.o
LOAD /tmp/cccu7NW5.debug.temp.o
LOAD /tmp/ccE2mFu3.debug.temp.o
LOAD /tmp/ccZlwu25.debug.temp.o
LOAD /tmp/cc10Yod5.debug.temp.o
LOAD /tmp/ccF7gps3.debug.temp.o
LOAD /tmp/ccA6Ce05.debug.temp.o
LOAD /tmp/ccJvOY72.debug.temp.o
LOAD /tmp/ccz7tgQ3.debug.temp.o
LOAD /tmp/ccm78gQ3.debug.temp.o
LOAD /tmp/cc5HuHv3.debug.temp.o
LOAD /tmp/ccdF1dK5.debug.temp.o
LOAD /tmp/cc325OV3.debug.temp.o
LOAD /tmp/ccSFk9l7.debug.temp.o
LOAD /tmp/ccH1IW65.debug.temp.o
LOAD /tmp/ccrJ1082.debug.temp.o
LOAD /tmp/ccNk2qo7.debug.temp.o
LOAD /tmp/ccZUZCL3.debug.temp.o
LOAD /tmp/cc4a85m4.debug.temp.o

.mstack         0x0000000020000000      0x400
                0x0000000020000000                . = ALIGN (0x8)
                0x0000000020000000                __main_stack_base__ = .
                0x0000000020000400                . = (. + __main_stack_size__)
 *fill*         0x0000000020000000      0x400 
                0x0000000020000400                . = ALIGN (0x8)
                0x0000000020000400                __main_stack_end__ = .

.pstack         0x0000000020000400      0x400
                0x0000000020000400                . = ALIGN (0x8)
                0x0000000020000400                __process_stack_base__ = .
                0x0000000020000400                __main_thread_stack_base__ = .
                0x0000000020000800                . = (. + __process_stack_size__)
 *fill*         0x0000000020000400      0x400 
                0x0000000020000800                . = ALIGN (0x8)
                0x0000000020000800                __process_stack_end__ = .
                0x0000000020000800                __main_thread_stack_end__ = .

.vectors        0x0000000008000000      0x1e0
 *(.vectors)
 .vectors       0x0000000008000000      0x1e0 ./build/obj/vectors.o
                0x0000000008000000                _vectors

.xtors          0x00000000080001e0        0x0
                0x00000000080001e0                __init_array_base__ = .
 *(SORT_BY_NAME(.init_array.*))
 *(.init_array)
                0x00000000080001e0                __init_array_end__ = .
                0x00000000080001e0                __fini_array_base__ = .
 *(.fini_array)
 *(SORT_BY_NAME(.fini_array.*))
                0x00000000080001e0                __fini_array_end__ = .

.text           0x00000000080001e0     0x3074
                0x00000000080001e0                __text_base__ = .
 *(.text)
 .text          0x00000000080001e0       0xd8 ./build/obj/crt0_v7m.o
                0x00000000080001e0                _crt0_entry
 .text          0x00000000080002b8        0x8 ./build/obj/vectors.o
                0x00000000080002b8                Reset_Handler
                0x00000000080002ba                VectorE8
                0x00000000080002ba                VectorAC
                0x00000000080002ba                DebugMon_Handler
                0x00000000080002ba                Vector1A0
                0x00000000080002ba                Vector11C
                0x00000000080002ba                HardFault_Handler
                0x00000000080002ba                Vector1B8
                0x00000000080002ba                Vector19C
                0x00000000080002ba                Vector8C
                0x00000000080002ba                SysTick_Handler
                0x00000000080002ba                VectorDC
                0x00000000080002ba                PendSV_Handler
                0x00000000080002ba                Vector168
                0x00000000080002ba                NMI_Handler
                0x00000000080002ba                Vector110
                0x00000000080002ba                Vector1D8
                0x00000000080002ba                VectorC8
                0x00000000080002ba                Vector94
                0x00000000080002ba                VectorA8
                0x00000000080002ba                VectorB4
                0x00000000080002ba                Vector160
                0x00000000080002ba                Vector1B0
                0x00000000080002ba                UsageFault_Handler
                0x00000000080002ba                VectorEC
                0x00000000080002ba                Vector40
                0x00000000080002ba                VectorF8
                0x00000000080002ba                Vector108
                0x00000000080002ba                VectorBC
                0x00000000080002ba                Vector190
                0x00000000080002ba                Vector1C4
                0x00000000080002ba                Vector1CC
                0x00000000080002ba                Vector148
                0x00000000080002ba                Vector188
                0x00000000080002ba                Vector198
                0x00000000080002ba                Vector118
                0x00000000080002ba                VectorCC
                0x00000000080002ba                Vector54
                0x00000000080002ba                Vector98
                0x00000000080002ba                Vector138
                0x00000000080002ba                Vector24
                0x00000000080002ba                Vector1AC
                0x00000000080002ba                Vector178
                0x00000000080002ba                Vector1A4
                0x00000000080002ba                VectorD0
                0x00000000080002ba                Vector1B4
                0x00000000080002ba                Vector140
                0x00000000080002ba                VectorE4
                0x00000000080002ba                VectorC0
                0x00000000080002ba                Vector1C0
                0x00000000080002ba                Vector134
                0x00000000080002ba                Vector1D0
                0x00000000080002ba                VectorF0
                0x00000000080002ba                Vector13C
                0x00000000080002ba                Vector100
                0x00000000080002ba                VectorF4
                0x00000000080002ba                MemManage_Handler
                0x00000000080002ba                VectorA0
                0x00000000080002ba                VectorC4
                0x00000000080002ba                Vector180
                0x00000000080002ba                Vector90
                0x00000000080002ba                Vector114
                0x00000000080002ba                Vector164
                0x00000000080002ba                Vector1C
                0x00000000080002ba                Vector1BC
                0x00000000080002ba                Vector1D4
                0x00000000080002ba                Vector17C
                0x00000000080002ba                Vector48
                0x00000000080002ba                Vector1A8
                0x00000000080002ba                Vector16C
                0x00000000080002ba                VectorD4
                0x00000000080002ba                Vector4C
                0x00000000080002ba                Vector144
                0x00000000080002ba                Vector15C
                0x00000000080002ba                Vector170
                0x00000000080002ba                Vector88
                0x00000000080002ba                Vector104
                0x00000000080002ba                Vector184
                0x00000000080002ba                Vector10C
                0x00000000080002ba                Vector14C
                0x00000000080002ba                BusFault_Handler
                0x00000000080002ba                Vector50
                0x00000000080002ba                Vector1C8
                0x00000000080002ba                Vector194
                0x00000000080002ba                Vector1DC
                0x00000000080002ba                Vector44
                0x00000000080002ba                Vector28
                0x00000000080002ba                VectorB8
                0x00000000080002ba                Vector34
                0x00000000080002ba                VectorA4
                0x00000000080002ba                Vector20
                0x00000000080002ba                Vector18C
                0x00000000080002ba                Vector174
                0x00000000080002be                _unhandled_exception
 .text          0x00000000080002c0       0x2a ./build/obj/chcoreasm_v7m.o
                0x00000000080002c0                _port_switch
                0x00000000080002d0                _port_thread_start
                0x00000000080002e2                _port_switch_from_isr
                0x00000000080002e6                _port_exit_from_isr
 *fill*         0x00000000080002ea        0x2 
 .text          0x00000000080002ec      0x134 /usr/lib/gcc/arm-none-eabi/9.2.0/../../../../arm-none-eabi/lib/thumb/v7e-m/nofp/libg.a(lib_a-memcpy.o)
                0x00000000080002ec                memcpy
 *(.text.*)
 .text.long_to_string_with_divisor
                0x0000000008000420       0x4c /tmp/app_ax45043_driver.elf.MHP5d7.ltrans0.ltrans.o
 *fill*         0x000000000800046c        0x4 
 .text.ch_ltoa  0x0000000008000470        0xc /tmp/app_ax45043_driver.elf.MHP5d7.ltrans0.ltrans.o
 *fill*         0x000000000800047c        0x4 
 .text.chvprintf
                0x0000000008000480      0x26c /tmp/app_ax45043_driver.elf.MHP5d7.ltrans0.ltrans.o
 *fill*         0x00000000080006ec        0x4 
 .text.ax5043ObjectInit
                0x00000000080006f0       0x10 /tmp/app_ax45043_driver.elf.MHP5d7.ltrans0.ltrans.o
 .text.ax5043_set_conf_val
                0x0000000008000700       0x30 /tmp/app_ax45043_driver.elf.MHP5d7.ltrans0.ltrans.o
 .text.ax5043_get_conf_val
                0x0000000008000730       0x2c /tmp/app_ax45043_driver.elf.MHP5d7.ltrans0.ltrans.o
 *fill*         0x000000000800075c        0x4 
 .text.port_init
                0x0000000008000760       0x4c /tmp/app_ax45043_driver.elf.MHP5d7.ltrans0.ltrans.o
 *fill*         0x00000000080007ac        0x4 
 .text.chPoolObjectInitAligned
                0x00000000080007b0       0x10 /tmp/app_ax45043_driver.elf.MHP5d7.ltrans0.ltrans.o
 .text.chCoreAllocFromTopI
                0x00000000080007c0       0x2c /tmp/app_ax45043_driver.elf.MHP5d7.ltrans0.ltrans.o
 *fill*         0x00000000080007ec        0x4 
 .text.chCoreAllocAlignedI
                0x00000000080007f0        0xc /tmp/app_ax45043_driver.elf.MHP5d7.ltrans0.ltrans.o
 *fill*         0x00000000080007fc        0x4 
 .text.chCoreAllocFromTop
                0x0000000008000800       0x14 /tmp/app_ax45043_driver.elf.MHP5d7.ltrans0.ltrans.o
 *fill*         0x0000000008000814        0xc 
 .text._core_init
                0x0000000008000820       0x18 /tmp/app_ax45043_driver.elf.MHP5d7.ltrans0.ltrans.o
 *fill*         0x0000000008000838        0x8 
 .text.chMBObjectInit
                0x0000000008000840       0x24 /tmp/app_ax45043_driver.elf.MHP5d7.ltrans0.ltrans.o
 *fill*         0x0000000008000864        0xc 
 .text.chMtxObjectInit
                0x0000000008000870        0xc /tmp/app_ax45043_driver.elf.MHP5d7.ltrans0.ltrans.o
 *fill*         0x000000000800087c        0x4 
 .text._factory_init
                0x0000000008000880       0x54 /tmp/app_ax45043_driver.elf.MHP5d7.ltrans0.ltrans.o
 *fill*         0x00000000080008d4        0xc 
 .text._heap_init
                0x00000000080008e0       0x20 /tmp/app_ax45043_driver.elf.MHP5d7.ltrans0.ltrans.o
 .text.chTMStopMeasurementX
                0x0000000008000900       0x44 /tmp/app_ax45043_driver.elf.MHP5d7.ltrans0.ltrans.o
 *fill*         0x0000000008000944        0xc 
 .text.chTMStartMeasurementX
                0x0000000008000950        0xc /tmp/app_ax45043_driver.elf.MHP5d7.ltrans0.ltrans.o
 *fill*         0x000000000800095c        0x4 
 .text.chTMObjectInit
                0x0000000008000960       0x18 /tmp/app_ax45043_driver.elf.MHP5d7.ltrans0.ltrans.o
 *fill*         0x0000000008000978        0x8 
 .text._tm_init
                0x0000000008000980       0x28 /tmp/app_ax45043_driver.elf.MHP5d7.ltrans0.ltrans.o
 *fill*         0x00000000080009a8        0x8 
 .text._thread_init
                0x00000000080009b0       0x40 /tmp/app_ax45043_driver.elf.MHP5d7.ltrans0.ltrans.o
 .text.chThdCreateSuspendedI
                0x00000000080009f0       0x38 /tmp/app_ax45043_driver.elf.MHP5d7.ltrans0.ltrans.o
 *fill*         0x0000000008000a28        0x8 
 .text.chSchIsPreemptionRequired
                0x0000000008000a30       0x18 /tmp/app_ax45043_driver.elf.MHP5d7.ltrans0.ltrans.o
 *fill*         0x0000000008000a48        0x8 
 .text._port_irq_epilogue
                0x0000000008000a50       0x48 /tmp/app_ax45043_driver.elf.MHP5d7.ltrans0.ltrans.o
 *fill*         0x0000000008000a98        0x8 
 .text.chSchReadyAheadI
                0x0000000008000aa0       0x24 /tmp/app_ax45043_driver.elf.MHP5d7.ltrans0.ltrans.o
 *fill*         0x0000000008000ac4        0xc 
 .text.chSchReadyI
                0x0000000008000ad0       0x24 /tmp/app_ax45043_driver.elf.MHP5d7.ltrans0.ltrans.o
 *fill*         0x0000000008000af4        0xc 
 .text.chEvtSignalI
                0x0000000008000b00       0x30 /tmp/app_ax45043_driver.elf.MHP5d7.ltrans0.ltrans.o
 .text.chEvtBroadcastFlagsI
                0x0000000008000b30       0x2c /tmp/app_ax45043_driver.elf.MHP5d7.ltrans0.ltrans.o
 *fill*         0x0000000008000b5c        0x4 
 .text.chThdDequeueAllI
                0x0000000008000b60       0x1c /tmp/app_ax45043_driver.elf.MHP5d7.ltrans0.ltrans.o
 *fill*         0x0000000008000b7c        0x4 
 .text.chThdDequeueNextI
                0x0000000008000b80       0x18 /tmp/app_ax45043_driver.elf.MHP5d7.ltrans0.ltrans.o
 *fill*         0x0000000008000b98        0x8 
 .text.chThdResumeI
                0x0000000008000ba0       0x14 /tmp/app_ax45043_driver.elf.MHP5d7.ltrans0.ltrans.o
 *fill*         0x0000000008000bb4        0xc 
 .text.wakeup   0x0000000008000bc0       0x50 /tmp/app_ax45043_driver.elf.MHP5d7.ltrans0.ltrans.o
 .text._scheduler_init
                0x0000000008000c10       0x14 /tmp/app_ax45043_driver.elf.MHP5d7.ltrans0.ltrans.o
 *fill*         0x0000000008000c24        0xc 
 .text._vt_init
                0x0000000008000c30       0x1c /tmp/app_ax45043_driver.elf.MHP5d7.ltrans0.ltrans.o
 *fill*         0x0000000008000c4c        0x4 
 .text.chSysHalt
                0x0000000008000c50        0xc /tmp/app_ax45043_driver.elf.MHP5d7.ltrans0.ltrans.o
 *fill*         0x0000000008000c5c        0x4 
 .text._idle_thread
                0x0000000008000c60        0x4 /tmp/app_ax45043_driver.elf.MHP5d7.ltrans0.ltrans.o
 *fill*         0x0000000008000c64        0xc 
 .text.gpio_init
                0x0000000008000c70       0x20 /tmp/app_ax45043_driver.elf.MHP5d7.ltrans0.ltrans.o
 .text.stm32_gpio_init
                0x0000000008000c90       0xa4 /tmp/app_ax45043_driver.elf.MHP5d7.ltrans0.ltrans.o
 *fill*         0x0000000008000d34        0xc 
 .text.notify2  0x0000000008000d40       0x10 /tmp/app_ax45043_driver.elf.MHP5d7.ltrans0.ltrans.o
 .text.set_error
                0x0000000008000d50       0x38 /tmp/app_ax45043_driver.elf.MHP5d7.ltrans0.ltrans.o
 *fill*         0x0000000008000d88        0x8 
 .text.usart_init
                0x0000000008000d90       0x8c /tmp/app_ax45043_driver.elf.MHP5d7.ltrans0.ltrans.o
 *fill*         0x0000000008000e1c        0x4 
 .text.spi_lld_exchange
                0x0000000008000e20       0x50 /tmp/app_ax45043_driver.elf.MHP5d7.ltrans0.ltrans.o
 .text.spi_lld_serve_rx_interrupt
                0x0000000008000e70       0xcc /tmp/app_ax45043_driver.elf.MHP5d7.ltrans0.ltrans.o
 *fill*         0x0000000008000f3c        0x4 
 .text.spi_lld_serve_tx_interrupt
                0x0000000008000f40       0x14 /tmp/app_ax45043_driver.elf.MHP5d7.ltrans0.ltrans.o
 *fill*         0x0000000008000f54        0xc 
 .text._pal_lld_enablepadevent
                0x0000000008000f60       0x80 /tmp/app_ax45043_driver.elf.MHP5d7.ltrans0.ltrans.o
 .text._pal_lld_init
                0x0000000008000fe0       0x1c /tmp/app_ax45043_driver.elf.MHP5d7.ltrans0.ltrans.o
 *fill*         0x0000000008000ffc        0x4 
 .text.dmaInit  0x0000000008001000       0x44 /tmp/app_ax45043_driver.elf.MHP5d7.ltrans0.ltrans.o
 *fill*         0x0000000008001044        0xc 
 .text.stm32_clock_init
                0x0000000008001050      0x18c /tmp/app_ax45043_driver.elf.MHP5d7.ltrans0.ltrans.o
 *fill*         0x00000000080011dc        0x4 
 .text.hal_lld_backup_domain_init
                0x00000000080011e0       0x38 /tmp/app_ax45043_driver.elf.MHP5d7.ltrans0.ltrans.o
 *fill*         0x0000000008001218        0x8 
 .text.nvicEnableVector
                0x0000000008001220       0x28 /tmp/app_ax45043_driver.elf.MHP5d7.ltrans0.ltrans.o
 *fill*         0x0000000008001248        0x8 
 .text.sd_lld_start
                0x0000000008001250       0x4c /tmp/app_ax45043_driver.elf.MHP5d7.ltrans0.ltrans.o
 *fill*         0x000000000800129c        0x4 
 .text.st_lld_init
                0x00000000080012a0       0x54 /tmp/app_ax45043_driver.elf.MHP5d7.ltrans0.ltrans.o
 *fill*         0x00000000080012f4        0xc 
 .text.dmaStreamAllocI
                0x0000000008001300       0xc8 /tmp/app_ax45043_driver.elf.MHP5d7.ltrans0.ltrans.o
 *fill*         0x00000000080013c8        0x8 
 .text.spi_lld_start
                0x00000000080013d0      0x130 /tmp/app_ax45043_driver.elf.MHP5d7.ltrans0.ltrans.o
 .text.irqInit  0x0000000008001500       0x3c /tmp/app_ax45043_driver.elf.MHP5d7.ltrans0.ltrans.o
 *fill*         0x000000000800153c        0x4 
 .text.hal_lld_init
                0x0000000008001540       0x64 /tmp/app_ax45043_driver.elf.MHP5d7.ltrans0.ltrans.o
 *fill*         0x00000000080015a4        0xc 
 .text.spiStartExchange
                0x00000000080015b0       0x18 /tmp/app_ax45043_driver.elf.MHP5d7.ltrans0.ltrans.o
 *fill*         0x00000000080015c8        0x8 
 .text.spiUnselect
                0x00000000080015d0       0x1c /tmp/app_ax45043_driver.elf.MHP5d7.ltrans0.ltrans.o
 *fill*         0x00000000080015ec        0x4 
 .text.spiSelect
                0x00000000080015f0       0x1c /tmp/app_ax45043_driver.elf.MHP5d7.ltrans0.ltrans.o
 *fill*         0x000000000800160c        0x4 
 .text.ax5043_read_reg
                0x0000000008001610       0x74 /tmp/app_ax45043_driver.elf.MHP5d7.ltrans0.ltrans.o
 *fill*         0x0000000008001684        0xc 
 .text.axradio_get_pllvcoi
                0x0000000008001690       0x80 /tmp/app_ax45043_driver.elf.MHP5d7.ltrans0.ltrans.o
 .text.ax5043_readfifo
                0x0000000008001710       0x40 /tmp/app_ax45043_driver.elf.MHP5d7.ltrans0.ltrans.o
 .text.receive_loop
                0x0000000008001750      0x1f0 /tmp/app_ax45043_driver.elf.MHP5d7.ltrans0.ltrans.o
 .text.ax5043_write_reg
                0x0000000008001940       0x78 /tmp/app_ax45043_driver.elf.MHP5d7.ltrans0.ltrans.o
 *fill*         0x00000000080019b8        0x8 
 .text.ax5043_init_registers_common
                0x00000000080019c0       0x80 /tmp/app_ax45043_driver.elf.MHP5d7.ltrans0.ltrans.o
 .text.ax5043_set_regs_group
                0x0000000008001a40       0x5c /tmp/app_ax45043_driver.elf.MHP5d7.ltrans0.ltrans.o
 *fill*         0x0000000008001a9c        0x4 
 .text.ax5043_set_pwrmode
                0x0000000008001aa0       0x48 /tmp/app_ax45043_driver.elf.MHP5d7.ltrans0.ltrans.o
 *fill*         0x0000000008001ae8        0x8 
 .text.ax5043_prepare_cw
                0x0000000008001af0       0xd4 /tmp/app_ax45043_driver.elf.MHP5d7.ltrans0.ltrans.o
 *fill*         0x0000000008001bc4        0xc 
 .text.ax5043_prepare_rx
                0x0000000008001bd0       0x9c /tmp/app_ax45043_driver.elf.MHP5d7.ltrans0.ltrans.o
 *fill*         0x0000000008001c6c        0x4 
 .text.spiStart
                0x0000000008001c70       0x1c /tmp/app_ax45043_driver.elf.MHP5d7.ltrans0.ltrans.o
 *fill*         0x0000000008001c8c        0x4 
 .text.spiObjectInit
                0x0000000008001c90       0x14 /tmp/app_ax45043_driver.elf.MHP5d7.ltrans0.ltrans.o
 *fill*         0x0000000008001ca4        0xc 
 .text.spi_lld_init
                0x0000000008001cb0       0x50 /tmp/app_ax45043_driver.elf.MHP5d7.ltrans0.ltrans.o
 .text.spiInit  0x0000000008001d00        0x8 /tmp/app_ax45043_driver.elf.MHP5d7.ltrans0.ltrans.o
 *fill*         0x0000000008001d08        0x8 
 .text.sdStart  0x0000000008001d10       0x1c /tmp/app_ax45043_driver.elf.MHP5d7.ltrans0.ltrans.o
 *fill*         0x0000000008001d2c        0x4 
 .text._ctl     0x0000000008001d30        0x4 /tmp/app_ax45043_driver.elf.MHP5d7.ltrans0.ltrans.o
 *fill*         0x0000000008001d34        0xc 
 .text.oqGetI   0x0000000008001d40       0x40 /tmp/app_ax45043_driver.elf.MHP5d7.ltrans0.ltrans.o
 .text.oqObjectInit
                0x0000000008001d80       0x18 /tmp/app_ax45043_driver.elf.MHP5d7.ltrans0.ltrans.o
 *fill*         0x0000000008001d98        0x8 
 .text.iqPutI   0x0000000008001da0       0x40 /tmp/app_ax45043_driver.elf.MHP5d7.ltrans0.ltrans.o
 .text.sdIncomingDataI
                0x0000000008001de0       0x30 /tmp/app_ax45043_driver.elf.MHP5d7.ltrans0.ltrans.o
 .text.serve_interrupt
                0x0000000008001e10       0xec /tmp/app_ax45043_driver.elf.MHP5d7.ltrans0.ltrans.o
 *fill*         0x0000000008001efc        0x4 
 .text.iqObjectInit
                0x0000000008001f00       0x20 /tmp/app_ax45043_driver.elf.MHP5d7.ltrans0.ltrans.o
 .text.sdObjectInit
                0x0000000008001f20       0x40 /tmp/app_ax45043_driver.elf.MHP5d7.ltrans0.ltrans.o
 .text.sd_lld_init
                0x0000000008001f60       0x20 /tmp/app_ax45043_driver.elf.MHP5d7.ltrans0.ltrans.o
 .text.sdInit   0x0000000008001f80        0x8 /tmp/app_ax45043_driver.elf.MHP5d7.ltrans0.ltrans.o
 *fill*         0x0000000008001f88        0x8 
 .text.stGetCounter
                0x0000000008001f90        0x8 /tmp/app_ax45043_driver.elf.MHP5d7.ltrans0.ltrans.o
 *fill*         0x0000000008001f98        0x8 
 .text.stSetAlarm
                0x0000000008001fa0        0x8 /tmp/app_ax45043_driver.elf.MHP5d7.ltrans0.ltrans.o
 *fill*         0x0000000008001fa8        0x8 
 .text.stStopAlarm
                0x0000000008001fb0        0xc /tmp/app_ax45043_driver.elf.MHP5d7.ltrans0.ltrans.o
 *fill*         0x0000000008001fbc        0x4 
 .text.chVTDoResetI
                0x0000000008001fc0       0x84 /tmp/app_ax45043_driver.elf.MHP5d7.ltrans0.ltrans.o
 *fill*         0x0000000008002044        0xc 
 .text.chSysTimerHandlerI
                0x0000000008002050       0x90 /tmp/app_ax45043_driver.elf.MHP5d7.ltrans0.ltrans.o
 .text.st_lld_serve_interrupt
                0x00000000080020e0       0x2c /tmp/app_ax45043_driver.elf.MHP5d7.ltrans0.ltrans.o
 *fill*         0x000000000800210c        0x4 
 .text.stStartAlarm
                0x0000000008002110       0x10 /tmp/app_ax45043_driver.elf.MHP5d7.ltrans0.ltrans.o
 .text.chVTDoSetI
                0x0000000008002120       0x88 /tmp/app_ax45043_driver.elf.MHP5d7.ltrans0.ltrans.o
 *fill*         0x00000000080021a8        0x8 
 .text.stInit   0x00000000080021b0        0x8 /tmp/app_ax45043_driver.elf.MHP5d7.ltrans0.ltrans.o
 *fill*         0x00000000080021b8        0x8 
 .text.halInit  0x00000000080021c0       0x18 /tmp/app_ax45043_driver.elf.MHP5d7.ltrans0.ltrans.o
 *fill*         0x00000000080021d8        0x8 
 .text.chprintf
                0x00000000080021e0       0x1c /tmp/app_ax45043_driver.elf.MHP5d7.ltrans0.ltrans.o
 *fill*         0x00000000080021fc        0x4 
 .text.chSchWakeupS
                0x0000000008002200       0x38 /tmp/app_ax45043_driver.elf.MHP5d7.ltrans0.ltrans.o
 *fill*         0x0000000008002238        0x8 
 .text.chThdCreate
                0x0000000008002240       0x20 /tmp/app_ax45043_driver.elf.MHP5d7.ltrans0.ltrans.o
 .text.chSysInit
                0x0000000008002260       0x54 /tmp/app_ax45043_driver.elf.MHP5d7.ltrans0.ltrans.o
 *fill*         0x00000000080022b4        0xc 
 .text.chSchGoSleepS
                0x00000000080022c0       0x24 /tmp/app_ax45043_driver.elf.MHP5d7.ltrans0.ltrans.o
 *fill*         0x00000000080022e4        0xc 
 .text.chThdExitS
                0x00000000080022f0       0x44 /tmp/app_ax45043_driver.elf.MHP5d7.ltrans0.ltrans.o
 *fill*         0x0000000008002334        0xc 
 .text.chSchGoSleepTimeoutS
                0x0000000008002340       0x40 /tmp/app_ax45043_driver.elf.MHP5d7.ltrans0.ltrans.o
 .text.chThdEnqueueTimeoutS
                0x0000000008002380       0x24 /tmp/app_ax45043_driver.elf.MHP5d7.ltrans0.ltrans.o
 *fill*         0x00000000080023a4        0xc 
 .text.palWaitLineTimeoutS
                0x00000000080023b0       0x18 /tmp/app_ax45043_driver.elf.MHP5d7.ltrans0.ltrans.o
 *fill*         0x00000000080023c8        0x8 
 .text.palWaitLineTimeout
                0x00000000080023d0       0x14 /tmp/app_ax45043_driver.elf.MHP5d7.ltrans0.ltrans.o
 *fill*         0x00000000080023e4        0xc 
 .text.oqPutTimeout
                0x00000000080023f0       0x50 /tmp/app_ax45043_driver.elf.MHP5d7.ltrans0.ltrans.o
 .text._putt    0x0000000008002440        0xc /tmp/app_ax45043_driver.elf.MHP5d7.ltrans0.ltrans.o
 *fill*         0x000000000800244c        0x4 
 .text._put     0x0000000008002450       0x10 /tmp/app_ax45043_driver.elf.MHP5d7.ltrans0.ltrans.o
 .text.iqGetTimeout
                0x0000000008002460       0x50 /tmp/app_ax45043_driver.elf.MHP5d7.ltrans0.ltrans.o
 .text._gett    0x00000000080024b0        0xc /tmp/app_ax45043_driver.elf.MHP5d7.ltrans0.ltrans.o
 *fill*         0x00000000080024bc        0x4 
 .text._get     0x00000000080024c0       0x10 /tmp/app_ax45043_driver.elf.MHP5d7.ltrans0.ltrans.o
 .text.chThdSleep
                0x00000000080024d0       0x18 /tmp/app_ax45043_driver.elf.MHP5d7.ltrans0.ltrans.o
 *fill*         0x00000000080024e8        0x8 
 .text.main_loop
                0x00000000080024f0       0x7c /tmp/app_ax45043_driver.elf.MHP5d7.ltrans0.ltrans.o
 *fill*         0x000000000800256c        0x4 
 .text.ax5043_prepare_tx
                0x0000000008002570       0x94 /tmp/app_ax45043_driver.elf.MHP5d7.ltrans0.ltrans.o
 *fill*         0x0000000008002604        0xc 
 .text.ax5043_reset
                0x0000000008002610       0xbc /tmp/app_ax45043_driver.elf.MHP5d7.ltrans0.ltrans.o
 *fill*         0x00000000080026cc        0x4 
 .text.ax5043_init
                0x00000000080026d0      0x1b4 /tmp/app_ax45043_driver.elf.MHP5d7.ltrans0.ltrans.o
 *fill*         0x0000000008002884        0xc 
 .text.ax5043Start
                0x0000000008002890       0x58 /tmp/app_ax45043_driver.elf.MHP5d7.ltrans0.ltrans.o
 *fill*         0x00000000080028e8        0x8 
 .text.app_init
                0x00000000080028f0       0x60 /tmp/app_ax45043_driver.elf.MHP5d7.ltrans0.ltrans.o
 .text.oq_write
                0x0000000008002950       0x68 /tmp/app_ax45043_driver.elf.MHP5d7.ltrans0.ltrans.o
 *fill*         0x00000000080029b8        0x8 
 .text.oqWriteTimeout
                0x00000000080029c0       0x64 /tmp/app_ax45043_driver.elf.MHP5d7.ltrans0.ltrans.o
 *fill*         0x0000000008002a24        0xc 
 .text._writet  0x0000000008002a30        0xc /tmp/app_ax45043_driver.elf.MHP5d7.ltrans0.ltrans.o
 *fill*         0x0000000008002a3c        0x4 
 .text._write   0x0000000008002a40       0x10 /tmp/app_ax45043_driver.elf.MHP5d7.ltrans0.ltrans.o
 .text.iq_read  0x0000000008002a50       0x68 /tmp/app_ax45043_driver.elf.MHP5d7.ltrans0.ltrans.o
 *fill*         0x0000000008002ab8        0x8 
 .text.iqReadTimeout
                0x0000000008002ac0       0x64 /tmp/app_ax45043_driver.elf.MHP5d7.ltrans0.ltrans.o
 *fill*         0x0000000008002b24        0xc 
 .text._readt   0x0000000008002b30        0xc /tmp/app_ax45043_driver.elf.MHP5d7.ltrans0.ltrans.o
 *fill*         0x0000000008002b3c        0x4 
 .text._read    0x0000000008002b40       0x10 /tmp/app_ax45043_driver.elf.MHP5d7.ltrans0.ltrans.o
 .text.main     0x0000000008002b50       0x1c /tmp/app_ax45043_driver.elf.MHP5d7.ltrans0.ltrans.o
                0x0000000008002b50                main
 *fill*         0x0000000008002b6c        0x4 
 .text.SVC_Handler
                0x0000000008002b70       0x14 /tmp/app_ax45043_driver.elf.MHP5d7.ltrans0.ltrans.o
                0x0000000008002b70                SVC_Handler
 *fill*         0x0000000008002b84        0xc 
 .text.chThdExit
                0x0000000008002b90       0x10 /tmp/app_ax45043_driver.elf.MHP5d7.ltrans0.ltrans.o
                0x0000000008002b90                chThdExit
 .text.chSchDoReschedule
                0x0000000008002ba0       0x28 /tmp/app_ax45043_driver.elf.MHP5d7.ltrans0.ltrans.o
                0x0000000008002ba0                chSchDoReschedule
 *fill*         0x0000000008002bc8        0x8 
 .text.__early_init
                0x0000000008002bd0        0xc /tmp/app_ax45043_driver.elf.MHP5d7.ltrans0.ltrans.o
                0x0000000008002bd0                __early_init
 *fill*         0x0000000008002bdc        0x4 
 .text.VectorD8
                0x0000000008002be0       0x14 /tmp/app_ax45043_driver.elf.MHP5d7.ltrans0.ltrans.o
                0x0000000008002be0                VectorD8
 *fill*         0x0000000008002bf4        0xc 
 .text.VectorB0
                0x0000000008002c00        0xc /tmp/app_ax45043_driver.elf.MHP5d7.ltrans0.ltrans.o
                0x0000000008002c00                VectorB0
 *fill*         0x0000000008002c0c        0x4 
 .text.Vector158
                0x0000000008002c10       0x2c /tmp/app_ax45043_driver.elf.MHP5d7.ltrans0.ltrans.o
                0x0000000008002c10                Vector158
 *fill*         0x0000000008002c3c        0x4 
 .text.Vector154
                0x0000000008002c40       0x2c /tmp/app_ax45043_driver.elf.MHP5d7.ltrans0.ltrans.o
                0x0000000008002c40                Vector154
 *fill*         0x0000000008002c6c        0x4 
 .text.Vector150
                0x0000000008002c70       0x2c /tmp/app_ax45043_driver.elf.MHP5d7.ltrans0.ltrans.o
                0x0000000008002c70                Vector150
 *fill*         0x0000000008002c9c        0x4 
 .text.Vector130
                0x0000000008002ca0       0x28 /tmp/app_ax45043_driver.elf.MHP5d7.ltrans0.ltrans.o
                0x0000000008002ca0                Vector130
 *fill*         0x0000000008002cc8        0x8 
 .text.Vector12C
                0x0000000008002cd0       0x2c /tmp/app_ax45043_driver.elf.MHP5d7.ltrans0.ltrans.o
                0x0000000008002cd0                Vector12C
 *fill*         0x0000000008002cfc        0x4 
 .text.Vector128
                0x0000000008002d00       0x2c /tmp/app_ax45043_driver.elf.MHP5d7.ltrans0.ltrans.o
                0x0000000008002d00                Vector128
 *fill*         0x0000000008002d2c        0x4 
 .text.Vector124
                0x0000000008002d30       0x2c /tmp/app_ax45043_driver.elf.MHP5d7.ltrans0.ltrans.o
                0x0000000008002d30                Vector124
 *fill*         0x0000000008002d5c        0x4 
 .text.Vector120
                0x0000000008002d60       0x28 /tmp/app_ax45043_driver.elf.MHP5d7.ltrans0.ltrans.o
                0x0000000008002d60                Vector120
 *fill*         0x0000000008002d88        0x8 
 .text.VectorFC
                0x0000000008002d90       0x2c /tmp/app_ax45043_driver.elf.MHP5d7.ltrans0.ltrans.o
                0x0000000008002d90                VectorFC
 *fill*         0x0000000008002dbc        0x4 
 .text.Vector84
                0x0000000008002dc0       0x2c /tmp/app_ax45043_driver.elf.MHP5d7.ltrans0.ltrans.o
                0x0000000008002dc0                Vector84
 *fill*         0x0000000008002dec        0x4 
 .text.Vector80
                0x0000000008002df0       0x2c /tmp/app_ax45043_driver.elf.MHP5d7.ltrans0.ltrans.o
                0x0000000008002df0                Vector80
 *fill*         0x0000000008002e1c        0x4 
 .text.Vector7C
                0x0000000008002e20       0x28 /tmp/app_ax45043_driver.elf.MHP5d7.ltrans0.ltrans.o
                0x0000000008002e20                Vector7C
 *fill*         0x0000000008002e48        0x8 
 .text.Vector78
                0x0000000008002e50       0x2c /tmp/app_ax45043_driver.elf.MHP5d7.ltrans0.ltrans.o
                0x0000000008002e50                Vector78
 *fill*         0x0000000008002e7c        0x4 
 .text.Vector74
                0x0000000008002e80       0x2c /tmp/app_ax45043_driver.elf.MHP5d7.ltrans0.ltrans.o
                0x0000000008002e80                Vector74
 *fill*         0x0000000008002eac        0x4 
 .text.Vector70
                0x0000000008002eb0       0x2c /tmp/app_ax45043_driver.elf.MHP5d7.ltrans0.ltrans.o
                0x0000000008002eb0                Vector70
 *fill*         0x0000000008002edc        0x4 
 .text.Vector6C
                0x0000000008002ee0       0x28 /tmp/app_ax45043_driver.elf.MHP5d7.ltrans0.ltrans.o
                0x0000000008002ee0                Vector6C
 *fill*         0x0000000008002f08        0x8 
 .text.VectorE0
                0x0000000008002f10       0xdc /tmp/app_ax45043_driver.elf.MHP5d7.ltrans0.ltrans.o
                0x0000000008002f10                VectorE0
 *fill*         0x0000000008002fec        0x4 
 .text.Vector9C
                0x0000000008002ff0       0xbc /tmp/app_ax45043_driver.elf.MHP5d7.ltrans0.ltrans.o
                0x0000000008002ff0                Vector9C
 *fill*         0x00000000080030ac        0x4 
 .text.Vector68
                0x00000000080030b0       0x38 /tmp/app_ax45043_driver.elf.MHP5d7.ltrans0.ltrans.o
                0x00000000080030b0                Vector68
 *fill*         0x00000000080030e8        0x8 
 .text.Vector64
                0x00000000080030f0       0x38 /tmp/app_ax45043_driver.elf.MHP5d7.ltrans0.ltrans.o
                0x00000000080030f0                Vector64
 *fill*         0x0000000008003128        0x8 
 .text.Vector60
                0x0000000008003130       0x38 /tmp/app_ax45043_driver.elf.MHP5d7.ltrans0.ltrans.o
                0x0000000008003130                Vector60
 *fill*         0x0000000008003168        0x8 
 .text.Vector5C
                0x0000000008003170       0x38 /tmp/app_ax45043_driver.elf.MHP5d7.ltrans0.ltrans.o
                0x0000000008003170                Vector5C
 *fill*         0x00000000080031a8        0x8 
 .text.Vector58
                0x00000000080031b0       0x38 /tmp/app_ax45043_driver.elf.MHP5d7.ltrans0.ltrans.o
                0x00000000080031b0                Vector58
 *fill*         0x00000000080031e8        0x8 
 .text.__init_ram_areas
                0x00000000080031f0       0x38 /tmp/app_ax45043_driver.elf.MHP5d7.ltrans0.ltrans.o
                0x00000000080031f0                __init_ram_areas
 *fill*         0x0000000008003228        0x8 
 .text.__default_exit
                0x0000000008003230        0x4 /tmp/app_ax45043_driver.elf.MHP5d7.ltrans0.ltrans.o
                0x0000000008003230                __default_exit
 *fill*         0x0000000008003234        0xc 
 .text.__late_init
                0x0000000008003240        0x4 /tmp/app_ax45043_driver.elf.MHP5d7.ltrans0.ltrans.o
                0x0000000008003240                __late_init
 *fill*         0x0000000008003244        0xc 
 .text.__core_init
                0x0000000008003250        0x4 /tmp/app_ax45043_driver.elf.MHP5d7.ltrans0.ltrans.o
                0x0000000008003250                __core_init
 *(.glue_7t)
 .glue_7t       0x0000000008003254        0x0 linker stubs
 *(.glue_7)
 .glue_7        0x0000000008003254        0x0 linker stubs
 *(.gcc*)
                0x0000000008003254                __text_end__ = .

.vfp11_veneer   0x0000000008003254        0x0
 .vfp11_veneer  0x0000000008003254        0x0 linker stubs

.v4_bx          0x0000000008003254        0x0
 .v4_bx         0x0000000008003254        0x0 linker stubs

.iplt           0x0000000008003254        0x0
 .iplt          0x0000000008003254        0x0 ./build/obj/crt0_v7m.o

.rodata         0x0000000008003254      0x330
                0x0000000008003254                __rodata_base__ = .
 *(.rodata)
 .rodata        0x0000000008003254        0x3 /tmp/app_ax45043_driver.elf.MHP5d7.ltrans0.ltrans.o
 *(.rodata.*)
 *fill*         0x0000000008003257        0x1 
 .rodata.chvprintf.str1.4
                0x0000000008003258        0x7 /tmp/app_ax45043_driver.elf.MHP5d7.ltrans0.ltrans.o
 *fill*         0x000000000800325f        0x1 
 .rodata.spi_lld_serve_rx_interrupt.str1.4
                0x0000000008003260        0xc /tmp/app_ax45043_driver.elf.MHP5d7.ltrans0.ltrans.o
 .rodata.main_loop.str1.4
                0x000000000800326c       0x5f /tmp/app_ax45043_driver.elf.MHP5d7.ltrans0.ltrans.o
 *fill*         0x00000000080032cb        0x1 
 .rodata.str1.4
                0x00000000080032cc        0x5 /tmp/app_ax45043_driver.elf.MHP5d7.ltrans0.ltrans.o
 *fill*         0x00000000080032d1        0x3 
 .rodata._stm32_dma_streams
                0x00000000080032d4       0xc0 /tmp/app_ax45043_driver.elf.MHP5d7.ltrans0.ltrans.o
 .rodata.ch_debug
                0x0000000008003394       0x16 /tmp/app_ax45043_driver.elf.MHP5d7.ltrans0.ltrans.o
 *fill*         0x00000000080033aa        0x2 
 .rodata.default_config
                0x00000000080033ac        0xc /tmp/app_ax45043_driver.elf.MHP5d7.ltrans0.ltrans.o
 .rodata.gpio_default_config
                0x00000000080033b8       0xe0 /tmp/app_ax45043_driver.elf.MHP5d7.ltrans0.ltrans.o
 .rodata.idle_descriptor.7244
                0x0000000008003498       0x18 /tmp/app_ax45043_driver.elf.MHP5d7.ltrans0.ltrans.o
 .rodata.ram_areas
                0x00000000080034b0       0x80 /tmp/app_ax45043_driver.elf.MHP5d7.ltrans0.ltrans.o
 .rodata.spicfg_rx
                0x0000000008003530       0x14 /tmp/app_ax45043_driver.elf.MHP5d7.ltrans0.ltrans.o
 .rodata.spicfg_tx
                0x0000000008003544       0x14 /tmp/app_ax45043_driver.elf.MHP5d7.ltrans0.ltrans.o
 .rodata.vmt    0x0000000008003558       0x28 /tmp/app_ax45043_driver.elf.MHP5d7.ltrans0.ltrans.o
 .rodata.vmt_device
                0x0000000008003580        0x4 /tmp/app_ax45043_driver.elf.MHP5d7.ltrans0.ltrans.o
                0x0000000008003584                . = ALIGN (0x4)
                0x0000000008003584                __rodata_end__ = .

.rel.dyn        0x0000000008003584        0x0
 .rel.iplt      0x0000000008003584        0x0 ./build/obj/crt0_v7m.o

.ARM.extab
 *(.ARM.extab* .gnu.linkonce.armextab.*)

.ARM.exidx      0x0000000008003584        0x0
                0x0000000008003584                __exidx_base__ = .
 *(.ARM.exidx* .gnu.linkonce.armexidx.*)
                0x0000000008003584                __exidx_end__ = .

.eh_frame_hdr
 *(.eh_frame_hdr)

.eh_frame
 *(.eh_frame)

.data           0x0000000020000800      0x3fc load address 0x0000000008003584
                [!provide]                        PROVIDE (_textdata = LOADADDR (.data))
                [!provide]                        PROVIDE (_data = .)
                0x0000000008003584                __textdata_base__ = LOADADDR (.data)
                0x0000000020000800                __data_base__ = .
 *(.data)
 *(.data.*)
 .data.axcfg1   0x0000000020000800       0x18 /tmp/app_ax45043_driver.elf.MHP5d7.ltrans0.ltrans.o
 .data.conf_values
                0x0000000020000818      0x178 /tmp/app_ax45043_driver.elf.MHP5d7.ltrans0.ltrans.o
 .data.reg_values
                0x0000000020000990      0x260 /tmp/app_ax45043_driver.elf.MHP5d7.ltrans0.ltrans.o
 .data.ser_cfg  0x0000000020000bf0        0xc /tmp/app_ax45043_driver.elf.MHP5d7.ltrans0.ltrans.o
 *(.ramtext)
                0x0000000020000bfc                . = ALIGN (0x4)
                [!provide]                        PROVIDE (_edata = .)
                0x0000000020000bfc                __data_end__ = .

.igot.plt       0x0000000020000bfc        0x0 load address 0x0000000008003980
 .igot.plt      0x0000000020000bfc        0x0 ./build/obj/crt0_v7m.o

.bss            0x0000000020000c00      0x610 load address 0x0000000008003980
                0x0000000020000c00                __bss_base__ = .
 *(.bss)
 *(.bss.*)
 .bss.SD2       0x0000000020000c00       0x7c /tmp/app_ax45043_driver.elf.MHP5d7.ltrans0.ltrans.o
 .bss.SPID1     0x0000000020000c7c       0x30 /tmp/app_ax45043_driver.elf.MHP5d7.ltrans0.ltrans.o
 .bss.SPID2     0x0000000020000cac       0x30 /tmp/app_ax45043_driver.elf.MHP5d7.ltrans0.ltrans.o
 .bss._pal_events
                0x0000000020000cdc       0x80 /tmp/app_ax45043_driver.elf.MHP5d7.ltrans0.ltrans.o
 .bss.axd1      0x0000000020000d5c      0x10c /tmp/app_ax45043_driver.elf.MHP5d7.ltrans0.ltrans.o
 .bss.axradio_rxbuffer
                0x0000000020000e68      0x100 /tmp/app_ax45043_driver.elf.MHP5d7.ltrans0.ltrans.o
 .bss.ch        0x0000000020000f68       0x78 /tmp/app_ax45043_driver.elf.MHP5d7.ltrans0.ltrans.o
 .bss.ch_factory
                0x0000000020000fe0       0x48 /tmp/app_ax45043_driver.elf.MHP5d7.ltrans0.ltrans.o
 .bss.ch_idle_thread_wa
                0x0000000020001028       0xd8 /tmp/app_ax45043_driver.elf.MHP5d7.ltrans0.ltrans.o
 .bss.ch_memcore
                0x0000000020001100        0x8 /tmp/app_ax45043_driver.elf.MHP5d7.ltrans0.ltrans.o
 .bss.default_heap
                0x0000000020001108       0x1c /tmp/app_ax45043_driver.elf.MHP5d7.ltrans0.ltrans.o
 .bss.dma       0x0000000020001124       0x84 /tmp/app_ax45043_driver.elf.MHP5d7.ltrans0.ltrans.o
 .bss.radio1_rx_mb
                0x00000000200011a8       0x28 /tmp/app_ax45043_driver.elf.MHP5d7.ltrans0.ltrans.o
 .bss.radio1_rx_queue
                0x00000000200011d0       0x40 /tmp/app_ax45043_driver.elf.MHP5d7.ltrans0.ltrans.o
 *(COMMON)
                0x0000000020001210                . = ALIGN (0x4)
                0x0000000020001210                __bss_end__ = .
                [!provide]                        PROVIDE (end = .)
                0x0000000020000000                __ram0_base__ = ORIGIN (ram0)
                0x0000000000020000                __ram0_size__ = LENGTH (ram0)
                0x0000000020020000                __ram0_end__ = (__ram0_base__ + __ram0_size__)
                0x0000000020000000                __ram1_base__ = ORIGIN (ram1)
                0x000000000001c000                __ram1_size__ = LENGTH (ram1)
                0x000000002001c000                __ram1_end__ = (__ram1_base__ + __ram1_size__)
                0x0000000000000000                __ram2_base__ = ORIGIN (ram2)
                0x0000000000004000                __ram2_size__ = LENGTH (ram2)
                0x0000000000004000                __ram2_end__ = (__ram2_base__ + __ram2_size__)
                0x0000000000000000                __ram3_base__ = ORIGIN (ram3)
                0x0000000000000000                __ram3_size__ = LENGTH (ram3)
                0x0000000000000000                __ram3_end__ = (__ram3_base__ + __ram3_size__)
                0x0000000000000000                __ram4_base__ = ORIGIN (ram4)
                0x0000000000000000                __ram4_size__ = LENGTH (ram4)
                0x0000000000000000                __ram4_end__ = (__ram4_base__ + __ram4_size__)
                0x0000000000000000                __ram5_base__ = ORIGIN (ram5)
                0x0000000000000000                __ram5_size__ = LENGTH (ram5)
                0x0000000000000000                __ram5_end__ = (__ram5_base__ + __ram5_size__)
                0x0000000000000000                __ram6_base__ = ORIGIN (ram6)
                0x0000000000000000                __ram6_size__ = LENGTH (ram6)
                0x0000000000000000                __ram6_end__ = (__ram6_base__ + __ram6_size__)
                0x0000000000000000                __ram7_base__ = ORIGIN (ram7)
                0x0000000000000000                __ram7_size__ = LENGTH (ram7)
                0x0000000000000000                __ram7_end__ = (__ram7_base__ + __ram7_size__)
                0x0000000008000000                __flash0_base__ = ORIGIN (flash0)
                0x0000000000080000                __flash0_size__ = LENGTH (flash0)
                0x0000000008080000                __flash0_end__ = (__flash0_base__ + __flash0_size__)
                0x0000000000000000                __flash1_base__ = ORIGIN (flash1)
                0x0000000000000000                __flash1_size__ = LENGTH (flash1)
                0x0000000000000000                __flash1_end__ = (__flash1_base__ + __flash1_size__)
                0x0000000000000000                __flash2_base__ = ORIGIN (flash2)
                0x0000000000000000                __flash2_size__ = LENGTH (flash2)
                0x0000000000000000                __flash2_end__ = (__flash2_base__ + __flash2_size__)
                0x0000000000000000                __flash3_base__ = ORIGIN (flash3)
                0x0000000000000000                __flash3_size__ = LENGTH (flash3)
                0x0000000000000000                __flash3_end__ = (__flash3_base__ + __flash3_size__)
                0x0000000000000000                __flash4_base__ = ORIGIN (flash4)
                0x0000000000000000                __flash4_size__ = LENGTH (flash4)
                0x0000000000000000                __flash4_end__ = (__flash4_base__ + __flash4_size__)
                0x0000000000000000                __flash5_base__ = ORIGIN (flash5)
                0x0000000000000000                __flash5_size__ = LENGTH (flash5)
                0x0000000000000000                __flash5_end__ = (__flash5_base__ + __flash5_size__)
                0x0000000000000000                __flash6_base__ = ORIGIN (flash6)
                0x0000000000000000                __flash6_size__ = LENGTH (flash6)
                0x0000000000000000                __flash6_end__ = (__flash6_base__ + __flash6_size__)
                0x0000000000000000                __flash7_base__ = ORIGIN (flash7)
                0x0000000000000000                __flash7_size__ = LENGTH (flash7)
                0x0000000000000000                __flash7_end__ = (__flash7_base__ + __flash7_size__)

.ram0_init      0x0000000020001210        0x0 load address 0x0000000008003980
                0x0000000008003980                __ram0_init_text__ = LOADADDR (.ram0_init)
                0x0000000020001210                __ram0_init__ = .
 *(.ram0_init)
 *(.ram0_init.*)
                0x0000000020001210                . = ALIGN (0x4)

.ram0           0x0000000020001210        0x0 load address 0x0000000008003980
                0x0000000020001210                __ram0_clear__ = .
 *(.ram0_clear)
 *(.ram0_clear.*)
                0x0000000020001210                . = ALIGN (0x4)
                0x0000000020001210                __ram0_noinit__ = .
 *(.ram0)
 *(.ram0.*)
                0x0000000020001210                . = ALIGN (0x4)
                0x0000000020001210                __ram0_free__ = .

.ram1_init      0x0000000020000000        0x0 load address 0x0000000008003980
                0x0000000008003980                __ram1_init_text__ = LOADADDR (.ram1_init)
                0x0000000020000000                __ram1_init__ = .
 *(.ram1_init)
 *(.ram1_init.*)
                0x0000000020000000                . = ALIGN (0x4)

.ram1           0x0000000020000000        0x0 load address 0x0000000008003980
                0x0000000020000000                __ram1_clear__ = .
 *(.ram1_clear)
 *(.ram1_clear.*)
                0x0000000020000000                . = ALIGN (0x4)
                0x0000000020000000                __ram1_noinit__ = .
 *(.ram1)
 *(.ram1.*)
                0x0000000020000000                . = ALIGN (0x4)
                0x0000000020000000                __ram1_free__ = .

.ram2_init      0x0000000000000000        0x0 load address 0x0000000008003980
                0x0000000008003980                __ram2_init_text__ = LOADADDR (.ram2_init)
                0x0000000000000000                __ram2_init__ = .
 *(.ram2_init)
 *(.ram2_init.*)
                0x0000000000000000                . = ALIGN (0x4)

.ram2           0x0000000000000000        0x0 load address 0x0000000008003980
                0x0000000000000000                __ram2_clear__ = .
 *(.ram2_clear)
 *(.ram2_clear.*)
                0x0000000000000000                . = ALIGN (0x4)
                0x0000000000000000                __ram2_noinit__ = .
 *(.ram2)
 *(.ram2.*)
                0x0000000000000000                . = ALIGN (0x4)
                0x0000000000000000                __ram2_free__ = .

.ram3_init      0x0000000000000000        0x0 load address 0x0000000008003980
                0x0000000008003980                __ram3_init_text__ = LOADADDR (.ram3_init)
                0x0000000000000000                __ram3_init__ = .
 *(.ram3_init)
 *(.ram3_init.*)
                0x0000000000000000                . = ALIGN (0x4)

.ram3           0x0000000000000000        0x0 load address 0x0000000008003980
                0x0000000000000000                __ram3_clear__ = .
 *(.ram3_clear)
 *(.ram3_clear.*)
                0x0000000000000000                . = ALIGN (0x4)
                0x0000000000000000                __ram3_noinit__ = .
 *(.ram3)
 *(.ram3.*)
                0x0000000000000000                . = ALIGN (0x4)
                0x0000000000000000                __ram3_free__ = .

.ram4_init      0x0000000000000000        0x0 load address 0x0000000008003980
                0x0000000008003980                __ram4_init_text__ = LOADADDR (.ram4_init)
                0x0000000000000000                __ram4_init__ = .
 *(.ram4_init)
 *(.ram4_init.*)
                0x0000000000000000                . = ALIGN (0x4)

.ram4           0x0000000000000000        0x0 load address 0x0000000008003980
                0x0000000000000000                __ram4_clear__ = .
 *(.ram4_clear)
 *(.ram4_clear.*)
                0x0000000000000000                . = ALIGN (0x4)
                0x0000000000000000                __ram4_noinit__ = .
 *(.ram4)
 *(.ram4.*)
                0x0000000000000000                . = ALIGN (0x4)
                0x0000000000000000                __ram4_free__ = .

.ram5_init      0x0000000000000000        0x0 load address 0x0000000008003980
                0x0000000008003980                __ram5_init_text__ = LOADADDR (.ram5_init)
                0x0000000000000000                __ram5_init__ = .
 *(.ram5_init)
 *(.ram5_init.*)
                0x0000000000000000                . = ALIGN (0x4)

.ram5           0x0000000000000000        0x0 load address 0x0000000008003980
                0x0000000000000000                __ram5_clear__ = .
 *(.ram5_clear)
 *(.ram5_clear.*)
                0x0000000000000000                . = ALIGN (0x4)
                0x0000000000000000                __ram5_noinit__ = .
 *(.ram5)
 *(.ram5.*)
                0x0000000000000000                . = ALIGN (0x4)
                0x0000000000000000                __ram5_free__ = .

.ram6_init      0x0000000000000000        0x0 load address 0x0000000008003980
                0x0000000008003980                __ram6_init_text__ = LOADADDR (.ram6_init)
                0x0000000000000000                __ram6_init__ = .
 *(.ram6_init)
 *(.ram6_init.*)
                0x0000000000000000                . = ALIGN (0x4)

.ram6           0x0000000000000000        0x0 load address 0x0000000008003980
                0x0000000000000000                __ram6_clear__ = .
 *(.ram6_clear)
 *(.ram6_clear.*)
                0x0000000000000000                . = ALIGN (0x4)
                0x0000000000000000                __ram6_noinit__ = .
 *(.ram6)
 *(.ram6.*)
                0x0000000000000000                . = ALIGN (0x4)
                0x0000000000000000                __ram6_free__ = .

.ram7_init      0x0000000000000000        0x0 load address 0x0000000008003980
                0x0000000008003980                __ram7_init_text__ = LOADADDR (.ram7_init)
                0x0000000000000000                __ram7_init__ = .
 *(.ram7_init)
 *(.ram7_init.*)
                0x0000000000000000                . = ALIGN (0x4)

.ram7           0x0000000000000000        0x0 load address 0x0000000008003980
                0x0000000000000000                __ram7_clear__ = .
 *(.ram7_clear)
 *(.ram7_clear.*)
                0x0000000000000000                . = ALIGN (0x4)
                0x0000000000000000                __ram7_noinit__ = .
 *(.ram7)
 *(.ram7.*)
                0x0000000000000000                . = ALIGN (0x4)
                0x0000000000000000                __ram7_free__ = .

.flash0         0x0000000008003980        0x0
                0x0000000008003980                __flash0_init__ = .
 *(.flash0_init)
 *(.flash0_init.*)
                0x0000000008003980                __flash0_free__ = .

.flash1         0x0000000000000000        0x0
                0x0000000000000000                __flash1_init__ = .
 *(.flash1_init)
 *(.flash1_init.*)
                0x0000000000000000                __flash1_free__ = .

.flash2         0x0000000000000000        0x0
                0x0000000000000000                __flash2_init__ = .
 *(.flash2_init)
 *(.flash2_init.*)
                0x0000000000000000                __flash2_free__ = .

.flash3         0x0000000000000000        0x0
                0x0000000000000000                __flash3_init__ = .
 *(.flash3_init)
 *(.flash3_init.*)
                0x0000000000000000                __flash3_free__ = .

.flash4         0x0000000000000000        0x0
                0x0000000000000000                __flash4_init__ = .
 *(.flash4_init)
 *(.flash4_init.*)
                0x0000000000000000                __flash4_free__ = .

.flash5         0x0000000000000000        0x0
                0x0000000000000000                __flash5_init__ = .
 *(.flash5_init)
 *(.flash5_init.*)
                0x0000000000000000                __flash5_free__ = .

.flash6         0x0000000000000000        0x0
                0x0000000000000000                __flash6_init__ = .
 *(.flash6_init)
 *(.flash6_init.*)
                0x0000000000000000                __flash6_free__ = .

.flash7         0x0000000000000000        0x0
                0x0000000000000000                __flash7_init__ = .
 *(.flash7_init)
 *(.flash7_init.*)
                0x0000000000000000                __flash7_free__ = .

.heap           0x0000000020001210    0x1edf0
                0x0000000020001210                . = ALIGN (0x8)
                0x0000000020001210                __heap_base__ = .
                0x0000000020020000                . = (ORIGIN (HEAP_RAM) + LENGTH (HEAP_RAM))
 *fill*         0x0000000020001210    0x1edf0 
                0x0000000020020000                __heap_end__ = .
                0x0000000000000400                __process_stack_size__ = 0x400
                0x0000000000000400                __main_stack_size__ = 0x400
START GROUP
LOAD /usr/lib/gcc/arm-none-eabi/9.2.0/thumb/v7e-m/nofp/libgcc.a
LOAD /usr/lib/gcc/arm-none-eabi/9.2.0/../../../../arm-none-eabi/lib/thumb/v7e-m/nofp/libg.a
LOAD /usr/lib/gcc/arm-none-eabi/9.2.0/../../../../arm-none-eabi/lib/thumb/v7e-m/nofp/libc.a
END GROUP
OUTPUT(build/app_ax45043_driver.elf elf32-littlearm)

.ARM.attributes
                0x0000000000000000       0x2f
 .ARM.attributes
                0x0000000000000000       0x21 ./build/obj/crt0_v7m.o
 .ARM.attributes
                0x0000000000000021       0x21 ./build/obj/vectors.o
 .ARM.attributes
                0x0000000000000042       0x21 ./build/obj/chcoreasm_v7m.o
 .ARM.attributes
                0x0000000000000063       0x2c /tmp/app_ax45043_driver.elf.MHP5d7.ltrans0.ltrans.o
 .ARM.attributes
                0x000000000000008f       0x1c /usr/lib/gcc/arm-none-eabi/9.2.0/../../../../arm-none-eabi/lib/thumb/v7e-m/nofp/libg.a(lib_a-memcpy.o)

.comment        0x0000000000000000       0x1d
 .comment       0x0000000000000000       0x1d /tmp/app_ax45043_driver.elf.MHP5d7.ltrans0.ltrans.o
                                         0x1e (size before relaxing)

.debug_line     0x0000000000000000     0xeda5
 .debug_line    0x0000000000000000       0xca ./build/obj/crt0_v7m.o
 .debug_line    0x00000000000000ca       0x74 ./build/obj/vectors.o
 .debug_line    0x000000000000013e       0x8b ./build/obj/chcoreasm_v7m.o
 .debug_line    0x00000000000001c9     0x6339 /tmp/app_ax45043_driver.elf.MHP5d7.ltrans0.ltrans.o
 .debug_line    0x0000000000006502      0x140 /tmp/ccKz3Gj7.debug.temp.o
 .debug_line    0x0000000000006642      0x471 /tmp/ccTGHks6.debug.temp.o
 .debug_line    0x0000000000006ab3      0x493 /tmp/ccTTTGD6.debug.temp.o
 .debug_line    0x0000000000006f46      0x4c9 /tmp/cc6a0Kb7.debug.temp.o
 .debug_line    0x000000000000740f      0x4b7 /tmp/ccAv0ec3.debug.temp.o
 .debug_line    0x00000000000078c6      0x486 /tmp/ccDP1rL3.debug.temp.o
 .debug_line    0x0000000000007d4c      0x484 /tmp/cc4hHFH5.debug.temp.o
 .debug_line    0x00000000000081d0      0x487 /tmp/cckn86g4.debug.temp.o
 .debug_line    0x0000000000008657      0x484 /tmp/ccwx15q6.debug.temp.o
 .debug_line    0x0000000000008adb      0x457 /tmp/ccNn7bg7.debug.temp.o
 .debug_line    0x0000000000008f32      0x498 /tmp/ccbXJvJ4.debug.temp.o
 .debug_line    0x00000000000093ca      0x45c /tmp/ccsbPhT3.debug.temp.o
 .debug_line    0x0000000000009826      0x46d /tmp/ccQp5wa7.debug.temp.o
 .debug_line    0x0000000000009c93      0x46f /tmp/ccQ0KYu7.debug.temp.o
 .debug_line    0x000000000000a102      0x46f /tmp/ccBkGux5.debug.temp.o
 .debug_line    0x000000000000a571      0x4a8 /tmp/cc8u4V63.debug.temp.o
 .debug_line    0x000000000000aa19      0x472 /tmp/ccwe6cU5.debug.temp.o
 .debug_line    0x000000000000ae8b      0x463 /tmp/cccuUDN3.debug.temp.o
 .debug_line    0x000000000000b2ee      0x2eb /tmp/cc6B2vT5.debug.temp.o
 .debug_line    0x000000000000b5d9      0x2c1 /tmp/ccg6FAr6.debug.temp.o
 .debug_line    0x000000000000b89a      0x2c0 /tmp/ccewe0Y2.debug.temp.o
 .debug_line    0x000000000000bb5a      0x2e4 /tmp/ccTgaam4.debug.temp.o
 .debug_line    0x000000000000be3e      0x2a5 /tmp/cc3dxMT3.debug.temp.o
 .debug_line    0x000000000000c0e3      0x2ea /tmp/ccfk40Y2.debug.temp.o
 .debug_line    0x000000000000c3cd      0x2b5 /tmp/ccqA5UK6.debug.temp.o
 .debug_line    0x000000000000c682      0x2c6 /tmp/cc719wR3.debug.temp.o
 .debug_line    0x000000000000c948      0x2d8 /tmp/ccYeTU96.debug.temp.o
 .debug_line    0x000000000000cc20      0x2d8 /tmp/cc4w3ZR4.debug.temp.o
 .debug_line    0x000000000000cef8      0x2bc /tmp/cc9ZG5s7.debug.temp.o
 .debug_line    0x000000000000d1b4      0x2be /tmp/ccX8tl95.debug.temp.o
 .debug_line    0x000000000000d472      0x2bd /tmp/ccJFmd85.debug.temp.o
 .debug_line    0x000000000000d72f      0x2f4 /tmp/ccDnoZB4.debug.temp.o
 .debug_line    0x000000000000da23      0x309 /tmp/ccpfXEx7.debug.temp.o
 .debug_line    0x000000000000dd2c      0x2d4 /tmp/cc9ZyFM5.debug.temp.o
 .debug_line    0x000000000000e000      0x47d /tmp/ccbmcZL6.debug.temp.o
 .debug_line    0x000000000000e47d      0x48e /tmp/ccuICD42.debug.temp.o
 .debug_line    0x000000000000e90b      0x49a /tmp/cc4a85m4.debug.temp.o

.debug_info     0x0000000000000000    0x374cb
 .debug_info    0x0000000000000000       0x26 ./build/obj/crt0_v7m.o
 .debug_info    0x0000000000000026       0x26 ./build/obj/vectors.o
 .debug_info    0x000000000000004c       0x26 ./build/obj/chcoreasm_v7m.o
 .debug_info    0x0000000000000072     0x7918 /tmp/app_ax45043_driver.elf.MHP5d7.ltrans0.ltrans.o
 .debug_info    0x000000000000798a      0x35d /tmp/ccKz3Gj7.debug.temp.o
                0x000000000000798a                crt1.c.d8f913d0
 .debug_info    0x0000000000007ce7     0x130a /tmp/ccTGHks6.debug.temp.o
                0x0000000000007ce7                hal.c.75a29cf6
 .debug_info    0x0000000000008ff1     0x1567 /tmp/ccTTTGD6.debug.temp.o
                0x0000000000008ff1                hal_st.c.71bbe6ea
 .debug_info    0x000000000000a558     0x2348 /tmp/cc6a0Kb7.debug.temp.o
                0x000000000000a558                hal_buffers.c.ab40430d
 .debug_info    0x000000000000c8a0     0x2161 /tmp/ccAv0ec3.debug.temp.o
                0x000000000000c8a0                hal_queues.c.2dec4344
 .debug_info    0x000000000000ea01     0x16cd /tmp/ccDP1rL3.debug.temp.o
                0x000000000000ea01                hal_flash.c.a5fedeb1
 .debug_info    0x00000000000100ce     0x15bd /tmp/cc4hHFH5.debug.temp.o
                0x00000000000100ce                hal_pal.c.8b4b1a54
 .debug_info    0x000000000001168b     0x17e0 /tmp/cckn86g4.debug.temp.o
                0x000000000001168b                hal_serial.c.3a3518d6
 .debug_info    0x0000000000012e6b     0x17ec /tmp/ccwx15q6.debug.temp.o
                0x0000000000012e6b                hal_spi.c.84a78f9e
 .debug_info    0x0000000000014657     0x1676 /tmp/ccNn7bg7.debug.temp.o
                0x0000000000014657                nvic.c.533cc192
 .debug_info    0x0000000000015ccd     0x16ec /tmp/ccbXJvJ4.debug.temp.o
                0x0000000000015ccd                stm32_isr.c.eb59e5d2
 .debug_info    0x00000000000173b9     0x17e5 /tmp/ccsbPhT3.debug.temp.o
                0x00000000000173b9                hal_lld.c.7b5c6362
 .debug_info    0x0000000000018b9e     0x1954 /tmp/ccQp5wa7.debug.temp.o
                0x0000000000018b9e                stm32_dma.c.a5c693a6
 .debug_info    0x000000000001a4f2     0x1699 /tmp/ccQ0KYu7.debug.temp.o
                0x000000000001a4f2                hal_pal_lld.c.914ddf03
 .debug_info    0x000000000001bb8b     0x1826 /tmp/ccBkGux5.debug.temp.o
                0x000000000001bb8b                hal_spi_lld.c.c678729c
 .debug_info    0x000000000001d3b1     0x174a /tmp/cc8u4V63.debug.temp.o
                0x000000000001d3b1                hal_st_lld.c.f38b9d15
 .debug_info    0x000000000001eafb     0x1743 /tmp/ccwe6cU5.debug.temp.o
                0x000000000001eafb                hal_serial_lld.c.2e314d42
 .debug_info    0x000000000002023e     0x1645 /tmp/cccuUDN3.debug.temp.o
                0x000000000002023e                board.c.01b10a37
 .debug_info    0x0000000000021883      0xff6 /tmp/cc6B2vT5.debug.temp.o
                0x0000000000021883                chsys.c.a3d509ab
 .debug_info    0x0000000000022879      0xc00 /tmp/ccg6FAr6.debug.temp.o
                0x0000000000022879                chvt.c.cc5c31c6
 .debug_info    0x0000000000023479      0xd4d /tmp/ccewe0Y2.debug.temp.o
                0x0000000000023479                chschd.c.49e791ab
 .debug_info    0x00000000000241c6     0x12dc /tmp/ccTgaam4.debug.temp.o
                0x00000000000241c6                chthreads.c.281804cf
 .debug_info    0x00000000000254a2      0xcdd /tmp/cc3dxMT3.debug.temp.o
                0x00000000000254a2                chtm.c.48628cd0
 .debug_info    0x000000000002617f     0x1435 /tmp/ccfk40Y2.debug.temp.o
                0x000000000002617f                chregistry.c.8e83456b
 .debug_info    0x00000000000275b4      0xdb0 /tmp/ccqA5UK6.debug.temp.o
                0x00000000000275b4                chmtx.c.6562cf48
 .debug_info    0x0000000000028364      0xf98 /tmp/cc719wR3.debug.temp.o
                0x0000000000028364                chevents.c.d515f053
 .debug_info    0x00000000000292fc      0xd07 /tmp/ccYeTU96.debug.temp.o
                0x00000000000292fc                chdynamic.c.20279aa4
 .debug_info    0x000000000002a003      0xf02 /tmp/cc4w3ZR4.debug.temp.o
                0x000000000002a003                chmboxes.c.1e542565
 .debug_info    0x000000000002af05      0xc2e /tmp/cc9ZG5s7.debug.temp.o
                0x000000000002af05                chmemcore.c.6e15a076
 .debug_info    0x000000000002bb33      0xd24 /tmp/ccX8tl95.debug.temp.o
                0x000000000002bb33                chmemheaps.c.6a58d9c2
 .debug_info    0x000000000002c857      0xdd9 /tmp/ccJFmd85.debug.temp.o
                0x000000000002c857                chmempools.c.3a7cef05
 .debug_info    0x000000000002d630      0xe59 /tmp/ccDnoZB4.debug.temp.o
                0x000000000002d630                chdelegates.c.fc5ccfe2
 .debug_info    0x000000000002e489     0x1ce1 /tmp/ccpfXEx7.debug.temp.o
                0x000000000002e489                chfactory.c.ff1e9219
 .debug_info    0x000000000003016a     0x1b7a /tmp/cc9ZyFM5.debug.temp.o
                0x000000000003016a                chcore_v7m.c.a2840278
 .debug_info    0x0000000000031ce4     0x2835 /tmp/ccbmcZL6.debug.temp.o
                0x0000000000031ce4                ax5043.c.19fb8783
 .debug_info    0x0000000000034519     0x16e7 /tmp/ccuICD42.debug.temp.o
                0x0000000000034519                chprintf.c.0801c3ea
 .debug_info    0x0000000000035c00     0x18cb /tmp/cc4a85m4.debug.temp.o
                0x0000000000035c00                main.c.3a7dbc8d

.debug_abbrev   0x0000000000000000     0x5c4b
 .debug_abbrev  0x0000000000000000       0x14 ./build/obj/crt0_v7m.o
 .debug_abbrev  0x0000000000000014       0x14 ./build/obj/vectors.o
 .debug_abbrev  0x0000000000000028       0x14 ./build/obj/chcoreasm_v7m.o
 .debug_abbrev  0x000000000000003c      0x21a /tmp/app_ax45043_driver.elf.MHP5d7.ltrans0.ltrans.o
 .debug_abbrev  0x0000000000000256       0xff /tmp/ccKz3Gj7.debug.temp.o
 .debug_abbrev  0x0000000000000355      0x1c9 /tmp/ccTGHks6.debug.temp.o
 .debug_abbrev  0x000000000000051e      0x24f /tmp/ccTTTGD6.debug.temp.o
 .debug_abbrev  0x000000000000076d      0x317 /tmp/cc6a0Kb7.debug.temp.o
 .debug_abbrev  0x0000000000000a84      0x32a /tmp/ccAv0ec3.debug.temp.o
 .debug_abbrev  0x0000000000000dae      0x219 /tmp/ccDP1rL3.debug.temp.o
 .debug_abbrev  0x0000000000000fc7      0x26e /tmp/cc4hHFH5.debug.temp.o
 .debug_abbrev  0x0000000000001235      0x29a /tmp/cckn86g4.debug.temp.o
 .debug_abbrev  0x00000000000014cf      0x26e /tmp/ccwx15q6.debug.temp.o
 .debug_abbrev  0x000000000000173d      0x230 /tmp/ccNn7bg7.debug.temp.o
 .debug_abbrev  0x000000000000196d      0x232 /tmp/ccbXJvJ4.debug.temp.o
 .debug_abbrev  0x0000000000001b9f      0x1fd /tmp/ccsbPhT3.debug.temp.o
 .debug_abbrev  0x0000000000001d9c      0x28a /tmp/ccQp5wa7.debug.temp.o
 .debug_abbrev  0x0000000000002026      0x244 /tmp/ccQ0KYu7.debug.temp.o
 .debug_abbrev  0x000000000000226a      0x27b /tmp/ccBkGux5.debug.temp.o
 .debug_abbrev  0x00000000000024e5      0x218 /tmp/cc8u4V63.debug.temp.o
 .debug_abbrev  0x00000000000026fd      0x280 /tmp/ccwe6cU5.debug.temp.o
 .debug_abbrev  0x000000000000297d      0x209 /tmp/cccuUDN3.debug.temp.o
 .debug_abbrev  0x0000000000002b86      0x34f /tmp/cc6B2vT5.debug.temp.o
 .debug_abbrev  0x0000000000002ed5      0x291 /tmp/ccg6FAr6.debug.temp.o
 .debug_abbrev  0x0000000000003166      0x2ad /tmp/ccewe0Y2.debug.temp.o
 .debug_abbrev  0x0000000000003413      0x2c4 /tmp/ccTgaam4.debug.temp.o
 .debug_abbrev  0x00000000000036d7      0x1e0 /tmp/cc3dxMT3.debug.temp.o
 .debug_abbrev  0x00000000000038b7      0x2ae /tmp/ccfk40Y2.debug.temp.o
 .debug_abbrev  0x0000000000003b65      0x27e /tmp/ccqA5UK6.debug.temp.o
 .debug_abbrev  0x0000000000003de3      0x284 /tmp/cc719wR3.debug.temp.o
 .debug_abbrev  0x0000000000004067      0x20b /tmp/ccYeTU96.debug.temp.o
 .debug_abbrev  0x0000000000004272      0x253 /tmp/cc4w3ZR4.debug.temp.o
 .debug_abbrev  0x00000000000044c5      0x22d /tmp/cc9ZG5s7.debug.temp.o
 .debug_abbrev  0x00000000000046f2      0x270 /tmp/ccX8tl95.debug.temp.o
 .debug_abbrev  0x0000000000004962      0x273 /tmp/ccJFmd85.debug.temp.o
 .debug_abbrev  0x0000000000004bd5      0x259 /tmp/ccDnoZB4.debug.temp.o
 .debug_abbrev  0x0000000000004e2e      0x2f5 /tmp/ccpfXEx7.debug.temp.o
 .debug_abbrev  0x0000000000005123      0x2f4 /tmp/cc9ZyFM5.debug.temp.o
 .debug_abbrev  0x0000000000005417      0x323 /tmp/ccbmcZL6.debug.temp.o
 .debug_abbrev  0x000000000000573a      0x29d /tmp/ccuICD42.debug.temp.o
 .debug_abbrev  0x00000000000059d7      0x274 /tmp/cc4a85m4.debug.temp.o

.debug_aranges  0x0000000000000000      0x578
 .debug_aranges
                0x0000000000000000       0x20 ./build/obj/crt0_v7m.o
 .debug_aranges
                0x0000000000000020       0x20 ./build/obj/vectors.o
 .debug_aranges
                0x0000000000000040       0x20 ./build/obj/chcoreasm_v7m.o
 .debug_aranges
                0x0000000000000060      0x518 /tmp/app_ax45043_driver.elf.MHP5d7.ltrans0.ltrans.o

.debug_str      0x0000000000000000     0x4874
 .debug_str     0x0000000000000000       0x8f ./build/obj/crt0_v7m.o
 .debug_str     0x000000000000008f       0x3f ./build/obj/vectors.o
                                         0x8e (size before relaxing)
 .debug_str     0x00000000000000ce       0x43 ./build/obj/chcoreasm_v7m.o
                                         0x92 (size before relaxing)
 .debug_str     0x0000000000000111      0x129 /tmp/app_ax45043_driver.elf.MHP5d7.ltrans0.ltrans.o
                                        0x17e (size before relaxing)
 .debug_str     0x000000000000023a      0x411 /tmp/ccKz3Gj7.debug.temp.o
                                        0x4b3 (size before relaxing)
 .debug_str     0x000000000000064b      0x79e /tmp/ccTGHks6.debug.temp.o
                                        0xa6d (size before relaxing)
 .debug_str     0x0000000000000de9      0x133 /tmp/ccTTTGD6.debug.temp.o
                                        0xb70 (size before relaxing)
 .debug_str     0x0000000000000f1c      0x6d1 /tmp/cc6a0Kb7.debug.temp.o
                                       0x116a (size before relaxing)
 .debug_str     0x00000000000015ed       0xcc /tmp/ccAv0ec3.debug.temp.o
                                        0xfe2 (size before relaxing)
 .debug_str     0x00000000000016b9      0x273 /tmp/ccDP1rL3.debug.temp.o
                                        0xcd3 (size before relaxing)
 .debug_str     0x000000000000192c       0xcf /tmp/cc4hHFH5.debug.temp.o
                                        0xba7 (size before relaxing)
 .debug_str     0x00000000000019fb      0x138 /tmp/cckn86g4.debug.temp.o
                                        0xbef (size before relaxing)
 .debug_str     0x0000000000001b33      0x15d /tmp/ccwx15q6.debug.temp.o
                                        0xc1e (size before relaxing)
 .debug_str     0x0000000000001c90      0x140 /tmp/ccNn7bg7.debug.temp.o
                                        0xb86 (size before relaxing)
 .debug_str     0x0000000000001dd0      0x62e /tmp/ccbXJvJ4.debug.temp.o
                                       0x10c7 (size before relaxing)
 .debug_str     0x00000000000023fe      0x1b3 /tmp/ccsbPhT3.debug.temp.o
                                        0xc80 (size before relaxing)
 .debug_str     0x00000000000025b1      0x177 /tmp/ccQp5wa7.debug.temp.o
                                        0xd47 (size before relaxing)
 .debug_str     0x0000000000002728      0x128 /tmp/ccQ0KYu7.debug.temp.o
                                        0xc19 (size before relaxing)
 .debug_str     0x0000000000002850      0x123 /tmp/ccBkGux5.debug.temp.o
                                        0xd5c (size before relaxing)
 .debug_str     0x0000000000002973       0x7d /tmp/cc8u4V63.debug.temp.o
                                        0xcdb (size before relaxing)
 .debug_str     0x00000000000029f0       0x96 /tmp/ccwe6cU5.debug.temp.o
                                        0xcdf (size before relaxing)
 .debug_str     0x0000000000002a86       0xcd /tmp/cccuUDN3.debug.temp.o
                                        0xc5d (size before relaxing)
 .debug_str     0x0000000000002b53      0x301 /tmp/cc6B2vT5.debug.temp.o
                                        0xabb (size before relaxing)
 .debug_str     0x0000000000002e54       0x6d /tmp/ccg6FAr6.debug.temp.o
                                        0x7fb (size before relaxing)
 .debug_str     0x0000000000002ec1      0x14d /tmp/ccewe0Y2.debug.temp.o
                                        0x8ad (size before relaxing)
 .debug_str     0x000000000000300e      0x272 /tmp/ccTgaam4.debug.temp.o
                                        0xa2d (size before relaxing)
 .debug_str     0x0000000000003280       0xbe /tmp/cc3dxMT3.debug.temp.o
                                        0x853 (size before relaxing)
 .debug_str     0x000000000000333e       0xa6 /tmp/ccfk40Y2.debug.temp.o
                                        0xba2 (size before relaxing)
 .debug_str     0x00000000000033e4       0xbe /tmp/ccqA5UK6.debug.temp.o
                                        0x80b (size before relaxing)
 .debug_str     0x00000000000034a2      0x1a2 /tmp/cc719wR3.debug.temp.o
                                        0x915 (size before relaxing)
 .debug_str     0x0000000000003644       0x9f /tmp/ccYeTU96.debug.temp.o
                                        0x7ee (size before relaxing)
 .debug_str     0x00000000000036e3      0x113 /tmp/cc4w3ZR4.debug.temp.o
                                        0x869 (size before relaxing)
 .debug_str     0x00000000000037f6       0xa3 /tmp/cc9ZG5s7.debug.temp.o
                                        0x7b9 (size before relaxing)
 .debug_str     0x0000000000003899       0xa1 /tmp/ccX8tl95.debug.temp.o
                                        0x7ce (size before relaxing)
 .debug_str     0x000000000000393a      0x141 /tmp/ccJFmd85.debug.temp.o
                                        0x86a (size before relaxing)
 .debug_str     0x0000000000003a7b      0x180 /tmp/ccDnoZB4.debug.temp.o
                                        0x8a0 (size before relaxing)
 .debug_str     0x0000000000003bfb      0x3e1 /tmp/ccpfXEx7.debug.temp.o
                                        0xf61 (size before relaxing)
 .debug_str     0x0000000000003fdc      0x12a /tmp/cc9ZyFM5.debug.temp.o
                                       0x12cd (size before relaxing)
 .debug_str     0x0000000000004106      0x5c9 /tmp/ccbmcZL6.debug.temp.o
                                       0x147a (size before relaxing)
 .debug_str     0x00000000000046cf      0x133 /tmp/ccuICD42.debug.temp.o
                                        0xba5 (size before relaxing)
 .debug_str     0x0000000000004802       0x72 /tmp/cc4a85m4.debug.temp.o
                                        0xde9 (size before relaxing)

.debug_loc      0x0000000000000000     0x50e8
 .debug_loc     0x0000000000000000     0x50e8 /tmp/app_ax45043_driver.elf.MHP5d7.ltrans0.ltrans.o

.debug_ranges   0x0000000000000000     0x17d0
 .debug_ranges  0x0000000000000000     0x17d0 /tmp/app_ax45043_driver.elf.MHP5d7.ltrans0.ltrans.o

.debug_frame    0x0000000000000000      0xfa4
 .debug_frame   0x0000000000000000      0xfa4 /tmp/app_ax45043_driver.elf.MHP5d7.ltrans0.ltrans.o

Cross Reference Table

Symbol                                            File
BusFault_Handler                                  ./build/obj/vectors.o
DebugMon_Handler                                  ./build/obj/vectors.o
HardFault_Handler                                 ./build/obj/vectors.o
MemManage_Handler                                 ./build/obj/vectors.o
NMI_Handler                                       ./build/obj/vectors.o
PendSV_Handler                                    ./build/obj/vectors.o
Reset_Handler                                     ./build/obj/vectors.o
SD2                                               ./build/obj/hal_serial_lld.o (symbol from plugin)
                                                  ./build/obj/main.o (symbol from plugin)
SPID1                                             ./build/obj/hal_spi_lld.o (symbol from plugin)
                                                  ./build/obj/main.o (symbol from plugin)
SPID2                                             ./build/obj/hal_spi_lld.o (symbol from plugin)
                                                  ./build/obj/main.o (symbol from plugin)
                                                  ./build/obj/ax5043.o (symbol from plugin)
SVC_Handler                                       /tmp/app_ax45043_driver.elf.MHP5d7.ltrans0.ltrans.o
                                                  ./build/obj/chcore_v7m.o (symbol from plugin)
                                                  ./build/obj/vectors.o
SysTick_Handler                                   ./build/obj/vectors.o
SystemCoreClock                                   ./build/obj/hal_lld.o (symbol from plugin)
UsageFault_Handler                                ./build/obj/vectors.o
Vector100                                         ./build/obj/vectors.o
Vector104                                         ./build/obj/vectors.o
Vector108                                         ./build/obj/vectors.o
Vector10C                                         ./build/obj/vectors.o
Vector110                                         ./build/obj/vectors.o
Vector114                                         ./build/obj/vectors.o
Vector118                                         ./build/obj/vectors.o
Vector11C                                         ./build/obj/vectors.o
Vector120                                         /tmp/app_ax45043_driver.elf.MHP5d7.ltrans0.ltrans.o
                                                  ./build/obj/stm32_dma.o (symbol from plugin)
                                                  ./build/obj/vectors.o
Vector124                                         /tmp/app_ax45043_driver.elf.MHP5d7.ltrans0.ltrans.o
                                                  ./build/obj/stm32_dma.o (symbol from plugin)
                                                  ./build/obj/vectors.o
Vector128                                         /tmp/app_ax45043_driver.elf.MHP5d7.ltrans0.ltrans.o
                                                  ./build/obj/stm32_dma.o (symbol from plugin)
                                                  ./build/obj/vectors.o
Vector12C                                         /tmp/app_ax45043_driver.elf.MHP5d7.ltrans0.ltrans.o
                                                  ./build/obj/stm32_dma.o (symbol from plugin)
                                                  ./build/obj/vectors.o
Vector130                                         /tmp/app_ax45043_driver.elf.MHP5d7.ltrans0.ltrans.o
                                                  ./build/obj/stm32_dma.o (symbol from plugin)
                                                  ./build/obj/vectors.o
Vector134                                         ./build/obj/vectors.o
Vector138                                         ./build/obj/vectors.o
Vector13C                                         ./build/obj/vectors.o
Vector140                                         ./build/obj/vectors.o
Vector144                                         ./build/obj/vectors.o
Vector148                                         ./build/obj/vectors.o
Vector14C                                         ./build/obj/vectors.o
Vector150                                         /tmp/app_ax45043_driver.elf.MHP5d7.ltrans0.ltrans.o
                                                  ./build/obj/stm32_dma.o (symbol from plugin)
                                                  ./build/obj/vectors.o
Vector154                                         /tmp/app_ax45043_driver.elf.MHP5d7.ltrans0.ltrans.o
                                                  ./build/obj/stm32_dma.o (symbol from plugin)
                                                  ./build/obj/vectors.o
Vector158                                         /tmp/app_ax45043_driver.elf.MHP5d7.ltrans0.ltrans.o
                                                  ./build/obj/stm32_dma.o (symbol from plugin)
                                                  ./build/obj/vectors.o
Vector15C                                         ./build/obj/vectors.o
Vector160                                         ./build/obj/vectors.o
Vector164                                         ./build/obj/vectors.o
Vector168                                         ./build/obj/vectors.o
Vector16C                                         ./build/obj/vectors.o
Vector170                                         ./build/obj/vectors.o
Vector174                                         ./build/obj/vectors.o
Vector178                                         ./build/obj/vectors.o
Vector17C                                         ./build/obj/vectors.o
Vector180                                         ./build/obj/vectors.o
Vector184                                         ./build/obj/vectors.o
Vector188                                         ./build/obj/vectors.o
Vector18C                                         ./build/obj/vectors.o
Vector190                                         ./build/obj/vectors.o
Vector194                                         ./build/obj/vectors.o
Vector198                                         ./build/obj/vectors.o
Vector19C                                         ./build/obj/vectors.o
Vector1A0                                         ./build/obj/vectors.o
Vector1A4                                         ./build/obj/vectors.o
Vector1A8                                         ./build/obj/vectors.o
Vector1AC                                         ./build/obj/vectors.o
Vector1B0                                         ./build/obj/vectors.o
Vector1B4                                         ./build/obj/vectors.o
Vector1B8                                         ./build/obj/vectors.o
Vector1BC                                         ./build/obj/vectors.o
Vector1C                                          ./build/obj/vectors.o
Vector1C0                                         ./build/obj/vectors.o
Vector1C4                                         ./build/obj/vectors.o
Vector1C8                                         ./build/obj/vectors.o
Vector1CC                                         ./build/obj/vectors.o
Vector1D0                                         ./build/obj/vectors.o
Vector1D4                                         ./build/obj/vectors.o
Vector1D8                                         ./build/obj/vectors.o
Vector1DC                                         ./build/obj/vectors.o
Vector20                                          ./build/obj/vectors.o
Vector24                                          ./build/obj/vectors.o
Vector28                                          ./build/obj/vectors.o
Vector34                                          ./build/obj/vectors.o
Vector40                                          ./build/obj/vectors.o
Vector44                                          ./build/obj/vectors.o
Vector48                                          ./build/obj/vectors.o
Vector4C                                          ./build/obj/vectors.o
Vector50                                          ./build/obj/vectors.o
Vector54                                          ./build/obj/vectors.o
Vector58                                          /tmp/app_ax45043_driver.elf.MHP5d7.ltrans0.ltrans.o
                                                  ./build/obj/stm32_isr.o (symbol from plugin)
                                                  ./build/obj/vectors.o
Vector5C                                          /tmp/app_ax45043_driver.elf.MHP5d7.ltrans0.ltrans.o
                                                  ./build/obj/stm32_isr.o (symbol from plugin)
                                                  ./build/obj/vectors.o
Vector60                                          /tmp/app_ax45043_driver.elf.MHP5d7.ltrans0.ltrans.o
                                                  ./build/obj/stm32_isr.o (symbol from plugin)
                                                  ./build/obj/vectors.o
Vector64                                          /tmp/app_ax45043_driver.elf.MHP5d7.ltrans0.ltrans.o
                                                  ./build/obj/stm32_isr.o (symbol from plugin)
                                                  ./build/obj/vectors.o
Vector68                                          /tmp/app_ax45043_driver.elf.MHP5d7.ltrans0.ltrans.o
                                                  ./build/obj/stm32_isr.o (symbol from plugin)
                                                  ./build/obj/vectors.o
Vector6C                                          /tmp/app_ax45043_driver.elf.MHP5d7.ltrans0.ltrans.o
                                                  ./build/obj/stm32_dma.o (symbol from plugin)
                                                  ./build/obj/vectors.o
Vector70                                          /tmp/app_ax45043_driver.elf.MHP5d7.ltrans0.ltrans.o
                                                  ./build/obj/stm32_dma.o (symbol from plugin)
                                                  ./build/obj/vectors.o
Vector74                                          /tmp/app_ax45043_driver.elf.MHP5d7.ltrans0.ltrans.o
                                                  ./build/obj/stm32_dma.o (symbol from plugin)
                                                  ./build/obj/vectors.o
Vector78                                          /tmp/app_ax45043_driver.elf.MHP5d7.ltrans0.ltrans.o
                                                  ./build/obj/stm32_dma.o (symbol from plugin)
                                                  ./build/obj/vectors.o
Vector7C                                          /tmp/app_ax45043_driver.elf.MHP5d7.ltrans0.ltrans.o
                                                  ./build/obj/stm32_dma.o (symbol from plugin)
                                                  ./build/obj/vectors.o
Vector80                                          /tmp/app_ax45043_driver.elf.MHP5d7.ltrans0.ltrans.o
                                                  ./build/obj/stm32_dma.o (symbol from plugin)
                                                  ./build/obj/vectors.o
Vector84                                          /tmp/app_ax45043_driver.elf.MHP5d7.ltrans0.ltrans.o
                                                  ./build/obj/stm32_dma.o (symbol from plugin)
                                                  ./build/obj/vectors.o
Vector88                                          ./build/obj/vectors.o
Vector8C                                          ./build/obj/vectors.o
Vector90                                          ./build/obj/vectors.o
Vector94                                          ./build/obj/vectors.o
Vector98                                          ./build/obj/vectors.o
Vector9C                                          /tmp/app_ax45043_driver.elf.MHP5d7.ltrans0.ltrans.o
                                                  ./build/obj/stm32_isr.o (symbol from plugin)
                                                  ./build/obj/vectors.o
VectorA0                                          ./build/obj/vectors.o
VectorA4                                          ./build/obj/vectors.o
VectorA8                                          ./build/obj/vectors.o
VectorAC                                          ./build/obj/vectors.o
VectorB0                                          /tmp/app_ax45043_driver.elf.MHP5d7.ltrans0.ltrans.o
                                                  ./build/obj/hal_st_lld.o (symbol from plugin)
                                                  ./build/obj/vectors.o
VectorB4                                          ./build/obj/vectors.o
VectorB8                                          ./build/obj/vectors.o
VectorBC                                          ./build/obj/vectors.o
VectorC0                                          ./build/obj/vectors.o
VectorC4                                          ./build/obj/vectors.o
VectorC8                                          ./build/obj/vectors.o
VectorCC                                          ./build/obj/vectors.o
VectorD0                                          ./build/obj/vectors.o
VectorD4                                          ./build/obj/vectors.o
VectorD8                                          /tmp/app_ax45043_driver.elf.MHP5d7.ltrans0.ltrans.o
                                                  ./build/obj/hal_serial_lld.o (symbol from plugin)
                                                  ./build/obj/vectors.o
VectorDC                                          ./build/obj/vectors.o
VectorE0                                          /tmp/app_ax45043_driver.elf.MHP5d7.ltrans0.ltrans.o
                                                  ./build/obj/stm32_isr.o (symbol from plugin)
                                                  ./build/obj/vectors.o
VectorE4                                          ./build/obj/vectors.o
VectorE8                                          ./build/obj/vectors.o
VectorEC                                          ./build/obj/vectors.o
VectorF0                                          ./build/obj/vectors.o
VectorF4                                          ./build/obj/vectors.o
VectorF8                                          ./build/obj/vectors.o
VectorFC                                          /tmp/app_ax45043_driver.elf.MHP5d7.ltrans0.ltrans.o
                                                  ./build/obj/stm32_dma.o (symbol from plugin)
                                                  ./build/obj/vectors.o
__bss_base__                                      ./build/obj/ch_test.o (symbol from plugin)
                                                  ./build/obj/crt0_v7m.o
__bss_end__                                       ./build/obj/ch_test.o (symbol from plugin)
                                                  ./build/obj/crt0_v7m.o
__ch_delegate_fn0                                 ./build/obj/chdelegates.o (symbol from plugin)
                                                  ./build/obj/oslib_test_sequence_005.o (symbol from plugin)
__ch_delegate_fn1                                 ./build/obj/chdelegates.o (symbol from plugin)
                                                  ./build/obj/oslib_test_sequence_005.o (symbol from plugin)
__ch_delegate_fn2                                 ./build/obj/chdelegates.o (symbol from plugin)
                                                  ./build/obj/oslib_test_sequence_005.o (symbol from plugin)
__ch_delegate_fn3                                 ./build/obj/chdelegates.o (symbol from plugin)
                                                  ./build/obj/oslib_test_sequence_005.o (symbol from plugin)
__ch_delegate_fn4                                 ./build/obj/chdelegates.o (symbol from plugin)
                                                  ./build/obj/oslib_test_sequence_005.o (symbol from plugin)
__core_init                                       /tmp/app_ax45043_driver.elf.MHP5d7.ltrans0.ltrans.o
                                                  ./build/obj/crt1.o (symbol from plugin)
                                                  ./build/obj/crt0_v7m.o
__data_base__                                     ./build/obj/ch_test.o (symbol from plugin)
                                                  ./build/obj/crt0_v7m.o
__data_end__                                      ./build/obj/ch_test.o (symbol from plugin)
                                                  ./build/obj/crt0_v7m.o
__default_exit                                    /tmp/app_ax45043_driver.elf.MHP5d7.ltrans0.ltrans.o
                                                  ./build/obj/crt1.o (symbol from plugin)
                                                  ./build/obj/crt0_v7m.o
__early_init                                      /tmp/app_ax45043_driver.elf.MHP5d7.ltrans0.ltrans.o
                                                  ./build/obj/board.o (symbol from plugin)
                                                  ./build/obj/crt1.o (symbol from plugin)
                                                  ./build/obj/crt0_v7m.o
__fini_array_base__                               ./build/obj/crt0_v7m.o
__fini_array_end__                                ./build/obj/crt0_v7m.o
__heap_base__                                     /tmp/app_ax45043_driver.elf.MHP5d7.ltrans0.ltrans.o
                                                  ./build/obj/chmemcore.o (symbol from plugin)
__heap_end__                                      /tmp/app_ax45043_driver.elf.MHP5d7.ltrans0.ltrans.o
                                                  ./build/obj/chmemcore.o (symbol from plugin)