Archive member included to satisfy reference by file (symbol)

/usr/lib/gcc/arm-none-eabi/9.2.0/../../../../arm-none-eabi/lib/thumb/v7e-m/nofp/libg.a(lib_a-strtoul.o)
                              ./build/obj/main.o (symbol from plugin) (strtoul)
/usr/lib/gcc/arm-none-eabi/9.2.0/../../../../arm-none-eabi/lib/thumb/v7e-m/nofp/libg.a(lib_a-ctype_.o)
                              /usr/lib/gcc/arm-none-eabi/9.2.0/../../../../arm-none-eabi/lib/thumb/v7e-m/nofp/libg.a(lib_a-strtoul.o) (_ctype_)
/usr/lib/gcc/arm-none-eabi/9.2.0/../../../../arm-none-eabi/lib/thumb/v7e-m/nofp/libg.a(lib_a-impure.o)
                              /usr/lib/gcc/arm-none-eabi/9.2.0/../../../../arm-none-eabi/lib/thumb/v7e-m/nofp/libg.a(lib_a-strtoul.o) (_impure_ptr)
/usr/lib/gcc/arm-none-eabi/9.2.0/../../../../arm-none-eabi/lib/thumb/v7e-m/nofp/libg.a(lib_a-memcmp.o)
                              /tmp/app_ax45043_driver.elf.0cNijX.ltrans0.ltrans.o (memcmp)
/usr/lib/gcc/arm-none-eabi/9.2.0/../../../../arm-none-eabi/lib/thumb/v7e-m/nofp/libg.a(lib_a-memcpy.o)
                              /tmp/app_ax45043_driver.elf.0cNijX.ltrans0.ltrans.o (memcpy)
/usr/lib/gcc/arm-none-eabi/9.2.0/../../../../arm-none-eabi/lib/thumb/v7e-m/nofp/libg.a(lib_a-memset.o)
                              /tmp/app_ax45043_driver.elf.0cNijX.ltrans0.ltrans.o (memset)
/usr/lib/gcc/arm-none-eabi/9.2.0/../../../../arm-none-eabi/lib/thumb/v7e-m/nofp/libg.a(lib_a-strchr.o)
                              /tmp/app_ax45043_driver.elf.0cNijX.ltrans0.ltrans.o (strchr)
/usr/lib/gcc/arm-none-eabi/9.2.0/../../../../arm-none-eabi/lib/thumb/v7e-m/nofp/libg.a(lib_a-strcmp.o)
                              /tmp/app_ax45043_driver.elf.0cNijX.ltrans0.ltrans.o (strcmp)
/usr/lib/gcc/arm-none-eabi/9.2.0/../../../../arm-none-eabi/lib/thumb/v7e-m/nofp/libg.a(lib_a-strncmp.o)
                              /tmp/app_ax45043_driver.elf.0cNijX.ltrans0.ltrans.o (strncmp)
/usr/lib/gcc/arm-none-eabi/9.2.0/../../../../arm-none-eabi/lib/thumb/v7e-m/nofp/libg.a(lib_a-strncpy.o)
                              /tmp/app_ax45043_driver.elf.0cNijX.ltrans0.ltrans.o (strncpy)
/usr/lib/gcc/arm-none-eabi/9.2.0/../../../../arm-none-eabi/lib/thumb/v7e-m/nofp/libg.a(lib_a-strpbrk.o)
                              /tmp/app_ax45043_driver.elf.0cNijX.ltrans0.ltrans.o (strpbrk)
/usr/lib/gcc/arm-none-eabi/9.2.0/../../../../arm-none-eabi/lib/thumb/v7e-m/nofp/libg.a(lib_a-strspn.o)
                              /tmp/app_ax45043_driver.elf.0cNijX.ltrans0.ltrans.o (strspn)

Discarded input sections

 .data          0x0000000000000000        0x0 ./build/obj/crt0_v7m.o
 .bss           0x0000000000000000        0x0 ./build/obj/crt0_v7m.o
 .data          0x0000000000000000        0x0 ./build/obj/vectors.o
 .bss           0x0000000000000000        0x0 ./build/obj/vectors.o
 .data          0x0000000000000000        0x0 ./build/obj/chcoreasm_v7m.o
 .bss           0x0000000000000000        0x0 ./build/obj/chcoreasm_v7m.o
 .text          0x0000000000000000        0x0 /tmp/app_ax45043_driver.elf.0cNijX.ltrans0.ltrans.o
 .data          0x0000000000000000        0x0 /tmp/app_ax45043_driver.elf.0cNijX.ltrans0.ltrans.o
 .bss           0x0000000000000000        0x0 /tmp/app_ax45043_driver.elf.0cNijX.ltrans0.ltrans.o
 .text          0x0000000000000000        0x0 /tmp/app_ax45043_driver.elf.0cNijX.ltrans1.ltrans.o
 .data          0x0000000000000000        0x0 /tmp/app_ax45043_driver.elf.0cNijX.ltrans1.ltrans.o
 .bss           0x0000000000000000        0x0 /tmp/app_ax45043_driver.elf.0cNijX.ltrans1.ltrans.o
 .text.boardInit
                0x0000000000000000        0x4 /tmp/app_ax45043_driver.elf.0cNijX.ltrans1.ltrans.o
 .comment       0x0000000000000000       0x1e /tmp/ccVk1OHW.debug.temp.o
 .comment       0x0000000000000000       0x1e /tmp/ccPL8aYX.debug.temp.o
 .comment       0x0000000000000000       0x1e /tmp/ccCbDbTW.debug.temp.o
 .comment       0x0000000000000000       0x1e /tmp/ccXFk65X.debug.temp.o
 .comment       0x0000000000000000       0x1e /tmp/ccWx0Nd0.debug.temp.o
 .comment       0x0000000000000000       0x1e /tmp/ccjgvhjX.debug.temp.o
 .debug_info    0x0000000000000000     0x12f9 /tmp/cckZ89w0.debug.temp.o
 .debug_abbrev  0x0000000000000000      0x1a9 /tmp/cckZ89w0.debug.temp.o
 .debug_line    0x0000000000000000      0x424 /tmp/cckZ89w0.debug.temp.o
 .debug_str     0x0000000000000000      0xa5c /tmp/cckZ89w0.debug.temp.o
 .comment       0x0000000000000000       0x1e /tmp/cckZ89w0.debug.temp.o
 .comment       0x0000000000000000       0x1e /tmp/ccGQht0X.debug.temp.o
 .comment       0x0000000000000000       0x1e /tmp/ccn8pNZY.debug.temp.o
 .comment       0x0000000000000000       0x1e /tmp/ccaZTAqY.debug.temp.o
 .comment       0x0000000000000000       0x1e /tmp/ccAhrFuX.debug.temp.o
 .comment       0x0000000000000000       0x1e /tmp/ccd9jKoZ.debug.temp.o
 .comment       0x0000000000000000       0x1e /tmp/ccayxIc0.debug.temp.o
 .debug_info    0x0000000000000000     0x1b77 /tmp/ccU1QVQW.debug.temp.o
[...]
Memory Configuration

Name             Origin             Length             Attributes
flash0           0x0000000008000000 0x0000000000080000 xr
flash1           0x0000000000000000 0x0000000000000000 xr
flash2           0x0000000000000000 0x0000000000000000 xr
flash3           0x0000000000000000 0x0000000000000000 xr
flash4           0x0000000000000000 0x0000000000000000 xr
flash5           0x0000000000000000 0x0000000000000000 xr
flash6           0x0000000000000000 0x0000000000000000 xr
flash7           0x0000000000000000 0x0000000000000000 xr
ram0             0x0000000020000000 0x0000000000020000 xw
ram1             0x0000000020000000 0x000000000001c000 xw
ram2             0x0000000000000000 0x0000000000004000 xw
ram3             0x0000000000000000 0x0000000000000000 xw
ram4             0x0000000000000000 0x0000000000000000 xw
ram5             0x0000000000000000 0x0000000000000000 xw
ram6             0x0000000000000000 0x0000000000000000 xw
ram7             0x0000000000000000 0x0000000000000000 xw
*default*        0x0000000000000000 0xffffffffffffffff

Linker script and memory map

LOAD ./build/obj/crt0_v7m.o
LOAD ./build/obj/vectors.o
LOAD ./build/obj/chcoreasm_v7m.o
LOAD /tmp/app_ax45043_driver.elf.0cNijX.ltrans0.ltrans.o
LOAD /tmp/app_ax45043_driver.elf.0cNijX.ltrans1.ltrans.o
LOAD /tmp/ccVk1OHW.debug.temp.o
LOAD /tmp/ccPL8aYX.debug.temp.o
LOAD /tmp/ccCbDbTW.debug.temp.o
LOAD /tmp/ccXFk65X.debug.temp.o
LOAD /tmp/ccWx0Nd0.debug.temp.o
LOAD /tmp/ccjgvhjX.debug.temp.o
LOAD /tmp/cckZ89w0.debug.temp.o
LOAD /tmp/ccGQht0X.debug.temp.o
LOAD /tmp/ccn8pNZY.debug.temp.o
LOAD /tmp/ccaZTAqY.debug.temp.o
LOAD /tmp/ccAhrFuX.debug.temp.o
LOAD /tmp/ccd9jKoZ.debug.temp.o
LOAD /tmp/ccayxIc0.debug.temp.o
LOAD /tmp/ccU1QVQW.debug.temp.o
LOAD /tmp/ccMD6bNY.debug.temp.o
LOAD /tmp/ccOGcv1X.debug.temp.o
LOAD /tmp/cc6LhdtZ.debug.temp.o
LOAD /tmp/ccu8D2V0.debug.temp.o
LOAD /tmp/ccAYTwJ0.debug.temp.o
LOAD /tmp/ccNe3xzY.debug.temp.o
LOAD /tmp/ccqb7TPZ.debug.temp.o
LOAD /tmp/ccGbO6yX.debug.temp.o
LOAD /tmp/ccTjh7BW.debug.temp.o
LOAD /tmp/ccEthBk0.debug.temp.o
LOAD /tmp/ccUFw60W.debug.temp.o
LOAD /tmp/ccjcsEwZ.debug.temp.o
LOAD /tmp/ccNoyP0Y.debug.temp.o
LOAD /tmp/ccjBcrcX.debug.temp.o
LOAD /tmp/cceRdfP0.debug.temp.o
LOAD /tmp/ccShfLvW.debug.temp.o
LOAD /tmp/ccy4LDaX.debug.temp.o
LOAD /tmp/ccDUg1HY.debug.temp.o
LOAD /tmp/ccn6LzsZ.debug.temp.o
LOAD /tmp/cc0zq5wZ.debug.temp.o
LOAD /tmp/ccEBCJlZ.debug.temp.o
LOAD /tmp/cct8muF0.debug.temp.o
LOAD /tmp/ccHdfzCW.debug.temp.o
LOAD /tmp/ccJ7ryvY.debug.temp.o
LOAD /tmp/cc215zlW.debug.temp.o
LOAD /tmp/cccv6HrX.debug.temp.o
LOAD /tmp/cceleOvW.debug.temp.o
LOAD /tmp/ccTcXhjW.debug.temp.o
LOAD /tmp/ccsjjybZ.debug.temp.o
LOAD /tmp/ccEoq5zY.debug.temp.o
LOAD /tmp/cccI7veY.debug.temp.o
LOAD /tmp/ccV6ayfY.debug.temp.o
LOAD /tmp/ccCQT2GW.debug.temp.o
LOAD /tmp/cc3Jgsg0.debug.temp.o
LOAD /tmp/ccaZTWs0.debug.temp.o
LOAD /tmp/ccE0E05W.debug.temp.o
LOAD /tmp/ccumbbU0.debug.temp.o
LOAD /tmp/ccWiajf0.debug.temp.o
LOAD /tmp/ccu4SxO0.debug.temp.o
LOAD /tmp/cc2C8VvZ.debug.temp.o
LOAD /tmp/cc8WKBVY.debug.temp.o
LOAD /tmp/cc74jDwY.debug.temp.o
LOAD /tmp/ccMrwmLY.debug.temp.o
LOAD /tmp/ccOVFRDZ.debug.temp.o
LOAD /tmp/ccIlrb7W.debug.temp.o
LOAD /tmp/ccwUAxO0.debug.temp.o
LOAD /tmp/ccOdsOA0.debug.temp.o
LOAD /tmp/ccbCfTiY.debug.temp.o
LOAD /tmp/ccv5JCgY.debug.temp.o
LOAD /tmp/ccJyEJ2Z.debug.temp.o
LOAD /tmp/ccppaEsX.debug.temp.o
LOAD /tmp/cc50rrJZ.debug.temp.o
LOAD /tmp/ccne76nX.debug.temp.o
LOAD /tmp/ccn2tGMW.debug.temp.o
LOAD /tmp/cc2kvZ5W.debug.temp.o
LOAD /tmp/ccDjvyh0.debug.temp.o
LOAD /tmp/ccBbA2hW.debug.temp.o
LOAD /tmp/ccclqMcX.debug.temp.o
LOAD /tmp/cca9zXVZ.debug.temp.o
LOAD /tmp/ccuY8vaX.debug.temp.o
LOAD /tmp/ccuxepg0.debug.temp.o
LOAD /tmp/ccKwpX4Z.debug.temp.o

.mstack         0x0000000020000000      0x400
                0x0000000020000000                . = ALIGN (0x8)
                0x0000000020000000                __main_stack_base__ = .
                0x0000000020000400                . = (. + __main_stack_size__)
 *fill*         0x0000000020000000      0x400 
                0x0000000020000400                . = ALIGN (0x8)
                0x0000000020000400                __main_stack_end__ = .

.pstack         0x0000000020000400      0x400
                0x0000000020000400                . = ALIGN (0x8)
                0x0000000020000400                __process_stack_base__ = .
                0x0000000020000400                __main_thread_stack_base__ = .
                0x0000000020000800                . = (. + __process_stack_size__)
 *fill*         0x0000000020000400      0x400 
                0x0000000020000800                . = ALIGN (0x8)
                0x0000000020000800                __process_stack_end__ = .
                0x0000000020000800                __main_thread_stack_end__ = .

.vectors        0x0000000008000000      0x1e0
 *(.vectors)
 .vectors       0x0000000008000000      0x1e0 ./build/obj/vectors.o
                0x0000000008000000                _vectors

.xtors          0x00000000080001e0        0x0
                0x00000000080001e0                __init_array_base__ = .
 *(SORT_BY_NAME(.init_array.*))
 *(.init_array)
                0x00000000080001e0                __init_array_end__ = .
                0x00000000080001e0                __fini_array_base__ = .
 *(.fini_array)
 *(SORT_BY_NAME(.fini_array.*))
                0x00000000080001e0                __fini_array_end__ = .

.text           0x00000000080001e0     0xb354
                0x00000000080001e0                __text_base__ = .
 *(.text)
 .text          0x00000000080001e0       0xd8 ./build/obj/crt0_v7m.o
                0x00000000080001e0                _crt0_entry
 .text          0x00000000080002b8        0x8 ./build/obj/vectors.o
                0x00000000080002b8                Reset_Handler
                0x00000000080002ba                VectorE8
                0x00000000080002ba                VectorAC
                0x00000000080002ba                DebugMon_Handler
                0x00000000080002ba                Vector1A0
                0x00000000080002ba                Vector11C
                0x00000000080002ba                HardFault_Handler
                0x00000000080002ba                Vector1B8
                0x00000000080002ba                Vector19C
                0x00000000080002ba                Vector8C
                0x00000000080002ba                SysTick_Handler
                0x00000000080002ba                VectorDC
                0x00000000080002ba                PendSV_Handler
                0x00000000080002ba                Vector168
                0x00000000080002ba                NMI_Handler
                0x00000000080002ba                Vector110
                0x00000000080002ba                Vector1D8
                0x00000000080002ba                VectorC8
                0x00000000080002ba                Vector94
                0x00000000080002ba                VectorA8
                0x00000000080002ba                VectorB4
                0x00000000080002ba                Vector160
                0x00000000080002ba                Vector1B0
                0x00000000080002ba                UsageFault_Handler
                0x00000000080002ba                VectorEC
                0x00000000080002ba                Vector40
                0x00000000080002ba                VectorF8
                0x00000000080002ba                Vector108
                0x00000000080002ba                VectorBC
                0x00000000080002ba                Vector190
                0x00000000080002ba                Vector1C4
                0x00000000080002ba                Vector1CC
                0x00000000080002ba                Vector148
                0x00000000080002ba                Vector188
                0x00000000080002ba                Vector198
                0x00000000080002ba                Vector118
                0x00000000080002ba                VectorCC
                0x00000000080002ba                Vector54
                0x00000000080002ba                Vector98
                0x00000000080002ba                Vector138
                0x00000000080002ba                Vector24
                0x00000000080002ba                Vector1AC
                0x00000000080002ba                Vector178
                0x00000000080002ba                Vector1A4
                0x00000000080002ba                VectorD0
                0x00000000080002ba                Vector1B4
                0x00000000080002ba                Vector140
                0x00000000080002ba                VectorE4
                0x00000000080002ba                VectorC0
                0x00000000080002ba                Vector1C0
                0x00000000080002ba                Vector134
                0x00000000080002ba                Vector1D0
                0x00000000080002ba                VectorF0
                0x00000000080002ba                Vector13C
                0x00000000080002ba                Vector100
                0x00000000080002ba                VectorF4
                0x00000000080002ba                MemManage_Handler
                0x00000000080002ba                VectorA0
                0x00000000080002ba                VectorC4
                0x00000000080002ba                Vector180
                0x00000000080002ba                Vector90
                0x00000000080002ba                Vector114
                0x00000000080002ba                Vector164
                0x00000000080002ba                Vector1C
                0x00000000080002ba                Vector1BC
                0x00000000080002ba                Vector1D4
                0x00000000080002ba                Vector17C
                0x00000000080002ba                Vector48
                0x00000000080002ba                Vector1A8
                0x00000000080002ba                Vector16C
                0x00000000080002ba                VectorD4
                0x00000000080002ba                Vector4C
                0x00000000080002ba                Vector144
                0x00000000080002ba                Vector15C
                0x00000000080002ba                Vector170
                0x00000000080002ba                Vector88
                0x00000000080002ba                Vector104
                0x00000000080002ba                Vector184
                0x00000000080002ba                Vector10C
                0x00000000080002ba                Vector14C
                0x00000000080002ba                BusFault_Handler
                0x00000000080002ba                Vector50
                0x00000000080002ba                Vector1C8
                0x00000000080002ba                Vector194
                0x00000000080002ba                Vector1DC
                0x00000000080002ba                Vector44
                0x00000000080002ba                Vector28
                0x00000000080002ba                VectorB8
                0x00000000080002ba                Vector34
                0x00000000080002ba                VectorA4
                0x00000000080002ba                Vector20
                0x00000000080002ba                Vector18C
                0x00000000080002ba                Vector174
                0x00000000080002be                _unhandled_exception
 .text          0x00000000080002c0       0x2a ./build/obj/chcoreasm_v7m.o
                0x00000000080002c0                _port_switch
                0x00000000080002d0                _port_thread_start
                0x00000000080002e2                _port_switch_from_isr
                0x00000000080002e6                _port_exit_from_isr
 *fill*         0x00000000080002ea        0x2 
 .text          0x00000000080002ec      0x134 /usr/lib/gcc/arm-none-eabi/9.2.0/../../../../arm-none-eabi/lib/thumb/v7e-m/nofp/libg.a(lib_a-memcpy.o)
                0x00000000080002ec                memcpy
 .text          0x0000000008000420      0x2dc /usr/lib/gcc/arm-none-eabi/9.2.0/../../../../arm-none-eabi/lib/thumb/v7e-m/nofp/libg.a(lib_a-strcmp.o)
                0x0000000008000428                strcmp
 *(.text.*)
 *fill*         0x00000000080006fc        0x4 
 .text.null_provider
                0x0000000008000700        0x4 /tmp/app_ax45043_driver.elf.0cNijX.ltrans0.ltrans.o
 *fill*         0x0000000008000704        0xc 
 .text.__ch_delegate_fn0
                0x0000000008000710       0x10 /tmp/app_ax45043_driver.elf.0cNijX.ltrans0.ltrans.o
 .text.__ch_delegate_fn1
                0x0000000008000720       0x18 /tmp/app_ax45043_driver.elf.0cNijX.ltrans0.ltrans.o
 *fill*         0x0000000008000738        0x8 
 .text.__ch_delegate_fn2
                0x0000000008000740       0x20 /tmp/app_ax45043_driver.elf.0cNijX.ltrans0.ltrans.o
 .text.__ch_delegate_fn3
                0x0000000008000760       0x28 /tmp/app_ax45043_driver.elf.0cNijX.ltrans0.ltrans.o
 *fill*         0x0000000008000788        0x8 
 .text.__ch_delegate_fn4
                0x0000000008000790       0x30 /tmp/app_ax45043_driver.elf.0cNijX.ltrans0.ltrans.o
 .text.tmo      0x00000000080007c0        0x4 /tmp/app_ax45043_driver.elf.0cNijX.ltrans0.ltrans.o
 *fill*         0x00000000080007c4        0xc 
 .text.rt_test_005_001_setup
                0x00000000080007d0        0xc /tmp/app_ax45043_driver.elf.0cNijX.ltrans0.ltrans.o
 *fill*         0x00000000080007dc        0x4 
 .text.rt_test_002_003_execute
                0x00000000080007e0       0x24 /tmp/app_ax45043_driver.elf.0cNijX.ltrans0.ltrans.o
 *fill*         0x0000000008000804        0xc 
 .text.test_emit_token
                0x0000000008000810       0x28 /tmp/app_ax45043_driver.elf.0cNijX.ltrans0.ltrans.o
 *fill*         0x0000000008000838        0x8 
 .text.obj_write
                0x0000000008000840       0x10 /tmp/app_ax45043_driver.elf.0cNijX.ltrans0.ltrans.o
 .text.dis_func0
                0x0000000008000850       0x10 /tmp/app_ax45043_driver.elf.0cNijX.ltrans0.ltrans.o
 .text.dis_func1
                0x0000000008000860       0x10 /tmp/app_ax45043_driver.elf.0cNijX.ltrans0.ltrans.o
 .text.dis_func2
                0x0000000008000870       0x18 /tmp/app_ax45043_driver.elf.0cNijX.ltrans0.ltrans.o
 *fill*         0x0000000008000888        0x8 
 .text.dis_func3
                0x0000000008000890       0x20 /tmp/app_ax45043_driver.elf.0cNijX.ltrans0.ltrans.o
 .text.dis_func4
                0x00000000080008b0       0x28 /tmp/app_ax45043_driver.elf.0cNijX.ltrans0.ltrans.o
 *fill*         0x00000000080008d8        0x8 
 .text.dis_func_end
                0x00000000080008e0       0x18 /tmp/app_ax45043_driver.elf.0cNijX.ltrans0.ltrans.o
 *fill*         0x00000000080008f8        0x8 
 .text.dyn_thread1
                0x0000000008000900        0xc /tmp/app_ax45043_driver.elf.0cNijX.ltrans0.ltrans.o
 *fill*         0x000000000800090c        0x4 
 .text.h3       0x0000000008000910        0xc /tmp/app_ax45043_driver.elf.0cNijX.ltrans0.ltrans.o
 *fill*         0x000000000800091c        0x4 
 .text.h2       0x0000000008000920        0xc /tmp/app_ax45043_driver.elf.0cNijX.ltrans0.ltrans.o
 *fill*         0x000000000800092c        0x4 
 .text.h1       0x0000000008000930        0xc /tmp/app_ax45043_driver.elf.0cNijX.ltrans0.ltrans.o
 *fill*         0x000000000800093c        0x4 
 .text.thread   0x0000000008000940        0xc /tmp/app_ax45043_driver.elf.0cNijX.ltrans0.ltrans.o
 *fill*         0x000000000800094c        0x4 
 .text.test_print
                0x0000000008000950       0x1c /tmp/app_ax45043_driver.elf.0cNijX.ltrans0.ltrans.o
 *fill*         0x000000000800096c        0x4 
 .text.test_println
                0x0000000008000970       0x20 /tmp/app_ax45043_driver.elf.0cNijX.ltrans0.ltrans.o
 .text.test_printn
                0x0000000008000990       0x58 /tmp/app_ax45043_driver.elf.0cNijX.ltrans0.ltrans.o
 *fill*         0x00000000080009e8        0x8 
 .text.oslib_test_001_003_execute
                0x00000000080009f0      0x174 /tmp/app_ax45043_driver.elf.0cNijX.ltrans0.ltrans.o
 *fill*         0x0000000008000b64        0xc 
 .text.oslib_test_001_002_execute
                0x0000000008000b70       0x8c /tmp/app_ax45043_driver.elf.0cNijX.ltrans0.ltrans.o
 *fill*         0x0000000008000bfc        0x4 
 .text.oslib_test_001_001_execute
                0x0000000008000c00       0xa8 /tmp/app_ax45043_driver.elf.0cNijX.ltrans0.ltrans.o
 *fill*         0x0000000008000ca8        0x8 
 .text.rt_test_011_012_execute
                0x0000000008000cb0       0xfc /tmp/app_ax45043_driver.elf.0cNijX.ltrans0.ltrans.o
 *fill*         0x0000000008000dac        0x4 
 .text.rt_test_001_003_execute
                0x0000000008000db0      0x2d8 /tmp/app_ax45043_driver.elf.0cNijX.ltrans0.ltrans.o
 *fill*         0x0000000008001088        0x8 
 .text.rt_test_001_002_execute
                0x0000000008001090       0x8c /tmp/app_ax45043_driver.elf.0cNijX.ltrans0.ltrans.o
 *fill*         0x000000000800111c        0x4 
 .text.rt_test_001_001_execute
                0x0000000008001120       0xa8 /tmp/app_ax45043_driver.elf.0cNijX.ltrans0.ltrans.o
 *fill*         0x00000000080011c8        0x8 
 .text._test_fail
                0x00000000080011d0       0x20 /tmp/app_ax45043_driver.elf.0cNijX.ltrans0.ltrans.o
 .text._test_assert
                0x00000000080011f0       0x10 /tmp/app_ax45043_driver.elf.0cNijX.ltrans0.ltrans.o
 .text.rt_test_003_002_execute
                0x0000000008001200       0xac /tmp/app_ax45043_driver.elf.0cNijX.ltrans0.ltrans.o
 *fill*         0x00000000080012ac        0x4 
 .text.print_fat_line
                0x00000000080012b0       0x30 /tmp/app_ax45043_driver.elf.0cNijX.ltrans0.ltrans.o
 .text.print_line
                0x00000000080012e0       0x30 /tmp/app_ax45043_driver.elf.0cNijX.ltrans0.ltrans.o
 .text.print_tokens
                0x0000000008001310       0x2c /tmp/app_ax45043_driver.elf.0cNijX.ltrans0.ltrans.o
 *fill*         0x000000000800133c        0x4 
 .text.clear_tokens
                0x0000000008001340       0x10 /tmp/app_ax45043_driver.elf.0cNijX.ltrans0.ltrans.o
 .text._test_assert_sequence
                0x0000000008001350       0x3c /tmp/app_ax45043_driver.elf.0cNijX.ltrans0.ltrans.o
 *fill*         0x000000000800138c        0x4 
 .text.execute_test
                0x0000000008001390       0x24 /tmp/app_ax45043_driver.elf.0cNijX.ltrans0.ltrans.o
 *fill*         0x00000000080013b4        0xc 
 .text.shellInit
                0x00000000080013c0        0xc /tmp/app_ax45043_driver.elf.0cNijX.ltrans0.ltrans.o
 *fill*         0x00000000080013cc        0x4 
 .text.is_histbuff_space
                0x00000000080013d0       0x2c /tmp/app_ax45043_driver.elf.0cNijX.ltrans0.ltrans.o
 *fill*         0x00000000080013fc        0x4 
 .text.del_histbuff_entry
                0x0000000008001400       0x18 /tmp/app_ax45043_driver.elf.0cNijX.ltrans0.ltrans.o
 *fill*         0x0000000008001418        0x8 
 .text.long_to_string_with_divisor
                0x0000000008001420       0x4c /tmp/app_ax45043_driver.elf.0cNijX.ltrans0.ltrans.o
 *fill*         0x000000000800146c        0x4 
 .text.ch_ltoa  0x0000000008001470        0xc /tmp/app_ax45043_driver.elf.0cNijX.ltrans0.ltrans.o
 *fill*         0x000000000800147c        0x4 
 .text.chvprintf
                0x0000000008001480      0x26c /tmp/app_ax45043_driver.elf.0cNijX.ltrans0.ltrans.o
 *fill*         0x00000000080016ec        0x4 
 .text.dyn_list_unlink
                0x00000000080016f0       0x18 /tmp/app_ax45043_driver.elf.0cNijX.ltrans0.ltrans.o
 *fill*         0x0000000008001708        0x8 
 .text.chCacheReadObject
                0x0000000008001710       0x10 /tmp/app_ax45043_driver.elf.0cNijX.ltrans0.ltrans.o
 .text.hash_get_s
                0x0000000008001720       0x30 /tmp/app_ax45043_driver.elf.0cNijX.ltrans0.ltrans.o
 .text.chPoolFreeI
                0x0000000008001750        0x8 /tmp/app_ax45043_driver.elf.0cNijX.ltrans0.ltrans.o
 *fill*         0x0000000008001758        0x8 
 .text.chPoolFree
                0x0000000008001760       0x14 /tmp/app_ax45043_driver.elf.0cNijX.ltrans0.ltrans.o
 *fill*         0x0000000008001774        0xc 
 .text.dyn_release_object_pool
                0x0000000008001780       0x1c /tmp/app_ax45043_driver.elf.0cNijX.ltrans0.ltrans.o
 *fill*         0x000000000800179c        0x4 
 .text.chPoolAllocI
                0x00000000080017a0       0x1c /tmp/app_ax45043_driver.elf.0cNijX.ltrans0.ltrans.o
 *fill*         0x00000000080017bc        0x4 
 .text.chPoolAlloc
                0x00000000080017c0       0x14 /tmp/app_ax45043_driver.elf.0cNijX.ltrans0.ltrans.o
 *fill*         0x00000000080017d4        0xc 
 .text.chPoolLoadArray
                0x00000000080017e0       0x1c /tmp/app_ax45043_driver.elf.0cNijX.ltrans0.ltrans.o
 *fill*         0x00000000080017fc        0x4 
 .text.chPoolObjectInitAligned
                0x0000000008001800       0x10 /tmp/app_ax45043_driver.elf.0cNijX.ltrans0.ltrans.o
 .text.oslib_test_007_001_execute
                0x0000000008001810       0xf0 /tmp/app_ax45043_driver.elf.0cNijX.ltrans0.ltrans.o
 .text.oslib_test_007_001_setup
                0x0000000008001900       0x14 /tmp/app_ax45043_driver.elf.0cNijX.ltrans0.ltrans.o
 *fill*         0x0000000008001914        0xc 
 .text.rt_test_010_002_setup
                0x0000000008001920       0x18 /tmp/app_ax45043_driver.elf.0cNijX.ltrans0.ltrans.o
 *fill*         0x0000000008001938        0x8 
 .text.chCoreGetStatusX
                0x0000000008001940       0x10 /tmp/app_ax45043_driver.elf.0cNijX.ltrans0.ltrans.o
 .text.chCoreAllocFromTopI
                0x0000000008001950       0x2c /tmp/app_ax45043_driver.elf.0cNijX.ltrans0.ltrans.o
 *fill*         0x000000000800197c        0x4 
 .text.chCoreAllocAlignedI
                0x0000000008001980        0xc /tmp/app_ax45043_driver.elf.0cNijX.ltrans0.ltrans.o
 *fill*         0x000000000800198c        0x4 
 .text.chCoreAllocFromTop
                0x0000000008001990       0x14 /tmp/app_ax45043_driver.elf.0cNijX.ltrans0.ltrans.o
 *fill*         0x00000000080019a4        0xc 
 .text.chMBObjectInit
                0x00000000080019b0       0x24 /tmp/app_ax45043_driver.elf.0cNijX.ltrans0.ltrans.o
 *fill*         0x00000000080019d4        0xc 
 .text.oslib_test_002_003_setup
                0x00000000080019e0       0x18 /tmp/app_ax45043_driver.elf.0cNijX.ltrans0.ltrans.o
 *fill*         0x00000000080019f8        0x8 
 .text.oslib_test_002_002_setup
                0x0000000008001a00       0x18 /tmp/app_ax45043_driver.elf.0cNijX.ltrans0.ltrans.o
 *fill*         0x0000000008001a18        0x8 
 .text.oslib_test_002_001_setup
                0x0000000008001a20       0x18 /tmp/app_ax45043_driver.elf.0cNijX.ltrans0.ltrans.o
 *fill*         0x0000000008001a38        0x8 
 .text.chEvtDispatch
                0x0000000008001a40       0x2c /tmp/app_ax45043_driver.elf.0cNijX.ltrans0.ltrans.o
 *fill*         0x0000000008001a6c        0x4 
 .text.rt_test_009_002_execute
                0x0000000008001a70       0x2c /tmp/app_ax45043_driver.elf.0cNijX.ltrans0.ltrans.o
 *fill*         0x0000000008001a9c        0x4 
 .text.chEvtAddEvents
                0x0000000008001aa0       0x1c /tmp/app_ax45043_driver.elf.0cNijX.ltrans0.ltrans.o
 *fill*         0x0000000008001abc        0x4 
 .text.chEvtGetAndClearEventsI
                0x0000000008001ac0       0x14 /tmp/app_ax45043_driver.elf.0cNijX.ltrans0.ltrans.o
 *fill*         0x0000000008001ad4        0xc 
 .text.chEvtGetAndClearEvents
                0x0000000008001ae0       0x14 /tmp/app_ax45043_driver.elf.0cNijX.ltrans0.ltrans.o
 *fill*         0x0000000008001af4        0xc 
 .text.rt_test_009_007_setup
                0x0000000008001b00       0x1c /tmp/app_ax45043_driver.elf.0cNijX.ltrans0.ltrans.o
 *fill*         0x0000000008001b1c        0x4 
 .text.rt_test_009_006_setup
                0x0000000008001b20        0xc /tmp/app_ax45043_driver.elf.0cNijX.ltrans0.ltrans.o
 *fill*         0x0000000008001b2c        0x4 
 .text.rt_test_009_005_setup
                0x0000000008001b30        0xc /tmp/app_ax45043_driver.elf.0cNijX.ltrans0.ltrans.o
 *fill*         0x0000000008001b3c        0x4 
 .text.rt_test_009_004_setup
                0x0000000008001b40        0xc /tmp/app_ax45043_driver.elf.0cNijX.ltrans0.ltrans.o
 *fill*         0x0000000008001b4c        0x4 
 .text.rt_test_009_003_setup
                0x0000000008001b50        0xc /tmp/app_ax45043_driver.elf.0cNijX.ltrans0.ltrans.o
 *fill*         0x0000000008001b5c        0x4 
 .text.rt_test_009_002_setup
                0x0000000008001b60        0xc /tmp/app_ax45043_driver.elf.0cNijX.ltrans0.ltrans.o
 *fill*         0x0000000008001b6c        0x4 
 .text.chEvtUnregister
                0x0000000008001b70       0x20 /tmp/app_ax45043_driver.elf.0cNijX.ltrans0.ltrans.o
 .text.chEvtRegisterMaskWithFlags
                0x0000000008001b90       0x28 /tmp/app_ax45043_driver.elf.0cNijX.ltrans0.ltrans.o
 *fill*         0x0000000008001bb8        0x8 
 .text.rt_test_009_001_execute
                0x0000000008001bc0       0xcc /tmp/app_ax45043_driver.elf.0cNijX.ltrans0.ltrans.o
 *fill*         0x0000000008001c8c        0x4 
 .text.chCondObjectInit
                0x0000000008001c90        0x8 /tmp/app_ax45043_driver.elf.0cNijX.ltrans0.ltrans.o
 *fill*         0x0000000008001c98        0x8 
 .text.chMtxTryLockS
                0x0000000008001ca0       0x20 /tmp/app_ax45043_driver.elf.0cNijX.ltrans0.ltrans.o
 .text.chMtxTryLock
                0x0000000008001cc0       0x14 /tmp/app_ax45043_driver.elf.0cNijX.ltrans0.ltrans.o
 *fill*         0x0000000008001cd4        0xc 
 .text.chSemObjectInit
                0x0000000008001ce0        0x8 /tmp/app_ax45043_driver.elf.0cNijX.ltrans0.ltrans.o
 *fill*         0x0000000008001ce8        0x8 
 .text.rt_test_011_010_setup
                0x0000000008001cf0       0x10 /tmp/app_ax45043_driver.elf.0cNijX.ltrans0.ltrans.o
 .text.rt_test_011_007_setup
                0x0000000008001d00       0x10 /tmp/app_ax45043_driver.elf.0cNijX.ltrans0.ltrans.o
 .text.rt_test_006_005_setup
                0x0000000008001d10       0x10 /tmp/app_ax45043_driver.elf.0cNijX.ltrans0.ltrans.o
 .text.rt_test_006_004_setup
                0x0000000008001d20       0x10 /tmp/app_ax45043_driver.elf.0cNijX.ltrans0.ltrans.o
 .text.rt_test_006_003_setup
                0x0000000008001d30       0x10 /tmp/app_ax45043_driver.elf.0cNijX.ltrans0.ltrans.o
 .text.rt_test_006_002_setup
                0x0000000008001d40       0x10 /tmp/app_ax45043_driver.elf.0cNijX.ltrans0.ltrans.o
 .text.rt_test_006_001_setup
                0x0000000008001d50       0x10 /tmp/app_ax45043_driver.elf.0cNijX.ltrans0.ltrans.o
 .text.chCacheObjectInit
                0x0000000008001d60       0x88 /tmp/app_ax45043_driver.elf.0cNijX.ltrans0.ltrans.o
 *fill*         0x0000000008001de8        0x8 
 .text.chGuardedPoolObjectInitAligned
                0x0000000008001df0       0x18 /tmp/app_ax45043_driver.elf.0cNijX.ltrans0.ltrans.o
 *fill*         0x0000000008001e08        0x8 
 .text.oslib_test_007_003_setup
                0x0000000008001e10       0x14 /tmp/app_ax45043_driver.elf.0cNijX.ltrans0.ltrans.o
 *fill*         0x0000000008001e24        0xc 
 .text.oslib_test_007_002_setup
                0x0000000008001e30       0x14 /tmp/app_ax45043_driver.elf.0cNijX.ltrans0.ltrans.o
 *fill*         0x0000000008001e44        0xc 
 .text.chRegFirstThread
                0x0000000008001e50       0x20 /tmp/app_ax45043_driver.elf.0cNijX.ltrans0.ltrans.o
 .text.chTMStopMeasurementX
                0x0000000008001e70       0x44 /tmp/app_ax45043_driver.elf.0cNijX.ltrans0.ltrans.o
 *fill*         0x0000000008001eb4        0xc 
 .text.chTMStartMeasurementX
                0x0000000008001ec0        0xc /tmp/app_ax45043_driver.elf.0cNijX.ltrans0.ltrans.o
 *fill*         0x0000000008001ecc        0x4 
 .text.chTMObjectInit
                0x0000000008001ed0       0x18 /tmp/app_ax45043_driver.elf.0cNijX.ltrans0.ltrans.o
 *fill*         0x0000000008001ee8        0x8 
 .text.chThdTerminate
                0x0000000008001ef0       0x1c /tmp/app_ax45043_driver.elf.0cNijX.ltrans0.ltrans.o
 *fill*         0x0000000008001f0c        0x4 
 .text.test_terminate_threads
                0x0000000008001f10       0x24 /tmp/app_ax45043_driver.elf.0cNijX.ltrans0.ltrans.o
 *fill*         0x0000000008001f34        0xc 
 .text.cmdexec  0x0000000008001f40       0x2c /tmp/app_ax45043_driver.elf.0cNijX.ltrans0.ltrans.o
 *fill*         0x0000000008001f6c        0x4 
 .text.chThdSetPriority
                0x0000000008001f70       0x34 /tmp/app_ax45043_driver.elf.0cNijX.ltrans0.ltrans.o
 *fill*         0x0000000008001fa4        0xc 
 .text.rt_test_004_004_execute
                0x0000000008001fb0      0x100 /tmp/app_ax45043_driver.elf.0cNijX.ltrans0.ltrans.o
 .text.rt_test_004_003_execute
                0x00000000080020b0       0x88 /tmp/app_ax45043_driver.elf.0cNijX.ltrans0.ltrans.o
 *fill*         0x0000000008002138        0x8 
 .text.rt_test_003_001_execute
                0x0000000008002140       0x1c /tmp/app_ax45043_driver.elf.0cNijX.ltrans0.ltrans.o
 *fill*         0x000000000800215c        0x4 
 .text._test_assert_time_window
                0x0000000008002160       0x20 /tmp/app_ax45043_driver.elf.0cNijX.ltrans0.ltrans.o
 .text.chMsgRelease
                0x0000000008002180       0x14 /tmp/app_ax45043_driver.elf.0cNijX.ltrans0.ltrans.o
 *fill*         0x0000000008002194        0xc 
 .text.chCondSignal
                0x00000000080021a0       0x24 /tmp/app_ax45043_driver.elf.0cNijX.ltrans0.ltrans.o
 *fill*         0x00000000080021c4        0xc 
 .text.chSemSignal
                0x00000000080021d0       0x2c /tmp/app_ax45043_driver.elf.0cNijX.ltrans0.ltrans.o
 *fill*         0x00000000080021fc        0x4 
 .text.chThdResumeS
                0x0000000008002200       0x14 /tmp/app_ax45043_driver.elf.0cNijX.ltrans0.ltrans.o
 *fill*         0x0000000008002214        0xc 
 .text.chThdResume
                0x0000000008002220       0x14 /tmp/app_ax45043_driver.elf.0cNijX.ltrans0.ltrans.o
 *fill*         0x0000000008002234        0xc 
 .text.bmk_thread4
                0x0000000008002240       0x24 /tmp/app_ax45043_driver.elf.0cNijX.ltrans0.ltrans.o
 *fill*         0x0000000008002264        0xc 
 .text.chMsgWaitS
                0x0000000008002270       0x34 /tmp/app_ax45043_driver.elf.0cNijX.ltrans0.ltrans.o
 *fill*         0x00000000080022a4        0xc 
 .text.bmk_thread1
                0x00000000080022b0       0x20 /tmp/app_ax45043_driver.elf.0cNijX.ltrans0.ltrans.o
 .text.chDelegateDispatch
                0x00000000080022d0       0x28 /tmp/app_ax45043_driver.elf.0cNijX.ltrans0.ltrans.o
 *fill*         0x00000000080022f8        0x8 
 .text.chEvtWaitAll
                0x0000000008002300       0x38 /tmp/app_ax45043_driver.elf.0cNijX.ltrans0.ltrans.o
 *fill*         0x0000000008002338        0x8 
 .text.chEvtWaitAny
                0x0000000008002340       0x38 /tmp/app_ax45043_driver.elf.0cNijX.ltrans0.ltrans.o
 *fill*         0x0000000008002378        0x8 
 .text.chEvtWaitOne
                0x0000000008002380       0x3c /tmp/app_ax45043_driver.elf.0cNijX.ltrans0.ltrans.o
 *fill*         0x00000000080023bc        0x4 
 .text.chSemWaitS
                0x00000000080023c0       0x30 /tmp/app_ax45043_driver.elf.0cNijX.ltrans0.ltrans.o
 .text.lru_get_last_s
                0x00000000080023f0       0x60 /tmp/app_ax45043_driver.elf.0cNijX.ltrans0.ltrans.o
 .text.chCacheGetObject
                0x0000000008002450       0x78 /tmp/app_ax45043_driver.elf.0cNijX.ltrans0.ltrans.o
 *fill*         0x00000000080024c8        0x8 
 .text.chSemWait
                0x00000000080024d0       0x14 /tmp/app_ax45043_driver.elf.0cNijX.ltrans0.ltrans.o
 *fill*         0x00000000080024e4        0xc 
 .text.bmk_thread7
                0x00000000080024f0       0x24 /tmp/app_ax45043_driver.elf.0cNijX.ltrans0.ltrans.o
 *fill*         0x0000000008002514        0xc 
 .text.thread3  0x0000000008002520       0x18 /tmp/app_ax45043_driver.elf.0cNijX.ltrans0.ltrans.o
 *fill*         0x0000000008002538        0x8 
 .text.thread1.lto_priv.1
                0x0000000008002540       0x18 /tmp/app_ax45043_driver.elf.0cNijX.ltrans0.ltrans.o
 *fill*         0x0000000008002558        0x8 
 .text.vtcb     0x0000000008002560       0x20 /tmp/app_ax45043_driver.elf.0cNijX.ltrans0.ltrans.o
 .text.rt_test_002_001_execute
                0x0000000008002580       0xb0 /tmp/app_ax45043_driver.elf.0cNijX.ltrans0.ltrans.o
 .text.save_history
                0x0000000008002630       0xa4 /tmp/app_ax45043_driver.elf.0cNijX.ltrans0.ltrans.o
 *fill*         0x00000000080026d4        0xc 
 .text.get_history
                0x00000000080026e0       0xec /tmp/app_ax45043_driver.elf.0cNijX.ltrans0.ltrans.o
 *fill*         0x00000000080027cc        0x4 
 .text.parse_arguments
                0x00000000080027d0       0x50 /tmp/app_ax45043_driver.elf.0cNijX.ltrans0.ltrans.o
 .text.chprintf
                0x0000000008002820       0x1c /tmp/app_ax45043_driver.elf.0cNijX.ltrans0.ltrans.o
 *fill*         0x000000000800283c        0x4 
 .text.ti_help  0x0000000008002840       0x28 /tmp/app_ax45043_driver.elf.0cNijX.ltrans0.ltrans.o
 *fill*         0x0000000008002868        0x8 
 .text.app_init
                0x0000000008002870       0x44 /tmp/app_ax45043_driver.elf.0cNijX.ltrans0.ltrans.o
 *fill*         0x00000000080028b4        0xc 
 .text.cmd_systime
                0x00000000080028c0       0x3c /tmp/app_ax45043_driver.elf.0cNijX.ltrans0.ltrans.o
 *fill*         0x00000000080028fc        0x4 
 .text.cmd_echo
                0x0000000008002900       0x28 /tmp/app_ax45043_driver.elf.0cNijX.ltrans0.ltrans.o
 *fill*         0x0000000008002928        0x8 
 .text.cmd_info
                0x0000000008002930       0xbc /tmp/app_ax45043_driver.elf.0cNijX.ltrans0.ltrans.o
 *fill*         0x00000000080029ec        0x4 
 .text.shellGetLine
                0x00000000080029f0      0x1e8 /tmp/app_ax45043_driver.elf.0cNijX.ltrans0.ltrans.o
 *fill*         0x0000000008002bd8        0x8 
 .text.list_commands
                0x0000000008002be0       0x1c /tmp/app_ax45043_driver.elf.0cNijX.ltrans0.ltrans.o
 *fill*         0x0000000008002bfc        0x4 
 .text.lmx2572_reset
                0x0000000008002c00       0x3c /tmp/app_ax45043_driver.elf.0cNijX.ltrans0.ltrans.o
 *fill*         0x0000000008002c3c        0x4 
 .text.lmx2572_write_reg
                0x0000000008002c40       0x34 /tmp/app_ax45043_driver.elf.0cNijX.ltrans0.ltrans.o
 *fill*         0x0000000008002c74        0xc 
 .text.reg      0x0000000008002c80       0x98 /tmp/app_ax45043_driver.elf.0cNijX.ltrans0.ltrans.o
 *fill*         0x0000000008002d18        0x8 
 .text.lmx2572_load_regs
                0x0000000008002d20       0x24 /tmp/app_ax45043_driver.elf.0cNijX.ltrans0.ltrans.o
 *fill*         0x0000000008002d44        0xc 
 .text.dyn_list_find
                0x0000000008002d50       0x24 /tmp/app_ax45043_driver.elf.0cNijX.ltrans0.ltrans.o
 *fill*         0x0000000008002d74        0xc 
 .text.dyn_find_object
                0x0000000008002d80       0x14 /tmp/app_ax45043_driver.elf.0cNijX.ltrans0.ltrans.o
 *fill*         0x0000000008002d94        0xc 
 .text.dyn_create_object_pool
                0x0000000008002da0       0x34 /tmp/app_ax45043_driver.elf.0cNijX.ltrans0.ltrans.o
 *fill*         0x0000000008002dd4        0xc 
 .text.chMsgSend
                0x0000000008002de0       0x40 /tmp/app_ax45043_driver.elf.0cNijX.ltrans0.ltrans.o
 .text.msg_thread1
                0x0000000008002e20       0x24 /tmp/app_ax45043_driver.elf.0cNijX.ltrans0.ltrans.o
 *fill*         0x0000000008002e44        0xc 
 .text.chDelegateCallVeneer
                0x0000000008002e50       0x24 /tmp/app_ax45043_driver.elf.0cNijX.ltrans0.ltrans.o
 *fill*         0x0000000008002e74        0xc 
 .text.chEvtSignalI
                0x0000000008002e80       0x30 /tmp/app_ax45043_driver.elf.0cNijX.ltrans0.ltrans.o
 .text.chEvtSignal
                0x0000000008002eb0       0x18 /tmp/app_ax45043_driver.elf.0cNijX.ltrans0.ltrans.o
 *fill*         0x0000000008002ec8        0x8 
 .text.chCondBroadcastI
                0x0000000008002ed0       0x20 /tmp/app_ax45043_driver.elf.0cNijX.ltrans0.ltrans.o
 .text.chCondBroadcast
                0x0000000008002ef0       0x18 /tmp/app_ax45043_driver.elf.0cNijX.ltrans0.ltrans.o
 *fill*         0x0000000008002f08        0x8 
 .text.chCondSignalI
                0x0000000008002f10       0x1c /tmp/app_ax45043_driver.elf.0cNijX.ltrans0.ltrans.o
 *fill*         0x0000000008002f2c        0x4 
 .text.chMtxUnlockAll
                0x0000000008002f30       0x50 /tmp/app_ax45043_driver.elf.0cNijX.ltrans0.ltrans.o
 .text.chMtxUnlockS
                0x0000000008002f80       0x4c /tmp/app_ax45043_driver.elf.0cNijX.ltrans0.ltrans.o
 *fill*         0x0000000008002fcc        0x4 
 .text.chMtxUnlock
                0x0000000008002fd0       0x5c /tmp/app_ax45043_driver.elf.0cNijX.ltrans0.ltrans.o
 *fill*         0x000000000800302c        0x4 
 .text.rt_test_007_005_execute
                0x0000000008003030      0x120 /tmp/app_ax45043_driver.elf.0cNijX.ltrans0.ltrans.o
 .text.chMtxLockS
                0x0000000008003150       0xc0 /tmp/app_ax45043_driver.elf.0cNijX.ltrans0.ltrans.o
 .text.chCondWaitS
                0x0000000008003210       0x44 /tmp/app_ax45043_driver.elf.0cNijX.ltrans0.ltrans.o
 *fill*         0x0000000008003254        0xc 
 .text.chCondWait
                0x0000000008003260       0x14 /tmp/app_ax45043_driver.elf.0cNijX.ltrans0.ltrans.o
 *fill*         0x0000000008003274        0xc 
 .text.chMtxLock
                0x0000000008003280       0x14 /tmp/app_ax45043_driver.elf.0cNijX.ltrans0.ltrans.o
 *fill*         0x0000000008003294        0xc 
 .text.thread6  0x00000000080032a0       0x28 /tmp/app_ax45043_driver.elf.0cNijX.ltrans0.ltrans.o
 *fill*         0x00000000080032c8        0x8 
 .text.thread9  0x00000000080032d0       0x20 /tmp/app_ax45043_driver.elf.0cNijX.ltrans0.ltrans.o
 .text.thread1.lto_priv.2
                0x00000000080032f0       0x20 /tmp/app_ax45043_driver.elf.0cNijX.ltrans0.ltrans.o
 .text.chFactoryFindPipe
                0x0000000008003310       0x28 /tmp/app_ax45043_driver.elf.0cNijX.ltrans0.ltrans.o
 *fill*         0x0000000008003338        0x8 
 .text.chFactoryFindObjectsFIFO
                0x0000000008003340       0x28 /tmp/app_ax45043_driver.elf.0cNijX.ltrans0.ltrans.o
 *fill*         0x0000000008003368        0x8 
 .text.chFactoryFindMailbox
                0x0000000008003370       0x28 /tmp/app_ax45043_driver.elf.0cNijX.ltrans0.ltrans.o
 *fill*         0x0000000008003398        0x8 
 .text.chFactoryReleaseSemaphore
                0x00000000080033a0       0x28 /tmp/app_ax45043_driver.elf.0cNijX.ltrans0.ltrans.o
 *fill*         0x00000000080033c8        0x8 
 .text.chFactoryFindSemaphore
                0x00000000080033d0       0x28 /tmp/app_ax45043_driver.elf.0cNijX.ltrans0.ltrans.o
 *fill*         0x00000000080033f8        0x8 
 .text.oslib_test_009_003_teardown
                0x0000000008003400       0x20 /tmp/app_ax45043_driver.elf.0cNijX.ltrans0.ltrans.o
 .text.chFactoryCreateSemaphore
                0x0000000008003420       0x38 /tmp/app_ax45043_driver.elf.0cNijX.ltrans0.ltrans.o
 *fill*         0x0000000008003458        0x8 
 .text.oslib_test_009_003_execute
                0x0000000008003460      0x140 /tmp/app_ax45043_driver.elf.0cNijX.ltrans0.ltrans.o
 .text.chFactoryFindBuffer
                0x00000000080035a0       0x28 /tmp/app_ax45043_driver.elf.0cNijX.ltrans0.ltrans.o
 *fill*         0x00000000080035c8        0x8 
 .text.chFactoryReleaseObject
                0x00000000080035d0       0x28 /tmp/app_ax45043_driver.elf.0cNijX.ltrans0.ltrans.o
 *fill*         0x00000000080035f8        0x8 
 .text.chFactoryFindObject
                0x0000000008003600       0x28 /tmp/app_ax45043_driver.elf.0cNijX.ltrans0.ltrans.o
 *fill*         0x0000000008003628        0x8 
 .text.oslib_test_009_001_teardown
                0x0000000008003630       0x20 /tmp/app_ax45043_driver.elf.0cNijX.ltrans0.ltrans.o
 .text.chFactoryRegisterObject
                0x0000000008003650       0x30 /tmp/app_ax45043_driver.elf.0cNijX.ltrans0.ltrans.o
 .text.oslib_test_009_001_execute
                0x0000000008003680      0x180 /tmp/app_ax45043_driver.elf.0cNijX.ltrans0.ltrans.o
 .text.pipe_read
                0x0000000008003800       0x74 /tmp/app_ax45043_driver.elf.0cNijX.ltrans0.ltrans.o
 *fill*         0x0000000008003874        0xc 
 .text.pipe_write
                0x0000000008003880       0x7c /tmp/app_ax45043_driver.elf.0cNijX.ltrans0.ltrans.o
 *fill*         0x00000000080038fc        0x4 
 .text.chHeapStatus
                0x0000000008003900       0x54 /tmp/app_ax45043_driver.elf.0cNijX.ltrans0.ltrans.o
 *fill*         0x0000000008003954        0xc 
 .text.cmd_mem  0x0000000008003960       0x68 /tmp/app_ax45043_driver.elf.0cNijX.ltrans0.ltrans.o
 *fill*         0x00000000080039c8        0x8 
 .text.chHeapFree
                0x00000000080039d0       0x8c /tmp/app_ax45043_driver.elf.0cNijX.ltrans0.ltrans.o
 *fill*         0x0000000008003a5c        0x4 
 .text.dyn_release_object_heap
                0x0000000008003a60       0x18 /tmp/app_ax45043_driver.elf.0cNijX.ltrans0.ltrans.o
 *fill*         0x0000000008003a78        0x8 
 .text.chFactoryReleasePipe
                0x0000000008003a80       0x24 /tmp/app_ax45043_driver.elf.0cNijX.ltrans0.ltrans.o
 *fill*         0x0000000008003aa4        0xc 
 .text.oslib_test_009_006_teardown
                0x0000000008003ab0       0x20 /tmp/app_ax45043_driver.elf.0cNijX.ltrans0.ltrans.o
 .text.chFactoryReleaseObjectsFIFO
                0x0000000008003ad0       0x24 /tmp/app_ax45043_driver.elf.0cNijX.ltrans0.ltrans.o
 *fill*         0x0000000008003af4        0xc 
 .text.oslib_test_009_005_teardown
                0x0000000008003b00       0x20 /tmp/app_ax45043_driver.elf.0cNijX.ltrans0.ltrans.o
 .text.chFactoryReleaseMailbox
                0x0000000008003b20       0x24 /tmp/app_ax45043_driver.elf.0cNijX.ltrans0.ltrans.o
 *fill*         0x0000000008003b44        0xc 
 .text.oslib_test_009_004_teardown
                0x0000000008003b50       0x20 /tmp/app_ax45043_driver.elf.0cNijX.ltrans0.ltrans.o
 .text.chFactoryReleaseBuffer
                0x0000000008003b70       0x24 /tmp/app_ax45043_driver.elf.0cNijX.ltrans0.ltrans.o
 *fill*         0x0000000008003b94        0xc 
 .text.oslib_test_009_002_teardown
                0x0000000008003ba0       0x20 /tmp/app_ax45043_driver.elf.0cNijX.ltrans0.ltrans.o
 .text.chThdRelease
                0x0000000008003bc0       0x58 /tmp/app_ax45043_driver.elf.0cNijX.ltrans0.ltrans.o
 *fill*         0x0000000008003c18        0x8 
 .text.chRegNextThread
                0x0000000008003c20       0x30 /tmp/app_ax45043_driver.elf.0cNijX.ltrans0.ltrans.o
 .text.cmd_threads
                0x0000000008003c50       0x80 /tmp/app_ax45043_driver.elf.0cNijX.ltrans0.ltrans.o
 .text.chThdWait
                0x0000000008003cd0       0x3c /tmp/app_ax45043_driver.elf.0cNijX.ltrans0.ltrans.o
 *fill*         0x0000000008003d0c        0x4 
 .text.test_wait_threads
                0x0000000008003d10       0x2c /tmp/app_ax45043_driver.elf.0cNijX.ltrans0.ltrans.o
 *fill*         0x0000000008003d3c        0x4 
 .text.rt_test_007_004_teardown
                0x0000000008003d40        0x8 /tmp/app_ax45043_driver.elf.0cNijX.ltrans0.ltrans.o
 *fill*         0x0000000008003d48        0x8 
 .text.rt_test_006_006_teardown
                0x0000000008003d50        0x8 /tmp/app_ax45043_driver.elf.0cNijX.ltrans0.ltrans.o
 *fill*         0x0000000008003d58        0x8 
 .text.rt_test_006_005_teardown
                0x0000000008003d60        0x8 /tmp/app_ax45043_driver.elf.0cNijX.ltrans0.ltrans.o
 *fill*         0x0000000008003d68        0x8 
 .text.chHeapAllocAligned
                0x0000000008003d70       0xf0 /tmp/app_ax45043_driver.elf.0cNijX.ltrans0.ltrans.o
 .text.oslib_test_008_002_execute
                0x0000000008003e60       0x68 /tmp/app_ax45043_driver.elf.0cNijX.ltrans0.ltrans.o
 *fill*         0x0000000008003ec8        0x8 
 .text.oslib_test_008_001_execute
                0x0000000008003ed0      0x354 /tmp/app_ax45043_driver.elf.0cNijX.ltrans0.ltrans.o
 *fill*         0x0000000008004224        0xc 
 .text.dyn_create_object_heap
                0x0000000008004230       0x38 /tmp/app_ax45043_driver.elf.0cNijX.ltrans0.ltrans.o
 *fill*         0x0000000008004268        0x8 
 .text.chFactoryCreateMailbox
                0x0000000008004270       0x3c /tmp/app_ax45043_driver.elf.0cNijX.ltrans0.ltrans.o
 *fill*         0x00000000080042ac        0x4 
 .text.oslib_test_009_004_execute
                0x00000000080042b0      0x140 /tmp/app_ax45043_driver.elf.0cNijX.ltrans0.ltrans.o
 .text.chFactoryCreateBuffer
                0x00000000080043f0       0x38 /tmp/app_ax45043_driver.elf.0cNijX.ltrans0.ltrans.o
 *fill*         0x0000000008004428        0x8 
 .text.oslib_test_009_002_execute
                0x0000000008004430      0x140 /tmp/app_ax45043_driver.elf.0cNijX.ltrans0.ltrans.o
 .text.chSemSignalWait
                0x0000000008004570       0x60 /tmp/app_ax45043_driver.elf.0cNijX.ltrans0.ltrans.o
 .text.chSemAddCounterI
                0x00000000080045d0       0x2c /tmp/app_ax45043_driver.elf.0cNijX.ltrans0.ltrans.o
 *fill*         0x00000000080045fc        0x4 
 .text.chSemSignalI
                0x0000000008004600       0x24 /tmp/app_ax45043_driver.elf.0cNijX.ltrans0.ltrans.o
 *fill*         0x0000000008004624        0xc 
 .text.thread4  0x0000000008004630       0x20 /tmp/app_ax45043_driver.elf.0cNijX.ltrans0.ltrans.o
 .text.chCacheReleaseObjectI
                0x0000000008004650       0x8c /tmp/app_ax45043_driver.elf.0cNijX.ltrans0.ltrans.o
 *fill*         0x00000000080046dc        0x4 
 .text.oslib_test_006_001_execute
                0x00000000080046e0      0x2d0 /tmp/app_ax45043_driver.elf.0cNijX.ltrans0.ltrans.o
 .text.obj_read
                0x00000000080049b0       0x3c /tmp/app_ax45043_driver.elf.0cNijX.ltrans0.ltrans.o
 *fill*         0x00000000080049ec        0x4 
 .text.chGuardedPoolFree
                0x00000000080049f0       0x24 /tmp/app_ax45043_driver.elf.0cNijX.ltrans0.ltrans.o
 *fill*         0x0000000008004a14        0xc 
 .text.chGuardedPoolLoadArray
                0x0000000008004a20       0x1c /tmp/app_ax45043_driver.elf.0cNijX.ltrans0.ltrans.o
 *fill*         0x0000000008004a3c        0x4 
 .text.chFactoryCreateObjectsFIFO
                0x0000000008004a40       0x70 /tmp/app_ax45043_driver.elf.0cNijX.ltrans0.ltrans.o
 .text.oslib_test_009_005_execute
                0x0000000008004ab0      0x148 /tmp/app_ax45043_driver.elf.0cNijX.ltrans0.ltrans.o
 *fill*         0x0000000008004bf8        0x8 
 .text.chSemResetWithMessageI
                0x0000000008004c00       0x24 /tmp/app_ax45043_driver.elf.0cNijX.ltrans0.ltrans.o
 *fill*         0x0000000008004c24        0xc 
 .text.chSemResetWithMessage
                0x0000000008004c30       0x18 /tmp/app_ax45043_driver.elf.0cNijX.ltrans0.ltrans.o
 *fill*         0x0000000008004c48        0x8 
 .text.rt_test_006_001_execute
                0x0000000008004c50       0xc8 /tmp/app_ax45043_driver.elf.0cNijX.ltrans0.ltrans.o
 *fill*         0x0000000008004d18        0x8 
 .text.rt_test_006_001_teardown
                0x0000000008004d20       0x14 /tmp/app_ax45043_driver.elf.0cNijX.ltrans0.ltrans.o
 *fill*         0x0000000008004d34        0xc 
 .text.chThdExitS
                0x0000000008004d40       0x44 /tmp/app_ax45043_driver.elf.0cNijX.ltrans0.ltrans.o
 *fill*         0x0000000008004d84        0xc 
 .text.chEvtWaitAllTimeout
                0x0000000008004d90       0x4c /tmp/app_ax45043_driver.elf.0cNijX.ltrans0.ltrans.o
 *fill*         0x0000000008004ddc        0x4 
 .text.chEvtWaitAnyTimeout
                0x0000000008004de0       0x50 /tmp/app_ax45043_driver.elf.0cNijX.ltrans0.ltrans.o
 .text.chEvtWaitOneTimeout
                0x0000000008004e30       0x54 /tmp/app_ax45043_driver.elf.0cNijX.ltrans0.ltrans.o
 *fill*         0x0000000008004e84        0xc 
 .text.rt_test_009_006_execute
                0x0000000008004e90       0xb8 /tmp/app_ax45043_driver.elf.0cNijX.ltrans0.ltrans.o
 *fill*         0x0000000008004f48        0x8 
 .text.chCondWaitTimeoutS
                0x0000000008004f50       0x54 /tmp/app_ax45043_driver.elf.0cNijX.ltrans0.ltrans.o
 *fill*         0x0000000008004fa4        0xc 
 .text.chCondWaitTimeout
                0x0000000008004fb0       0x14 /tmp/app_ax45043_driver.elf.0cNijX.ltrans0.ltrans.o
 *fill*         0x0000000008004fc4        0xc 
 .text.thread8  0x0000000008004fd0       0x40 /tmp/app_ax45043_driver.elf.0cNijX.ltrans0.ltrans.o
 .text.chSemWaitTimeoutS
                0x0000000008005010       0x38 /tmp/app_ax45043_driver.elf.0cNijX.ltrans0.ltrans.o
 *fill*         0x0000000008005048        0x8 
 .text.chGuardedPoolAllocTimeoutS
                0x0000000008005050       0x18 /tmp/app_ax45043_driver.elf.0cNijX.ltrans0.ltrans.o
 *fill*         0x0000000008005068        0x8 
 .text.chGuardedPoolAllocTimeout
                0x0000000008005070       0x14 /tmp/app_ax45043_driver.elf.0cNijX.ltrans0.ltrans.o
 *fill*         0x0000000008005084        0xc 
 .text.oslib_test_007_003_execute
                0x0000000008005090       0x2c /tmp/app_ax45043_driver.elf.0cNijX.ltrans0.ltrans.o
 *fill*         0x00000000080050bc        0x4 
 .text.oslib_test_007_002_execute
                0x00000000080050c0       0xc8 /tmp/app_ax45043_driver.elf.0cNijX.ltrans0.ltrans.o
 *fill*         0x0000000008005188        0x8 
 .text.chSemWaitTimeout
                0x0000000008005190       0x14 /tmp/app_ax45043_driver.elf.0cNijX.ltrans0.ltrans.o
 *fill*         0x00000000080051a4        0xc 
 .text.chThdSuspendTimeoutS
                0x00000000080051b0       0x20 /tmp/app_ax45043_driver.elf.0cNijX.ltrans0.ltrans.o
 .text.chPipeReadTimeout
                0x00000000080051d0       0x68 /tmp/app_ax45043_driver.elf.0cNijX.ltrans0.ltrans.o
 *fill*         0x0000000008005238        0x8 
 .text.chPipeWriteTimeout
                0x0000000008005240       0x68 /tmp/app_ax45043_driver.elf.0cNijX.ltrans0.ltrans.o
 *fill*         0x00000000080052a8        0x8 
 .text.oslib_test_003_002_execute
                0x00000000080052b0       0xbc /tmp/app_ax45043_driver.elf.0cNijX.ltrans0.ltrans.o
 *fill*         0x000000000800536c        0x4 
 .text.chThdSleepUntil
                0x0000000008005370       0x24 /tmp/app_ax45043_driver.elf.0cNijX.ltrans0.ltrans.o
 *fill*         0x0000000008005394        0xc 
 .text.chThdSleep
                0x00000000080053a0       0x18 /tmp/app_ax45043_driver.elf.0cNijX.ltrans0.ltrans.o
 *fill*         0x00000000080053b8        0x8 
 .text.main_loop
                0x00000000080053c0       0x58 /tmp/app_ax45043_driver.elf.0cNijX.ltrans0.ltrans.o
 *fill*         0x0000000008005418        0x8 
 .text.job_slow
                0x0000000008005420       0x10 /tmp/app_ax45043_driver.elf.0cNijX.ltrans0.ltrans.o
 .text.evt_thread3
                0x0000000008005430       0x18 /tmp/app_ax45043_driver.elf.0cNijX.ltrans0.ltrans.o
 *fill*         0x0000000008005448        0x8 
 .text.thread4A
                0x0000000008005450       0x20 /tmp/app_ax45043_driver.elf.0cNijX.ltrans0.ltrans.o
 .text.thread4B
                0x0000000008005470       0x30 /tmp/app_ax45043_driver.elf.0cNijX.ltrans0.ltrans.o
 .text.thread2  0x00000000080054a0       0x28 /tmp/app_ax45043_driver.elf.0cNijX.ltrans0.ltrans.o
 *fill*         0x00000000080054c8        0x8 
 .text.rt_test_004_001_execute
                0x00000000080054d0       0xc8 /tmp/app_ax45043_driver.elf.0cNijX.ltrans0.ltrans.o
 *fill*         0x0000000008005598        0x8 
 .text.rt_test_002_002_execute
                0x00000000080055a0       0xcc /tmp/app_ax45043_driver.elf.0cNijX.ltrans0.ltrans.o
 *fill*         0x000000000800566c        0x4 
 .text.test_wait_tick
                0x0000000008005670       0x1c /tmp/app_ax45043_driver.elf.0cNijX.ltrans0.ltrans.o
 *fill*         0x000000000800568c        0x4 
 .text.rt_test_011_011_execute
                0x0000000008005690       0x7c /tmp/app_ax45043_driver.elf.0cNijX.ltrans0.ltrans.o
 *fill*         0x000000000800570c        0x4 
 .text.rt_test_011_010_execute
                0x0000000008005710       0x7c /tmp/app_ax45043_driver.elf.0cNijX.ltrans0.ltrans.o
 *fill*         0x000000000800578c        0x4 
 .text.rt_test_011_009_execute
                0x0000000008005790       0x90 /tmp/app_ax45043_driver.elf.0cNijX.ltrans0.ltrans.o
 .text.msg_loop_test
                0x0000000008005820       0x30 /tmp/app_ax45043_driver.elf.0cNijX.ltrans0.ltrans.o
 .text.test_execute
                0x0000000008005850      0x26c /tmp/app_ax45043_driver.elf.0cNijX.ltrans0.ltrans.o
 *fill*         0x0000000008005abc        0x4 
 .text.test_rt  0x0000000008005ac0       0x10 /tmp/app_ax45043_driver.elf.0cNijX.ltrans0.ltrans.o
 .text.test_oslib
                0x0000000008005ad0       0x10 /tmp/app_ax45043_driver.elf.0cNijX.ltrans0.ltrans.o
 .text.chThdYield
                0x0000000008005ae0       0x28 /tmp/app_ax45043_driver.elf.0cNijX.ltrans0.ltrans.o
 *fill*         0x0000000008005b08        0x8 
 .text.bmk_thread8
                0x0000000008005b10       0x30 /tmp/app_ax45043_driver.elf.0cNijX.ltrans0.ltrans.o
 .text._port_irq_epilogue
                0x0000000008005b40       0x48 /tmp/app_ax45043_driver.elf.0cNijX.ltrans0.ltrans.o
                0x0000000008005b40                _port_irq_epilogue
 *fill*         0x0000000008005b88        0x8 
 .text.port_init
                0x0000000008005b90       0x4c /tmp/app_ax45043_driver.elf.0cNijX.ltrans0.ltrans.o
                0x0000000008005b90                port_init
 *fill*         0x0000000008005bdc        0x4 
 .text.SVC_Handler
                0x0000000008005be0       0x14 /tmp/app_ax45043_driver.elf.0cNijX.ltrans0.ltrans.o
                0x0000000008005be0                SVC_Handler
 *fill*         0x0000000008005bf4        0xc 
 .text._core_init
                0x0000000008005c00       0x18 /tmp/app_ax45043_driver.elf.0cNijX.ltrans0.ltrans.o
                0x0000000008005c00                _core_init
 *fill*         0x0000000008005c18        0x8 
 .text.chEvtBroadcastFlagsI
                0x0000000008005c20       0x2c /tmp/app_ax45043_driver.elf.0cNijX.ltrans0.ltrans.o
                0x0000000008005c20                chEvtBroadcastFlagsI
 *fill*         0x0000000008005c4c        0x4 
 .text.shellExit
                0x0000000008005c50       0x20 /tmp/app_ax45043_driver.elf.0cNijX.ltrans0.ltrans.o
 .text.shellThread
                0x0000000008005c70      0x17c /tmp/app_ax45043_driver.elf.0cNijX.ltrans0.ltrans.o
 *fill*         0x0000000008005dec        0x4 
 .text.cmd_exit
                0x0000000008005df0       0x20 /tmp/app_ax45043_driver.elf.0cNijX.ltrans0.ltrans.o
 .text.chEvtBroadcastFlags
                0x0000000008005e10       0x18 /tmp/app_ax45043_driver.elf.0cNijX.ltrans0.ltrans.o
 *fill*         0x0000000008005e28        0x8 
 .text.evt_thread7
                0x0000000008005e30       0x24 /tmp/app_ax45043_driver.elf.0cNijX.ltrans0.ltrans.o
 *fill*         0x0000000008005e54        0xc 
 .text.chMtxObjectInit
                0x0000000008005e60        0xc /tmp/app_ax45043_driver.elf.0cNijX.ltrans0.ltrans.o
                0x0000000008005e60                chMtxObjectInit
 *fill*         0x0000000008005e6c        0x4 
 .text.rt_test_011_011_setup
                0x0000000008005e70       0x10 /tmp/app_ax45043_driver.elf.0cNijX.ltrans0.ltrans.o
 .text.rt_test_007_009_setup
                0x0000000008005e80       0x24 /tmp/app_ax45043_driver.elf.0cNijX.ltrans0.ltrans.o
 *fill*         0x0000000008005ea4        0xc 
 .text.rt_test_007_008_setup
                0x0000000008005eb0       0x18 /tmp/app_ax45043_driver.elf.0cNijX.ltrans0.ltrans.o
 *fill*         0x0000000008005ec8        0x8 
 .text.rt_test_007_007_setup
                0x0000000008005ed0       0x18 /tmp/app_ax45043_driver.elf.0cNijX.ltrans0.ltrans.o
 *fill*         0x0000000008005ee8        0x8 
 .text.rt_test_007_005_setup
                0x0000000008005ef0       0x10 /tmp/app_ax45043_driver.elf.0cNijX.ltrans0.ltrans.o
 .text.rt_test_007_004_setup
                0x0000000008005f00       0x18 /tmp/app_ax45043_driver.elf.0cNijX.ltrans0.ltrans.o
 *fill*         0x0000000008005f18        0x8 
 .text.rt_test_007_001_setup
                0x0000000008005f20       0x10 /tmp/app_ax45043_driver.elf.0cNijX.ltrans0.ltrans.o
 .text._factory_init
                0x0000000008005f30       0x54 /tmp/app_ax45043_driver.elf.0cNijX.ltrans0.ltrans.o
                0x0000000008005f30                _factory_init
 *fill*         0x0000000008005f84        0xc 
 .text.chPipeObjectInit
                0x0000000008005f90       0x30 /tmp/app_ax45043_driver.elf.0cNijX.ltrans0.ltrans.o
 .text.oslib_test_003_002_setup
                0x0000000008005fc0       0x18 /tmp/app_ax45043_driver.elf.0cNijX.ltrans0.ltrans.o
 *fill*         0x0000000008005fd8        0x8 
 .text.oslib_test_003_001_setup
                0x0000000008005fe0       0x18 /tmp/app_ax45043_driver.elf.0cNijX.ltrans0.ltrans.o
 *fill*         0x0000000008005ff8        0x8 
 .text.chFactoryCreatePipe
                0x0000000008006000       0x3c /tmp/app_ax45043_driver.elf.0cNijX.ltrans0.ltrans.o
 *fill*         0x000000000800603c        0x4 
 .text.oslib_test_009_006_execute
                0x0000000008006040      0x140 /tmp/app_ax45043_driver.elf.0cNijX.ltrans0.ltrans.o
 .text.chHeapObjectInit
                0x0000000008006180       0x24 /tmp/app_ax45043_driver.elf.0cNijX.ltrans0.ltrans.o
 *fill*         0x00000000080061a4        0xc 
 .text.oslib_test_008_001_setup
                0x00000000080061b0       0x18 /tmp/app_ax45043_driver.elf.0cNijX.ltrans0.ltrans.o
 *fill*         0x00000000080061c8        0x8 
 .text.rt_test_010_001_setup
                0x00000000080061d0       0x18 /tmp/app_ax45043_driver.elf.0cNijX.ltrans0.ltrans.o
 *fill*         0x00000000080061e8        0x8 
 .text._heap_init
                0x00000000080061f0       0x20 /tmp/app_ax45043_driver.elf.0cNijX.ltrans0.ltrans.o
                0x00000000080061f0                _heap_init
 .text._tm_init
                0x0000000008006210       0x28 /tmp/app_ax45043_driver.elf.0cNijX.ltrans0.ltrans.o
                0x0000000008006210                _tm_init
 *fill*         0x0000000008006238        0x8 
 .text.chThdDequeueAllI
                0x0000000008006240       0x1c /tmp/app_ax45043_driver.elf.0cNijX.ltrans0.ltrans.o
                0x0000000008006240                chThdDequeueAllI
 *fill*         0x000000000800625c        0x4 
 .text.chMBResetI
                0x0000000008006260       0x2c /tmp/app_ax45043_driver.elf.0cNijX.ltrans0.ltrans.o
 *fill*         0x000000000800628c        0x4 
 .text.chMBReset
                0x0000000008006290       0x18 /tmp/app_ax45043_driver.elf.0cNijX.ltrans0.ltrans.o
 *fill*         0x00000000080062a8        0x8 
 .text.oslib_test_002_003_teardown
                0x00000000080062b0       0x10 /tmp/app_ax45043_driver.elf.0cNijX.ltrans0.ltrans.o
 .text.oslib_test_002_002_teardown
                0x00000000080062c0       0x10 /tmp/app_ax45043_driver.elf.0cNijX.ltrans0.ltrans.o
 .text.oslib_test_002_001_teardown
                0x00000000080062d0       0x10 /tmp/app_ax45043_driver.elf.0cNijX.ltrans0.ltrans.o
 .text.chThdDequeueNextI
                0x00000000080062e0       0x18 /tmp/app_ax45043_driver.elf.0cNijX.ltrans0.ltrans.o
                0x00000000080062e0                chThdDequeueNextI
 *fill*         0x00000000080062f8        0x8 
 .text.chMBFetchI
                0x0000000008006300       0x40 /tmp/app_ax45043_driver.elf.0cNijX.ltrans0.ltrans.o
 .text.chMBPostAheadI
                0x0000000008006340       0x44 /tmp/app_ax45043_driver.elf.0cNijX.ltrans0.ltrans.o
 *fill*         0x0000000008006384        0xc 
 .text.chMBPostI
                0x0000000008006390       0x48 /tmp/app_ax45043_driver.elf.0cNijX.ltrans0.ltrans.o
 *fill*         0x00000000080063d8        0x8 
 .text.chThdEnqueueTimeoutS
                0x00000000080063e0       0x24 /tmp/app_ax45043_driver.elf.0cNijX.ltrans0.ltrans.o
                0x00000000080063e0                chThdEnqueueTimeoutS
 *fill*         0x0000000008006404        0xc 
 .text.chMBFetchTimeoutS
                0x0000000008006410       0x58 /tmp/app_ax45043_driver.elf.0cNijX.ltrans0.ltrans.o
 *fill*         0x0000000008006468        0x8 
 .text.chMBFetchTimeout
                0x0000000008006470       0x14 /tmp/app_ax45043_driver.elf.0cNijX.ltrans0.ltrans.o
 *fill*         0x0000000008006484        0xc 
 .text.Thread1.lto_priv.0
                0x0000000008006490       0x40 /tmp/app_ax45043_driver.elf.0cNijX.ltrans0.ltrans.o
 .text.chMBPostAheadTimeoutS
                0x00000000080064d0       0x60 /tmp/app_ax45043_driver.elf.0cNijX.ltrans0.ltrans.o
 .text.chMBPostAheadTimeout
                0x0000000008006530       0x14 /tmp/app_ax45043_driver.elf.0cNijX.ltrans0.ltrans.o
 *fill*         0x0000000008006544        0xc 
 .text.chMBPostTimeoutS
                0x0000000008006550       0x60 /tmp/app_ax45043_driver.elf.0cNijX.ltrans0.ltrans.o
 .text.chMBPostTimeout
                0x00000000080065b0       0x14 /tmp/app_ax45043_driver.elf.0cNijX.ltrans0.ltrans.o
 *fill*         0x00000000080065c4        0xc 
 .text.oslib_test_002_003_execute
                0x00000000080065d0      0x12c /tmp/app_ax45043_driver.elf.0cNijX.ltrans0.ltrans.o
 *fill*         0x00000000080066fc        0x4 
 .text.oslib_test_002_002_execute
                0x0000000008006700      0x340 /tmp/app_ax45043_driver.elf.0cNijX.ltrans0.ltrans.o
 .text.oslib_test_002_001_execute
                0x0000000008006a40      0x3a0 /tmp/app_ax45043_driver.elf.0cNijX.ltrans0.ltrans.o
 .text.chThdResumeI
                0x0000000008006de0       0x14 /tmp/app_ax45043_driver.elf.0cNijX.ltrans0.ltrans.o
                0x0000000008006de0                chThdResumeI
 *fill*         0x0000000008006df4        0xc 
 .text.thread1.lto_priv.0
                0x0000000008006e00       0x28 /tmp/app_ax45043_driver.elf.0cNijX.ltrans0.ltrans.o
 *fill*         0x0000000008006e28        0x8 
 .text.chPipeReset
                0x0000000008006e30       0x4c /tmp/app_ax45043_driver.elf.0cNijX.ltrans0.ltrans.o
 *fill*         0x0000000008006e7c        0x4 
 .text.oslib_test_003_001_execute
                0x0000000008006e80      0x574 /tmp/app_ax45043_driver.elf.0cNijX.ltrans0.ltrans.o
 *fill*         0x00000000080073f4        0xc 
 .text.chThdExit
                0x0000000008007400       0x10 /tmp/app_ax45043_driver.elf.0cNijX.ltrans0.ltrans.o
                0x0000000008007400                chThdExit
 .text.Thread1.lto_priv.1
                0x0000000008007410       0x24 /tmp/app_ax45043_driver.elf.0cNijX.ltrans0.ltrans.o
 *fill*         0x0000000008007434        0xc 
 .text.bmk_thread3
                0x0000000008007440        0x8 /tmp/app_ax45043_driver.elf.0cNijX.ltrans0.ltrans.o
 *fill*         0x0000000008007448        0x8 
 .text._thread_init
                0x0000000008007450       0x40 /tmp/app_ax45043_driver.elf.0cNijX.ltrans0.ltrans.o
                0x0000000008007450                _thread_init
 .text.chThdCreateStatic
                0x0000000008007490       0x48 /tmp/app_ax45043_driver.elf.0cNijX.ltrans0.ltrans.o
 *fill*         0x00000000080074d8        0x8 
 .text.rt_test_011_008_execute
                0x00000000080074e0       0xf4 /tmp/app_ax45043_driver.elf.0cNijX.ltrans0.ltrans.o
 *fill*         0x00000000080075d4        0xc 
 .text.rt_test_011_007_execute
                0x00000000080075e0      0x12c /tmp/app_ax45043_driver.elf.0cNijX.ltrans0.ltrans.o
 *fill*         0x000000000800770c        0x4 
 .text.rt_test_011_006_execute
                0x0000000008007710       0x74 /tmp/app_ax45043_driver.elf.0cNijX.ltrans0.ltrans.o
 *fill*         0x0000000008007784        0xc 
 .text.rt_test_011_005_execute
                0x0000000008007790       0x74 /tmp/app_ax45043_driver.elf.0cNijX.ltrans0.ltrans.o
 *fill*         0x0000000008007804        0xc 
 .text.rt_test_011_004_execute
                0x0000000008007810       0xc4 /tmp/app_ax45043_driver.elf.0cNijX.ltrans0.ltrans.o
 *fill*         0x00000000080078d4        0xc 
 .text.rt_test_011_003_execute
                0x00000000080078e0       0xf8 /tmp/app_ax45043_driver.elf.0cNijX.ltrans0.ltrans.o
 *fill*         0x00000000080079d8        0x8 
 .text.rt_test_011_002_execute
                0x00000000080079e0       0x7c /tmp/app_ax45043_driver.elf.0cNijX.ltrans0.ltrans.o
 *fill*         0x0000000008007a5c        0x4 
 .text.rt_test_011_001_execute
                0x0000000008007a60       0x7c /tmp/app_ax45043_driver.elf.0cNijX.ltrans0.ltrans.o
 *fill*         0x0000000008007adc        0x4 
 .text.rt_test_009_007_execute
                0x0000000008007ae0       0xf0 /tmp/app_ax45043_driver.elf.0cNijX.ltrans0.ltrans.o
 .text.rt_test_009_005_execute
                0x0000000008007bd0       0xe8 /tmp/app_ax45043_driver.elf.0cNijX.ltrans0.ltrans.o
 *fill*         0x0000000008007cb8        0x8 
 .text.rt_test_009_004_execute
                0x0000000008007cc0       0xe4 /tmp/app_ax45043_driver.elf.0cNijX.ltrans0.ltrans.o
 *fill*         0x0000000008007da4        0xc 
 .text.rt_test_009_003_execute
                0x0000000008007db0      0x118 /tmp/app_ax45043_driver.elf.0cNijX.ltrans0.ltrans.o
 *fill*         0x0000000008007ec8        0x8 
 .text.rt_test_008_001_execute
                0x0000000008007ed0       0x7c /tmp/app_ax45043_driver.elf.0cNijX.ltrans0.ltrans.o
 *fill*         0x0000000008007f4c        0x4 
 .text.rt_test_007_009_execute
                0x0000000008007f50       0xb8 /tmp/app_ax45043_driver.elf.0cNijX.ltrans0.ltrans.o
 *fill*         0x0000000008008008        0x8 
 .text.rt_test_007_008_execute
                0x0000000008008010       0xd8 /tmp/app_ax45043_driver.elf.0cNijX.ltrans0.ltrans.o
 *fill*         0x00000000080080e8        0x8 
 .text.rt_test_007_007_execute
                0x00000000080080f0      0x104 /tmp/app_ax45043_driver.elf.0cNijX.ltrans0.ltrans.o
 *fill*         0x00000000080081f4        0xc 
 .text.rt_test_007_004_execute
                0x0000000008008200      0x13c /tmp/app_ax45043_driver.elf.0cNijX.ltrans0.ltrans.o
 *fill*         0x000000000800833c        0x4 
 .text.rt_test_007_001_execute
                0x0000000008008340      0x108 /tmp/app_ax45043_driver.elf.0cNijX.ltrans0.ltrans.o
 *fill*         0x0000000008008448        0x8 
 .text.rt_test_006_006_execute
                0x0000000008008450      0x1e0 /tmp/app_ax45043_driver.elf.0cNijX.ltrans0.ltrans.o
 .text.rt_test_006_005_execute
                0x0000000008008630       0xb0 /tmp/app_ax45043_driver.elf.0cNijX.ltrans0.ltrans.o
 .text.rt_test_006_004_execute
                0x00000000080086e0       0x9c /tmp/app_ax45043_driver.elf.0cNijX.ltrans0.ltrans.o
 *fill*         0x000000000800877c        0x4 
 .text.rt_test_006_003_execute
                0x0000000008008780      0x178 /tmp/app_ax45043_driver.elf.0cNijX.ltrans0.ltrans.o
 *fill*         0x00000000080088f8        0x8 
 .text.rt_test_006_002_execute
                0x0000000008008900      0x104 /tmp/app_ax45043_driver.elf.0cNijX.ltrans0.ltrans.o
 *fill*         0x0000000008008a04        0xc 
 .text.rt_test_005_001_execute
                0x0000000008008a10       0xf0 /tmp/app_ax45043_driver.elf.0cNijX.ltrans0.ltrans.o
 .text.rt_test_004_002_execute
                0x0000000008008b00      0x1f8 /tmp/app_ax45043_driver.elf.0cNijX.ltrans0.ltrans.o
 *fill*         0x0000000008008cf8        0x8 
 .text.chThdCreateSuspendedI
                0x0000000008008d00       0x38 /tmp/app_ax45043_driver.elf.0cNijX.ltrans0.ltrans.o
 *fill*         0x0000000008008d38        0x8 
 .text.chThdCreateFromMemoryPool
                0x0000000008008d40       0x54 /tmp/app_ax45043_driver.elf.0cNijX.ltrans0.ltrans.o
 *fill*         0x0000000008008d94        0xc 
 .text.rt_test_010_002_execute
                0x0000000008008da0      0x184 /tmp/app_ax45043_driver.elf.0cNijX.ltrans0.ltrans.o
 *fill*         0x0000000008008f24        0xc 
 .text.chThdCreateFromHeap
                0x0000000008008f30       0x4c /tmp/app_ax45043_driver.elf.0cNijX.ltrans0.ltrans.o
 *fill*         0x0000000008008f7c        0x4 
 .text.main     0x0000000008008f80       0x44 /tmp/app_ax45043_driver.elf.0cNijX.ltrans0.ltrans.o
                0x0000000008008f80                main
 *fill*         0x0000000008008fc4        0xc 
 .text.rt_test_010_001_execute
                0x0000000008008fd0      0x170 /tmp/app_ax45043_driver.elf.0cNijX.ltrans0.ltrans.o
 .text.cmd_test
                0x0000000008009140       0x8c /tmp/app_ax45043_driver.elf.0cNijX.ltrans0.ltrans.o
 *fill*         0x00000000080091cc        0x4 
 .text.chThdCreate
                0x00000000080091d0       0x20 /tmp/app_ax45043_driver.elf.0cNijX.ltrans0.ltrans.o
                0x00000000080091d0                chThdCreate
 .text.oslib_test_005_001_execute
                0x00000000080091f0      0x180 /tmp/app_ax45043_driver.elf.0cNijX.ltrans0.ltrans.o
 .text.oslib_test_004_001_execute
                0x0000000008009370      0x13c /tmp/app_ax45043_driver.elf.0cNijX.ltrans0.ltrans.o
 *fill*         0x00000000080094ac        0x4 
 .text.chSchReadyAheadI
                0x00000000080094b0       0x24 /tmp/app_ax45043_driver.elf.0cNijX.ltrans1.ltrans.o
 *fill*         0x00000000080094d4        0xc 
 .text._scheduler_init
                0x00000000080094e0       0x14 /tmp/app_ax45043_driver.elf.0cNijX.ltrans1.ltrans.o
 *fill*         0x00000000080094f4        0xc 
 .text._vt_init
                0x0000000008009500       0x1c /tmp/app_ax45043_driver.elf.0cNijX.ltrans1.ltrans.o
 *fill*         0x000000000800951c        0x4 
 .text.chSysHalt
                0x0000000008009520        0xc /tmp/app_ax45043_driver.elf.0cNijX.ltrans1.ltrans.o
 *fill*         0x000000000800952c        0x4 
 .text._idle_thread
                0x0000000008009530        0x4 /tmp/app_ax45043_driver.elf.0cNijX.ltrans1.ltrans.o
 *fill*         0x0000000008009534        0xc 
 .text.gpio_init
                0x0000000008009540       0x20 /tmp/app_ax45043_driver.elf.0cNijX.ltrans1.ltrans.o
 .text.stm32_gpio_init
                0x0000000008009560       0xa4 /tmp/app_ax45043_driver.elf.0cNijX.ltrans1.ltrans.o
 *fill*         0x0000000008009604        0xc 
 .text.notify2  0x0000000008009610       0x10 /tmp/app_ax45043_driver.elf.0cNijX.ltrans1.ltrans.o
 .text.usart_init
                0x0000000008009620       0x8c /tmp/app_ax45043_driver.elf.0cNijX.ltrans1.ltrans.o
 *fill*         0x00000000080096ac        0x4 
 .text.spi_lld_send
                0x00000000080096b0       0x50 /tmp/app_ax45043_driver.elf.0cNijX.ltrans1.ltrans.o
 .text.spi_lld_serve_tx_interrupt
                0x0000000008009700       0x14 /tmp/app_ax45043_driver.elf.0cNijX.ltrans1.ltrans.o
 *fill*         0x0000000008009714        0xc 
 .text._pal_lld_init
                0x0000000008009720       0x1c /tmp/app_ax45043_driver.elf.0cNijX.ltrans1.ltrans.o
 *fill*         0x000000000800973c        0x4 
 .text.dmaInit  0x0000000008009740       0x44 /tmp/app_ax45043_driver.elf.0cNijX.ltrans1.ltrans.o
 *fill*         0x0000000008009784        0xc 
 .text.stm32_clock_init
                0x0000000008009790      0x18c /tmp/app_ax45043_driver.elf.0cNijX.ltrans1.ltrans.o
 *fill*         0x000000000800991c        0x4 
 .text.hal_lld_backup_domain_init
                0x0000000008009920       0x38 /tmp/app_ax45043_driver.elf.0cNijX.ltrans1.ltrans.o
 *fill*         0x0000000008009958        0x8 
 .text.nvicEnableVector
                0x0000000008009960       0x28 /tmp/app_ax45043_driver.elf.0cNijX.ltrans1.ltrans.o
 *fill*         0x0000000008009988        0x8 
 .text.sd_lld_start
                0x0000000008009990       0x4c /tmp/app_ax45043_driver.elf.0cNijX.ltrans1.ltrans.o
 *fill*         0x00000000080099dc        0x4 
 .text.st_lld_init
                0x00000000080099e0       0x54 /tmp/app_ax45043_driver.elf.0cNijX.ltrans1.ltrans.o
 *fill*         0x0000000008009a34        0xc 
 .text.dmaStreamAllocI
                0x0000000008009a40       0xc8 /tmp/app_ax45043_driver.elf.0cNijX.ltrans1.ltrans.o
 *fill*         0x0000000008009b08        0x8 
 .text.spi_lld_start
                0x0000000008009b10      0x130 /tmp/app_ax45043_driver.elf.0cNijX.ltrans1.ltrans.o
 .text.irqInit  0x0000000008009c40       0x3c /tmp/app_ax45043_driver.elf.0cNijX.ltrans1.ltrans.o
 *fill*         0x0000000008009c7c        0x4 
 .text.hal_lld_init
                0x0000000008009c80       0x64 /tmp/app_ax45043_driver.elf.0cNijX.ltrans1.ltrans.o
 *fill*         0x0000000008009ce4        0xc 
 .text._ctl     0x0000000008009cf0        0x4 /tmp/app_ax45043_driver.elf.0cNijX.ltrans1.ltrans.o
 *fill*         0x0000000008009cf4        0xc 
 .text.oqObjectInit
                0x0000000008009d00       0x18 /tmp/app_ax45043_driver.elf.0cNijX.ltrans1.ltrans.o
 *fill*         0x0000000008009d18        0x8 
 .text.iqObjectInit
                0x0000000008009d20       0x20 /tmp/app_ax45043_driver.elf.0cNijX.ltrans1.ltrans.o
 .text.sdObjectInit
                0x0000000008009d40       0x40 /tmp/app_ax45043_driver.elf.0cNijX.ltrans1.ltrans.o
 .text.sd_lld_init
                0x0000000008009d80       0x20 /tmp/app_ax45043_driver.elf.0cNijX.ltrans1.ltrans.o
 .text.sdInit   0x0000000008009da0        0x8 /tmp/app_ax45043_driver.elf.0cNijX.ltrans1.ltrans.o
 *fill*         0x0000000008009da8        0x8 
 .text.stSetAlarm
                0x0000000008009db0        0x8 /tmp/app_ax45043_driver.elf.0cNijX.ltrans1.ltrans.o
 *fill*         0x0000000008009db8        0x8 
 .text.stStopAlarm
                0x0000000008009dc0        0xc /tmp/app_ax45043_driver.elf.0cNijX.ltrans1.ltrans.o
 *fill*         0x0000000008009dcc        0x4 
 .text.stStartAlarm
                0x0000000008009dd0       0x10 /tmp/app_ax45043_driver.elf.0cNijX.ltrans1.ltrans.o
 .text.stInit   0x0000000008009de0        0x8 /tmp/app_ax45043_driver.elf.0cNijX.ltrans1.ltrans.o
 *fill*         0x0000000008009de8        0x8 
 .text.chSchDoRescheduleAhead
                0x0000000008009df0       0x28 /tmp/app_ax45043_driver.elf.0cNijX.ltrans1.ltrans.o
 *fill*         0x0000000008009e18        0x8 
 .text.set_error
                0x0000000008009e20       0x38 /tmp/app_ax45043_driver.elf.0cNijX.ltrans1.ltrans.o
 *fill*         0x0000000008009e58        0x8 
 .text.spi_lld_serve_rx_interrupt
                0x0000000008009e60       0xcc /tmp/app_ax45043_driver.elf.0cNijX.ltrans1.ltrans.o
 *fill*         0x0000000008009f2c        0x4 
 .text.spiObjectInit
                0x0000000008009f30       0x14 /tmp/app_ax45043_driver.elf.0cNijX.ltrans1.ltrans.o
 *fill*         0x0000000008009f44        0xc 
 .text.spi_lld_init
                0x0000000008009f50       0x50 /tmp/app_ax45043_driver.elf.0cNijX.ltrans1.ltrans.o
 .text.spiInit  0x0000000008009fa0        0x8 /tmp/app_ax45043_driver.elf.0cNijX.ltrans1.ltrans.o
 *fill*         0x0000000008009fa8        0x8 
 .text.palWaitLineTimeoutS
                0x0000000008009fb0       0x18 /tmp/app_ax45043_driver.elf.0cNijX.ltrans1.ltrans.o
 *fill*         0x0000000008009fc8        0x8 
 .text.oqPutTimeout
                0x0000000008009fd0       0x50 /tmp/app_ax45043_driver.elf.0cNijX.ltrans1.ltrans.o
 .text._putt    0x000000000800a020        0xc /tmp/app_ax45043_driver.elf.0cNijX.ltrans1.ltrans.o
 *fill*         0x000000000800a02c        0x4 
 .text._put     0x000000000800a030       0x10 /tmp/app_ax45043_driver.elf.0cNijX.ltrans1.ltrans.o
 .text.iqGetTimeout
                0x000000000800a040       0x50 /tmp/app_ax45043_driver.elf.0cNijX.ltrans1.ltrans.o
 .text._gett    0x000000000800a090        0xc /tmp/app_ax45043_driver.elf.0cNijX.ltrans1.ltrans.o
 *fill*         0x000000000800a09c        0x4 
 .text._get     0x000000000800a0a0       0x10 /tmp/app_ax45043_driver.elf.0cNijX.ltrans1.ltrans.o
 .text.oqGetI   0x000000000800a0b0       0x40 /tmp/app_ax45043_driver.elf.0cNijX.ltrans1.ltrans.o
 .text.iqPutI   0x000000000800a0f0       0x40 /tmp/app_ax45043_driver.elf.0cNijX.ltrans1.ltrans.o
 .text.sdIncomingDataI
                0x000000000800a130       0x30 /tmp/app_ax45043_driver.elf.0cNijX.ltrans1.ltrans.o
 .text.serve_interrupt
                0x000000000800a160       0xec /tmp/app_ax45043_driver.elf.0cNijX.ltrans1.ltrans.o
 *fill*         0x000000000800a24c        0x4 
 .text.oq_write
                0x000000000800a250       0x68 /tmp/app_ax45043_driver.elf.0cNijX.ltrans1.ltrans.o
 *fill*         0x000000000800a2b8        0x8 
 .text.oqWriteTimeout
                0x000000000800a2c0       0x64 /tmp/app_ax45043_driver.elf.0cNijX.ltrans1.ltrans.o
 *fill*         0x000000000800a324        0xc 
 .text._writet  0x000000000800a330        0xc /tmp/app_ax45043_driver.elf.0cNijX.ltrans1.ltrans.o
 *fill*         0x000000000800a33c        0x4 
 .text._write   0x000000000800a340       0x10 /tmp/app_ax45043_driver.elf.0cNijX.ltrans1.ltrans.o
 .text.iq_read  0x000000000800a350       0x68 /tmp/app_ax45043_driver.elf.0cNijX.ltrans1.ltrans.o
 *fill*         0x000000000800a3b8        0x8 
 .text.iqReadTimeout
                0x000000000800a3c0       0x64 /tmp/app_ax45043_driver.elf.0cNijX.ltrans1.ltrans.o
 *fill*         0x000000000800a424        0xc 
 .text._readt   0x000000000800a430        0xc /tmp/app_ax45043_driver.elf.0cNijX.ltrans1.ltrans.o
 *fill*         0x000000000800a43c        0x4 
 .text._read    0x000000000800a440       0x10 /tmp/app_ax45043_driver.elf.0cNijX.ltrans1.ltrans.o
 .text.chSchDoReschedule
                0x000000000800a450       0x28 /tmp/app_ax45043_driver.elf.0cNijX.ltrans1.ltrans.o
                0x000000000800a450                chSchDoReschedule
 *fill*         0x000000000800a478        0x8 
 .text.chSchIsPreemptionRequired
                0x000000000800a480       0x18 /tmp/app_ax45043_driver.elf.0cNijX.ltrans1.ltrans.o
                0x000000000800a480                chSchIsPreemptionRequired
 *fill*         0x000000000800a498        0x8 
 .text.chSchRescheduleS
                0x000000000800a4a0       0x1c /tmp/app_ax45043_driver.elf.0cNijX.ltrans1.ltrans.o
                0x000000000800a4a0                chSchRescheduleS
 *fill*         0x000000000800a4bc        0x4 
 .text.chSchGoSleepS
                0x000000000800a4c0       0x24 /tmp/app_ax45043_driver.elf.0cNijX.ltrans1.ltrans.o
                0x000000000800a4c0                chSchGoSleepS
 *fill*         0x000000000800a4e4        0xc 
 .text.chSchReadyI
                0x000000000800a4f0       0x24 /tmp/app_ax45043_driver.elf.0cNijX.ltrans1.ltrans.o
                0x000000000800a4f0                chSchReadyI
 *fill*         0x000000000800a514        0xc 
 .text.chSchDoRescheduleBehind
                0x000000000800a520       0x28 /tmp/app_ax45043_driver.elf.0cNijX.ltrans1.ltrans.o
                0x000000000800a520                chSchDoRescheduleBehind
 *fill*         0x000000000800a548        0x8 
 .text.chSchWakeupS
                0x000000000800a550       0x38 /tmp/app_ax45043_driver.elf.0cNijX.ltrans1.ltrans.o
                0x000000000800a550                chSchWakeupS
 *fill*         0x000000000800a588        0x8 
 .text.wakeup   0x000000000800a590       0x50 /tmp/app_ax45043_driver.elf.0cNijX.ltrans1.ltrans.o
 .text.chSysRestoreStatusX
                0x000000000800a5e0       0x24 /tmp/app_ax45043_driver.elf.0cNijX.ltrans1.ltrans.o
                0x000000000800a5e0                chSysRestoreStatusX
 *fill*         0x000000000800a604        0xc 
 .text.chSysGetStatusAndLockX
                0x000000000800a610       0x20 /tmp/app_ax45043_driver.elf.0cNijX.ltrans1.ltrans.o
                0x000000000800a610                chSysGetStatusAndLockX
 .text.chSysIntegrityCheckI
                0x000000000800a630       0x98 /tmp/app_ax45043_driver.elf.0cNijX.ltrans1.ltrans.o
                0x000000000800a630                chSysIntegrityCheckI
 *fill*         0x000000000800a6c8        0x8 
 .text.chSysInit
                0x000000000800a6d0       0x54 /tmp/app_ax45043_driver.elf.0cNijX.ltrans1.ltrans.o
                0x000000000800a6d0                chSysInit
 *fill*         0x000000000800a724        0xc 
 .text.__early_init
                0x000000000800a730        0xc /tmp/app_ax45043_driver.elf.0cNijX.ltrans1.ltrans.o
                0x000000000800a730                __early_init
 *fill*         0x000000000800a73c        0x4 
 .text.VectorD8
                0x000000000800a740       0x14 /tmp/app_ax45043_driver.elf.0cNijX.ltrans1.ltrans.o
                0x000000000800a740                VectorD8
 *fill*         0x000000000800a754        0xc 
 .text.Vector158
                0x000000000800a760       0x2c /tmp/app_ax45043_driver.elf.0cNijX.ltrans1.ltrans.o
                0x000000000800a760                Vector158
 *fill*         0x000000000800a78c        0x4 
 .text.Vector154
                0x000000000800a790       0x2c /tmp/app_ax45043_driver.elf.0cNijX.ltrans1.ltrans.o
                0x000000000800a790                Vector154
 *fill*         0x000000000800a7bc        0x4 
 .text.Vector150
                0x000000000800a7c0       0x2c /tmp/app_ax45043_driver.elf.0cNijX.ltrans1.ltrans.o
                0x000000000800a7c0                Vector150
 *fill*         0x000000000800a7ec        0x4 
 .text.Vector130
                0x000000000800a7f0       0x28 /tmp/app_ax45043_driver.elf.0cNijX.ltrans1.ltrans.o
                0x000000000800a7f0                Vector130
 *fill*         0x000000000800a818        0x8 
 .text.Vector12C
                0x000000000800a820       0x2c /tmp/app_ax45043_driver.elf.0cNijX.ltrans1.ltrans.o
                0x000000000800a820                Vector12C
 *fill*         0x000000000800a84c        0x4 
 .text.Vector128
                0x000000000800a850       0x2c /tmp/app_ax45043_driver.elf.0cNijX.ltrans1.ltrans.o
                0x000000000800a850                Vector128
 *fill*         0x000000000800a87c        0x4 
 .text.Vector124
                0x000000000800a880       0x2c /tmp/app_ax45043_driver.elf.0cNijX.ltrans1.ltrans.o
                0x000000000800a880                Vector124
 *fill*         0x000000000800a8ac        0x4 
 .text.Vector120
                0x000000000800a8b0       0x28 /tmp/app_ax45043_driver.elf.0cNijX.ltrans1.ltrans.o
                0x000000000800a8b0                Vector120
 *fill*         0x000000000800a8d8        0x8 
 .text.VectorFC
                0x000000000800a8e0       0x2c /tmp/app_ax45043_driver.elf.0cNijX.ltrans1.ltrans.o
                0x000000000800a8e0                VectorFC
 *fill*         0x000000000800a90c        0x4 
 .text.Vector84
                0x000000000800a910       0x2c /tmp/app_ax45043_driver.elf.0cNijX.ltrans1.ltrans.o
                0x000000000800a910                Vector84
 *fill*         0x000000000800a93c        0x4 
 .text.Vector80
                0x000000000800a940       0x2c /tmp/app_ax45043_driver.elf.0cNijX.ltrans1.ltrans.o
                0x000000000800a940                Vector80
 *fill*         0x000000000800a96c        0x4 
 .text.Vector7C
                0x000000000800a970       0x28 /tmp/app_ax45043_driver.elf.0cNijX.ltrans1.ltrans.o
                0x000000000800a970                Vector7C
 *fill*         0x000000000800a998        0x8 
 .text.Vector78
                0x000000000800a9a0       0x2c /tmp/app_ax45043_driver.elf.0cNijX.ltrans1.ltrans.o
                0x000000000800a9a0                Vector78
 *fill*         0x000000000800a9cc        0x4 
 .text.Vector74
                0x000000000800a9d0       0x2c /tmp/app_ax45043_driver.elf.0cNijX.ltrans1.ltrans.o
                0x000000000800a9d0                Vector74
 *fill*         0x000000000800a9fc        0x4 
 .text.Vector70
                0x000000000800aa00       0x2c /tmp/app_ax45043_driver.elf.0cNijX.ltrans1.ltrans.o
                0x000000000800aa00                Vector70
 *fill*         0x000000000800aa2c        0x4 
 .text.Vector6C
                0x000000000800aa30       0x28 /tmp/app_ax45043_driver.elf.0cNijX.ltrans1.ltrans.o
                0x000000000800aa30                Vector6C
 *fill*         0x000000000800aa58        0x8 
 .text.VectorE0
                0x000000000800aa60       0xdc /tmp/app_ax45043_driver.elf.0cNijX.ltrans1.ltrans.o
                0x000000000800aa60                VectorE0
 *fill*         0x000000000800ab3c        0x4 
 .text.Vector9C
                0x000000000800ab40       0xbc /tmp/app_ax45043_driver.elf.0cNijX.ltrans1.ltrans.o
                0x000000000800ab40                Vector9C
 *fill*         0x000000000800abfc        0x4 
 .text.Vector68
                0x000000000800ac00       0x38 /tmp/app_ax45043_driver.elf.0cNijX.ltrans1.ltrans.o
                0x000000000800ac00                Vector68
 *fill*         0x000000000800ac38        0x8 
 .text.Vector64
                0x000000000800ac40       0x38 /tmp/app_ax45043_driver.elf.0cNijX.ltrans1.ltrans.o
                0x000000000800ac40                Vector64
 *fill*         0x000000000800ac78        0x8 
 .text.Vector60
                0x000000000800ac80       0x38 /tmp/app_ax45043_driver.elf.0cNijX.ltrans1.ltrans.o
                0x000000000800ac80                Vector60
 *fill*         0x000000000800acb8        0x8 
 .text.Vector5C
                0x000000000800acc0       0x38 /tmp/app_ax45043_driver.elf.0cNijX.ltrans1.ltrans.o
                0x000000000800acc0                Vector5C
 *fill*         0x000000000800acf8        0x8 
 .text.Vector58
                0x000000000800ad00       0x38 /tmp/app_ax45043_driver.elf.0cNijX.ltrans1.ltrans.o
                0x000000000800ad00                Vector58
 *fill*         0x000000000800ad38        0x8 
 .text.spiStartSend
                0x000000000800ad40       0x18 /tmp/app_ax45043_driver.elf.0cNijX.ltrans1.ltrans.o
                0x000000000800ad40                spiStartSend
 *fill*         0x000000000800ad58        0x8 
 .text.spiUnselect
                0x000000000800ad60       0x1c /tmp/app_ax45043_driver.elf.0cNijX.ltrans1.ltrans.o
                0x000000000800ad60                spiUnselect
 *fill*         0x000000000800ad7c        0x4 
 .text.spiSelect
                0x000000000800ad80       0x1c /tmp/app_ax45043_driver.elf.0cNijX.ltrans1.ltrans.o
                0x000000000800ad80                spiSelect
 *fill*         0x000000000800ad9c        0x4 
 .text.spiStart
                0x000000000800ada0       0x1c /tmp/app_ax45043_driver.elf.0cNijX.ltrans1.ltrans.o
                0x000000000800ada0                spiStart
 *fill*         0x000000000800adbc        0x4 
 .text.sdStart  0x000000000800adc0       0x1c /tmp/app_ax45043_driver.elf.0cNijX.ltrans1.ltrans.o
                0x000000000800adc0                sdStart
 *fill*         0x000000000800addc        0x4 
 .text.palWaitLineTimeout
                0x000000000800ade0       0x14 /tmp/app_ax45043_driver.elf.0cNijX.ltrans1.ltrans.o
                0x000000000800ade0                palWaitLineTimeout
 *fill*         0x000000000800adf4        0xc 
 .text.stGetCounter
                0x000000000800ae00        0x8 /tmp/app_ax45043_driver.elf.0cNijX.ltrans1.ltrans.o
                0x000000000800ae00                stGetCounter
 *fill*         0x000000000800ae08        0x8 
 .text.chVTDoResetI
                0x000000000800ae10       0x84 /tmp/app_ax45043_driver.elf.0cNijX.ltrans1.ltrans.o
                0x000000000800ae10                chVTDoResetI
 *fill*         0x000000000800ae94        0xc 
 .text.chVTDoSetI
                0x000000000800aea0       0x88 /tmp/app_ax45043_driver.elf.0cNijX.ltrans1.ltrans.o
                0x000000000800aea0                chVTDoSetI
 *fill*         0x000000000800af28        0x8 
 .text.chSchGoSleepTimeoutS
                0x000000000800af30       0x40 /tmp/app_ax45043_driver.elf.0cNijX.ltrans1.ltrans.o
                0x000000000800af30                chSchGoSleepTimeoutS
 .text.chSysTimerHandlerI
                0x000000000800af70       0x90 /tmp/app_ax45043_driver.elf.0cNijX.ltrans1.ltrans.o
 .text.st_lld_serve_interrupt
                0x000000000800b000       0x2c /tmp/app_ax45043_driver.elf.0cNijX.ltrans1.ltrans.o
 *fill*         0x000000000800b02c        0x4 
 .text.VectorB0
                0x000000000800b030        0xc /tmp/app_ax45043_driver.elf.0cNijX.ltrans1.ltrans.o
                0x000000000800b030                VectorB0
 *fill*         0x000000000800b03c        0x4 
 .text.halInit  0x000000000800b040       0x18 /tmp/app_ax45043_driver.elf.0cNijX.ltrans1.ltrans.o
                0x000000000800b040                halInit
 *fill*         0x000000000800b058        0x8 
 .text.__init_ram_areas
                0x000000000800b060       0x38 /tmp/app_ax45043_driver.elf.0cNijX.ltrans1.ltrans.o
                0x000000000800b060                __init_ram_areas
 *fill*         0x000000000800b098        0x8 
 .text.__default_exit
                0x000000000800b0a0        0x4 /tmp/app_ax45043_driver.elf.0cNijX.ltrans1.ltrans.o
                0x000000000800b0a0                __default_exit
 *fill*         0x000000000800b0a4        0xc 
 .text.__late_init
                0x000000000800b0b0        0x4 /tmp/app_ax45043_driver.elf.0cNijX.ltrans1.ltrans.o
                0x000000000800b0b0                __late_init
 *fill*         0x000000000800b0b4        0xc 
 .text.__core_init
                0x000000000800b0c0        0x4 /tmp/app_ax45043_driver.elf.0cNijX.ltrans1.ltrans.o
                0x000000000800b0c0                __core_init
 .text._strtoul_l.isra.0
                0x000000000800b0c4      0x13c /usr/lib/gcc/arm-none-eabi/9.2.0/../../../../arm-none-eabi/lib/thumb/v7e-m/nofp/libg.a(lib_a-strtoul.o)
 .text.strtoul  0x000000000800b200       0x18 /usr/lib/gcc/arm-none-eabi/9.2.0/../../../../arm-none-eabi/lib/thumb/v7e-m/nofp/libg.a(lib_a-strtoul.o)
                0x000000000800b200                strtoul
 .text.memcmp   0x000000000800b218       0x60 /usr/lib/gcc/arm-none-eabi/9.2.0/../../../../arm-none-eabi/lib/thumb/v7e-m/nofp/libg.a(lib_a-memcmp.o)
                0x000000000800b218                memcmp
 .text.memset   0x000000000800b278       0xa0 /usr/lib/gcc/arm-none-eabi/9.2.0/../../../../arm-none-eabi/lib/thumb/v7e-m/nofp/libg.a(lib_a-memset.o)
                0x000000000800b278                memset
 .text.strchr   0x000000000800b318       0xd0 /usr/lib/gcc/arm-none-eabi/9.2.0/../../../../arm-none-eabi/lib/thumb/v7e-m/nofp/libg.a(lib_a-strchr.o)
                0x000000000800b318                strchr
 .text.strncmp  0x000000000800b3e8       0x7c /usr/lib/gcc/arm-none-eabi/9.2.0/../../../../arm-none-eabi/lib/thumb/v7e-m/nofp/libg.a(lib_a-strncmp.o)
                0x000000000800b3e8                strncmp
 .text.strncpy  0x000000000800b464       0x68 /usr/lib/gcc/arm-none-eabi/9.2.0/../../../../arm-none-eabi/lib/thumb/v7e-m/nofp/libg.a(lib_a-strncpy.o)
                0x000000000800b464                strncpy
 .text.strpbrk  0x000000000800b4cc       0x38 /usr/lib/gcc/arm-none-eabi/9.2.0/../../../../arm-none-eabi/lib/thumb/v7e-m/nofp/libg.a(lib_a-strpbrk.o)
                0x000000000800b4cc                strpbrk
 .text.strspn   0x000000000800b504       0x30 /usr/lib/gcc/arm-none-eabi/9.2.0/../../../../arm-none-eabi/lib/thumb/v7e-m/nofp/libg.a(lib_a-strspn.o)
                0x000000000800b504                strspn
 *(.glue_7t)
 .glue_7t       0x000000000800b534        0x0 linker stubs
 *(.glue_7)
 .glue_7        0x000000000800b534        0x0 linker stubs
 *(.gcc*)
                0x000000000800b534                __text_end__ = .

.vfp11_veneer   0x000000000800b534        0x0
 .vfp11_veneer  0x000000000800b534        0x0 linker stubs

.v4_bx          0x000000000800b534        0x0
 .v4_bx         0x000000000800b534        0x0 linker stubs

.iplt           0x000000000800b534        0x0
 .iplt          0x000000000800b534        0x0 ./build/obj/crt0_v7m.o

.rodata         0x000000000800b534     0x2eb4
                0x000000000800b534                __rodata_base__ = .
 *(.rodata)
 .rodata        0x000000000800b534        0x3 /tmp/app_ax45043_driver.elf.0cNijX.ltrans0.ltrans.o
 *(.rodata.*)
 .rodata.test_println.str1.4
                0x000000000800b537        0x0 /tmp/app_ax45043_driver.elf.0cNijX.ltrans0.ltrans.o
                                          0x3 (size before relaxing)
 *fill*         0x000000000800b537        0x1 
 .rodata.oslib_test_001_003_execute.str1.4
                0x000000000800b538      0x2bd /tmp/app_ax45043_driver.elf.0cNijX.ltrans0.ltrans.o
                                        0x2c1 (size before relaxing)
 *fill*         0x000000000800b7f5        0x3 
 .rodata.oslib_test_001_002_execute.str1.4
                0x000000000800b7f8      0x115 /tmp/app_ax45043_driver.elf.0cNijX.ltrans0.ltrans.o
 *fill*         0x000000000800b90d        0x3 
 .rodata.oslib_test_001_001_execute.str1.4
                0x000000000800b910      0x16d /tmp/app_ax45043_driver.elf.0cNijX.ltrans0.ltrans.o
 *fill*         0x000000000800ba7d        0x3 
 .rodata.rt_test_011_012_execute.str1.4
                0x000000000800ba80       0x95 /tmp/app_ax45043_driver.elf.0cNijX.ltrans0.ltrans.o
 *fill*         0x000000000800bb15        0x3 
 .rodata.rt_test_001_003_execute.str1.4
                0x000000000800bb18      0x57d /tmp/app_ax45043_driver.elf.0cNijX.ltrans0.ltrans.o
 *fill*         0x000000000800c095        0x3 
 .rodata.rt_test_001_002_execute.str1.4
                0x000000000800c098       0x3a /tmp/app_ax45043_driver.elf.0cNijX.ltrans0.ltrans.o
 *fill*         0x000000000800c0d2        0x2 
 .rodata.rt_test_003_002_execute.str1.4
                0x000000000800c0d4        0xd /tmp/app_ax45043_driver.elf.0cNijX.ltrans0.ltrans.o
                                         0x19 (size before relaxing)
 *fill*         0x000000000800c0e1        0x3 
 .rodata.chvprintf.str1.4
                0x000000000800c0e4        0x7 /tmp/app_ax45043_driver.elf.0cNijX.ltrans0.ltrans.o
 *fill*         0x000000000800c0eb        0x1 
 .rodata.oslib_test_007_001_execute.str1.4
                0x000000000800c0ec       0x35 /tmp/app_ax45043_driver.elf.0cNijX.ltrans0.ltrans.o
 *fill*         0x000000000800c121        0x3 
 .rodata.rt_test_009_002_execute.str1.4
                0x000000000800c124       0x18 /tmp/app_ax45043_driver.elf.0cNijX.ltrans0.ltrans.o
 .rodata.rt_test_009_001_execute.str1.4
                0x000000000800c13c       0x1b /tmp/app_ax45043_driver.elf.0cNijX.ltrans0.ltrans.o
 *fill*         0x000000000800c157        0x1 
 .rodata.rt_test_004_004_execute.str1.4
                0x000000000800c158       0x87 /tmp/app_ax45043_driver.elf.0cNijX.ltrans0.ltrans.o
 *fill*         0x000000000800c1df        0x1 
 .rodata.rt_test_002_001_execute.str1.4
                0x000000000800c1e0       0x70 /tmp/app_ax45043_driver.elf.0cNijX.ltrans0.ltrans.o