Archive member included to satisfy reference by file (symbol)

/usr/lib/gcc/arm-none-eabi/9.2.0/../../../../arm-none-eabi/lib/thumb/v7e-m/nofp/libg.a(lib_a-strtoul.o)
                              ./build/obj/main.o (symbol from plugin) (strtoul)
/usr/lib/gcc/arm-none-eabi/9.2.0/../../../../arm-none-eabi/lib/thumb/v7e-m/nofp/libg.a(lib_a-ctype_.o)
                              /usr/lib/gcc/arm-none-eabi/9.2.0/../../../../arm-none-eabi/lib/thumb/v7e-m/nofp/libg.a(lib_a-strtoul.o) (_ctype_)
/usr/lib/gcc/arm-none-eabi/9.2.0/../../../../arm-none-eabi/lib/thumb/v7e-m/nofp/libg.a(lib_a-impure.o)
                              /usr/lib/gcc/arm-none-eabi/9.2.0/../../../../arm-none-eabi/lib/thumb/v7e-m/nofp/libg.a(lib_a-strtoul.o) (_impure_ptr)
/usr/lib/gcc/arm-none-eabi/9.2.0/../../../../arm-none-eabi/lib/thumb/v7e-m/nofp/libg.a(lib_a-memcmp.o)
                              /tmp/app_ax45043_driver.elf.EUhZL1.ltrans0.ltrans.o (memcmp)
/usr/lib/gcc/arm-none-eabi/9.2.0/../../../../arm-none-eabi/lib/thumb/v7e-m/nofp/libg.a(lib_a-memcpy.o)
                              /tmp/app_ax45043_driver.elf.EUhZL1.ltrans0.ltrans.o (memcpy)
/usr/lib/gcc/arm-none-eabi/9.2.0/../../../../arm-none-eabi/lib/thumb/v7e-m/nofp/libg.a(lib_a-memset.o)
                              /tmp/app_ax45043_driver.elf.EUhZL1.ltrans0.ltrans.o (memset)
/usr/lib/gcc/arm-none-eabi/9.2.0/../../../../arm-none-eabi/lib/thumb/v7e-m/nofp/libg.a(lib_a-strchr.o)
                              /tmp/app_ax45043_driver.elf.EUhZL1.ltrans0.ltrans.o (strchr)
/usr/lib/gcc/arm-none-eabi/9.2.0/../../../../arm-none-eabi/lib/thumb/v7e-m/nofp/libg.a(lib_a-strcmp.o)
                              /tmp/app_ax45043_driver.elf.EUhZL1.ltrans0.ltrans.o (strcmp)
/usr/lib/gcc/arm-none-eabi/9.2.0/../../../../arm-none-eabi/lib/thumb/v7e-m/nofp/libg.a(lib_a-strncmp.o)
                              /tmp/app_ax45043_driver.elf.EUhZL1.ltrans0.ltrans.o (strncmp)
/usr/lib/gcc/arm-none-eabi/9.2.0/../../../../arm-none-eabi/lib/thumb/v7e-m/nofp/libg.a(lib_a-strncpy.o)
                              /tmp/app_ax45043_driver.elf.EUhZL1.ltrans0.ltrans.o (strncpy)
/usr/lib/gcc/arm-none-eabi/9.2.0/../../../../arm-none-eabi/lib/thumb/v7e-m/nofp/libg.a(lib_a-strpbrk.o)
                              /tmp/app_ax45043_driver.elf.EUhZL1.ltrans0.ltrans.o (strpbrk)
/usr/lib/gcc/arm-none-eabi/9.2.0/../../../../arm-none-eabi/lib/thumb/v7e-m/nofp/libg.a(lib_a-strspn.o)
                              /tmp/app_ax45043_driver.elf.EUhZL1.ltrans0.ltrans.o (strspn)

Discarded input sections

 .data          0x0000000000000000        0x0 ./build/obj/crt0_v7m.o
 .bss           0x0000000000000000        0x0 ./build/obj/crt0_v7m.o
 .data          0x0000000000000000        0x0 ./build/obj/vectors.o
 .bss           0x0000000000000000        0x0 ./build/obj/vectors.o
 .data          0x0000000000000000        0x0 ./build/obj/chcoreasm_v7m.o
 .bss           0x0000000000000000        0x0 ./build/obj/chcoreasm_v7m.o
 .text          0x0000000000000000        0x0 /tmp/app_ax45043_driver.elf.EUhZL1.ltrans0.ltrans.o
 .data          0x0000000000000000        0x0 /tmp/app_ax45043_driver.elf.EUhZL1.ltrans0.ltrans.o
 .bss           0x0000000000000000        0x0 /tmp/app_ax45043_driver.elf.EUhZL1.ltrans0.ltrans.o
 .text          0x0000000000000000        0x0 /tmp/app_ax45043_driver.elf.EUhZL1.ltrans1.ltrans.o
 .data          0x0000000000000000        0x0 /tmp/app_ax45043_driver.elf.EUhZL1.ltrans1.ltrans.o
 .bss           0x0000000000000000        0x0 /tmp/app_ax45043_driver.elf.EUhZL1.ltrans1.ltrans.o
 .text.boardInit
                0x0000000000000000        0x4 /tmp/app_ax45043_driver.elf.EUhZL1.ltrans1.ltrans.o
 .comment       0x0000000000000000       0x1e /tmp/ccGKtOq4.debug.temp.o
 .comment       0x0000000000000000       0x1e /tmp/cc38hqi3.debug.temp.o
 .comment       0x0000000000000000       0x1e /tmp/ccMjjzL0.debug.temp.o
 .comment       0x0000000000000000       0x1e /tmp/ccf5eUR4.debug.temp.o
 .comment       0x0000000000000000       0x1e /tmp/cckCXCD0.debug.temp.o
 .comment       0x0000000000000000       0x1e /tmp/ccHoyPX2.debug.temp.o
 .debug_info    0x0000000000000000     0x12f9 /tmp/ccgsmqq1.debug.temp.o
 .debug_abbrev  0x0000000000000000      0x1a9 /tmp/ccgsmqq1.debug.temp.o
 .debug_line    0x0000000000000000      0x424 /tmp/ccgsmqq1.debug.temp.o
 .debug_str     0x0000000000000000      0xa5c /tmp/ccgsmqq1.debug.temp.o
 .comment       0x0000000000000000       0x1e /tmp/ccgsmqq1.debug.temp.o
 .comment       0x0000000000000000       0x1e /tmp/ccXtYBo2.debug.temp.o
 .comment       0x0000000000000000       0x1e /tmp/ccflPYf3.debug.temp.o
 .comment       0x0000000000000000       0x1e /tmp/ccdO1y20.debug.temp.o
 .comment       0x0000000000000000       0x1e /tmp/cc6iDrs3.debug.temp.o
 .comment       0x0000000000000000       0x1e /tmp/ccHqP931.debug.temp.o
 .comment       0x0000000000000000       0x1e /tmp/ccvKTTs4.debug.temp.o
 .debug_info    0x0000000000000000     0x1b77 /tmp/ccpZQbR0.debug.temp.o
[...]
Memory Configuration

Name             Origin             Length             Attributes
flash0           0x0000000008000000 0x0000000000080000 xr
flash1           0x0000000000000000 0x0000000000000000 xr
flash2           0x0000000000000000 0x0000000000000000 xr
flash3           0x0000000000000000 0x0000000000000000 xr
flash4           0x0000000000000000 0x0000000000000000 xr
flash5           0x0000000000000000 0x0000000000000000 xr
flash6           0x0000000000000000 0x0000000000000000 xr
flash7           0x0000000000000000 0x0000000000000000 xr
ram0             0x0000000020000000 0x0000000000020000 xw
ram1             0x0000000020000000 0x000000000001c000 xw
ram2             0x0000000000000000 0x0000000000004000 xw
ram3             0x0000000000000000 0x0000000000000000 xw
ram4             0x0000000000000000 0x0000000000000000 xw
ram5             0x0000000000000000 0x0000000000000000 xw
ram6             0x0000000000000000 0x0000000000000000 xw
ram7             0x0000000000000000 0x0000000000000000 xw
*default*        0x0000000000000000 0xffffffffffffffff

Linker script and memory map

LOAD ./build/obj/crt0_v7m.o
LOAD ./build/obj/vectors.o
LOAD ./build/obj/chcoreasm_v7m.o
LOAD /tmp/app_ax45043_driver.elf.EUhZL1.ltrans0.ltrans.o
LOAD /tmp/app_ax45043_driver.elf.EUhZL1.ltrans1.ltrans.o
LOAD /tmp/ccGKtOq4.debug.temp.o
LOAD /tmp/cc38hqi3.debug.temp.o
LOAD /tmp/ccMjjzL0.debug.temp.o
LOAD /tmp/ccf5eUR4.debug.temp.o
LOAD /tmp/cckCXCD0.debug.temp.o
LOAD /tmp/ccHoyPX2.debug.temp.o
LOAD /tmp/ccgsmqq1.debug.temp.o
LOAD /tmp/ccXtYBo2.debug.temp.o
LOAD /tmp/ccflPYf3.debug.temp.o
LOAD /tmp/ccdO1y20.debug.temp.o
LOAD /tmp/cc6iDrs3.debug.temp.o
LOAD /tmp/ccHqP931.debug.temp.o
LOAD /tmp/ccvKTTs4.debug.temp.o
LOAD /tmp/ccpZQbR0.debug.temp.o
LOAD /tmp/ccabjoW4.debug.temp.o
LOAD /tmp/ccC7TC13.debug.temp.o
LOAD /tmp/cc9fYKB1.debug.temp.o
LOAD /tmp/ccPwAaV1.debug.temp.o
LOAD /tmp/cc17mKv0.debug.temp.o
LOAD /tmp/ccvKxEw2.debug.temp.o
LOAD /tmp/cch50Xg0.debug.temp.o
LOAD /tmp/ccpdxDc3.debug.temp.o
LOAD /tmp/cctmCyO4.debug.temp.o
LOAD /tmp/cc6GJ0x0.debug.temp.o
LOAD /tmp/cc1kVAB3.debug.temp.o
LOAD /tmp/ccUxmm51.debug.temp.o
LOAD /tmp/cczpAm51.debug.temp.o
LOAD /tmp/ccLWM9A2.debug.temp.o
LOAD /tmp/ccvqSgx1.debug.temp.o
LOAD /tmp/ccb5xy03.debug.temp.o
LOAD /tmp/ccf8AIC3.debug.temp.o
LOAD /tmp/ccuFFQc1.debug.temp.o
LOAD /tmp/ccEI8lD1.debug.temp.o
LOAD /tmp/ccYwQFR0.debug.temp.o
LOAD /tmp/ccAcDrC4.debug.temp.o
LOAD /tmp/cces5dJ4.debug.temp.o
LOAD /tmp/ccQtQEn4.debug.temp.o
LOAD /tmp/ccBWEyD4.debug.temp.o
LOAD /tmp/cceGtFC2.debug.temp.o
LOAD /tmp/ccrZOEY3.debug.temp.o
LOAD /tmp/ccqEkKB0.debug.temp.o
LOAD /tmp/ccrQXuV1.debug.temp.o
LOAD /tmp/ccEIqWu0.debug.temp.o
LOAD /tmp/ccRmVG51.debug.temp.o
LOAD /tmp/cc1z2IB0.debug.temp.o
LOAD /tmp/ccfKWnC4.debug.temp.o
LOAD /tmp/cc4mez41.debug.temp.o
LOAD /tmp/ccyWsZO4.debug.temp.o
LOAD /tmp/cc8eNVg4.debug.temp.o
LOAD /tmp/cckOICh3.debug.temp.o
LOAD /tmp/ccxKMwi0.debug.temp.o
LOAD /tmp/ccHX0Hg1.debug.temp.o
LOAD /tmp/ccYTp9l3.debug.temp.o
LOAD /tmp/cc3lATt0.debug.temp.o
LOAD /tmp/ccV8y4I1.debug.temp.o
LOAD /tmp/cceAfvn1.debug.temp.o
LOAD /tmp/cc61gTA3.debug.temp.o
LOAD /tmp/ccVvQ5o2.debug.temp.o
LOAD /tmp/ccUHwqg3.debug.temp.o
LOAD /tmp/cc3ICQZ3.debug.temp.o
LOAD /tmp/cc7ZI9M0.debug.temp.o
LOAD /tmp/ccxJaGg1.debug.temp.o
LOAD /tmp/cchsZNE2.debug.temp.o
LOAD /tmp/cc5kUX13.debug.temp.o
LOAD /tmp/cclZFKl0.debug.temp.o
LOAD /tmp/ccO4XS93.debug.temp.o
LOAD /tmp/ccsSOqe4.debug.temp.o
LOAD /tmp/ccRHnOf2.debug.temp.o
LOAD /tmp/ccvM6JM2.debug.temp.o
LOAD /tmp/cc7M5HM2.debug.temp.o
LOAD /tmp/cclv2b43.debug.temp.o
LOAD /tmp/ccfjEmB2.debug.temp.o
LOAD /tmp/ccZ4aJi1.debug.temp.o
LOAD /tmp/cca8LRP4.debug.temp.o
LOAD /tmp/ccuUX4y2.debug.temp.o
LOAD /tmp/ccPsIEF4.debug.temp.o

.mstack         0x0000000020000000      0x400
                0x0000000020000000                . = ALIGN (0x8)
                0x0000000020000000                __main_stack_base__ = .
                0x0000000020000400                . = (. + __main_stack_size__)
 *fill*         0x0000000020000000      0x400 
                0x0000000020000400                . = ALIGN (0x8)
                0x0000000020000400                __main_stack_end__ = .

.pstack         0x0000000020000400      0x400
                0x0000000020000400                . = ALIGN (0x8)
                0x0000000020000400                __process_stack_base__ = .
                0x0000000020000400                __main_thread_stack_base__ = .
                0x0000000020000800                . = (. + __process_stack_size__)
 *fill*         0x0000000020000400      0x400 
                0x0000000020000800                . = ALIGN (0x8)
                0x0000000020000800                __process_stack_end__ = .
                0x0000000020000800                __main_thread_stack_end__ = .

.vectors        0x0000000008000000      0x1e0
 *(.vectors)
 .vectors       0x0000000008000000      0x1e0 ./build/obj/vectors.o
                0x0000000008000000                _vectors

.xtors          0x00000000080001e0        0x0
                0x00000000080001e0                __init_array_base__ = .
 *(SORT_BY_NAME(.init_array.*))
 *(.init_array)
                0x00000000080001e0                __init_array_end__ = .
                0x00000000080001e0                __fini_array_base__ = .
 *(.fini_array)
 *(SORT_BY_NAME(.fini_array.*))
                0x00000000080001e0                __fini_array_end__ = .

.text           0x00000000080001e0     0xb454
                0x00000000080001e0                __text_base__ = .
 *(.text)
 .text          0x00000000080001e0       0xd8 ./build/obj/crt0_v7m.o
                0x00000000080001e0                _crt0_entry
 .text          0x00000000080002b8        0x8 ./build/obj/vectors.o
                0x00000000080002b8                Reset_Handler
                0x00000000080002ba                VectorE8
                0x00000000080002ba                VectorAC
                0x00000000080002ba                DebugMon_Handler
                0x00000000080002ba                Vector1A0
                0x00000000080002ba                Vector11C
                0x00000000080002ba                HardFault_Handler
                0x00000000080002ba                Vector1B8
                0x00000000080002ba                Vector19C
                0x00000000080002ba                Vector8C
                0x00000000080002ba                SysTick_Handler
                0x00000000080002ba                VectorDC
                0x00000000080002ba                PendSV_Handler
                0x00000000080002ba                Vector168
                0x00000000080002ba                NMI_Handler
                0x00000000080002ba                Vector110
                0x00000000080002ba                Vector1D8
                0x00000000080002ba                VectorC8
                0x00000000080002ba                Vector94
                0x00000000080002ba                VectorA8
                0x00000000080002ba                VectorB4
                0x00000000080002ba                Vector160
                0x00000000080002ba                Vector1B0
                0x00000000080002ba                UsageFault_Handler
                0x00000000080002ba                VectorEC
                0x00000000080002ba                Vector40
                0x00000000080002ba                VectorF8
                0x00000000080002ba                Vector108
                0x00000000080002ba                VectorBC
                0x00000000080002ba                Vector190
                0x00000000080002ba                Vector1C4
                0x00000000080002ba                Vector1CC
                0x00000000080002ba                Vector148
                0x00000000080002ba                Vector188
                0x00000000080002ba                Vector198
                0x00000000080002ba                Vector118
                0x00000000080002ba                VectorCC
                0x00000000080002ba                Vector54
                0x00000000080002ba                Vector98
                0x00000000080002ba                Vector138
                0x00000000080002ba                Vector24
                0x00000000080002ba                Vector1AC
                0x00000000080002ba                Vector178
                0x00000000080002ba                Vector1A4
                0x00000000080002ba                VectorD0
                0x00000000080002ba                Vector1B4
                0x00000000080002ba                Vector140
                0x00000000080002ba                VectorE4
                0x00000000080002ba                VectorC0
                0x00000000080002ba                Vector1C0
                0x00000000080002ba                Vector134
                0x00000000080002ba                Vector1D0
                0x00000000080002ba                VectorF0
                0x00000000080002ba                Vector13C
                0x00000000080002ba                Vector100
                0x00000000080002ba                VectorF4
                0x00000000080002ba                MemManage_Handler
                0x00000000080002ba                VectorA0
                0x00000000080002ba                VectorC4
                0x00000000080002ba                Vector180
                0x00000000080002ba                Vector90
                0x00000000080002ba                Vector114
                0x00000000080002ba                Vector164
                0x00000000080002ba                Vector1C
                0x00000000080002ba                Vector1BC
                0x00000000080002ba                Vector1D4
                0x00000000080002ba                Vector17C
                0x00000000080002ba                Vector48
                0x00000000080002ba                Vector1A8
                0x00000000080002ba                Vector16C
                0x00000000080002ba                VectorD4
                0x00000000080002ba                Vector4C
                0x00000000080002ba                Vector144
                0x00000000080002ba                Vector15C
                0x00000000080002ba                Vector170
                0x00000000080002ba                Vector88
                0x00000000080002ba                Vector104
                0x00000000080002ba                Vector184
                0x00000000080002ba                Vector10C
                0x00000000080002ba                Vector14C
                0x00000000080002ba                BusFault_Handler
                0x00000000080002ba                Vector50
                0x00000000080002ba                Vector1C8
                0x00000000080002ba                Vector194
                0x00000000080002ba                Vector1DC
                0x00000000080002ba                Vector44
                0x00000000080002ba                Vector28
                0x00000000080002ba                VectorB8
                0x00000000080002ba                Vector34
                0x00000000080002ba                VectorA4
                0x00000000080002ba                Vector20
                0x00000000080002ba                Vector18C
                0x00000000080002ba                Vector174
                0x00000000080002be                _unhandled_exception
 .text          0x00000000080002c0       0x2a ./build/obj/chcoreasm_v7m.o
                0x00000000080002c0                _port_switch
                0x00000000080002d0                _port_thread_start
                0x00000000080002e2                _port_switch_from_isr
                0x00000000080002e6                _port_exit_from_isr
 *fill*         0x00000000080002ea        0x2 
 .text          0x00000000080002ec      0x134 /usr/lib/gcc/arm-none-eabi/9.2.0/../../../../arm-none-eabi/lib/thumb/v7e-m/nofp/libg.a(lib_a-memcpy.o)
                0x00000000080002ec                memcpy
 .text          0x0000000008000420      0x2dc /usr/lib/gcc/arm-none-eabi/9.2.0/../../../../arm-none-eabi/lib/thumb/v7e-m/nofp/libg.a(lib_a-strcmp.o)
                0x0000000008000428                strcmp
 *(.text.*)
 *fill*         0x00000000080006fc        0x4 
 .text.null_provider
                0x0000000008000700        0x4 /tmp/app_ax45043_driver.elf.EUhZL1.ltrans0.ltrans.o
 *fill*         0x0000000008000704        0xc 
 .text.__ch_delegate_fn0
                0x0000000008000710       0x10 /tmp/app_ax45043_driver.elf.EUhZL1.ltrans0.ltrans.o
 .text.__ch_delegate_fn1
                0x0000000008000720       0x18 /tmp/app_ax45043_driver.elf.EUhZL1.ltrans0.ltrans.o
 *fill*         0x0000000008000738        0x8 
 .text.__ch_delegate_fn2
                0x0000000008000740       0x20 /tmp/app_ax45043_driver.elf.EUhZL1.ltrans0.ltrans.o
 .text.__ch_delegate_fn3
                0x0000000008000760       0x28 /tmp/app_ax45043_driver.elf.EUhZL1.ltrans0.ltrans.o
 *fill*         0x0000000008000788        0x8 
 .text.__ch_delegate_fn4
                0x0000000008000790       0x30 /tmp/app_ax45043_driver.elf.EUhZL1.ltrans0.ltrans.o
 .text.tmo      0x00000000080007c0        0x4 /tmp/app_ax45043_driver.elf.EUhZL1.ltrans0.ltrans.o
 *fill*         0x00000000080007c4        0xc 
 .text.rt_test_005_001_setup
                0x00000000080007d0        0xc /tmp/app_ax45043_driver.elf.EUhZL1.ltrans0.ltrans.o
 *fill*         0x00000000080007dc        0x4 
 .text.rt_test_002_003_execute
                0x00000000080007e0       0x24 /tmp/app_ax45043_driver.elf.EUhZL1.ltrans0.ltrans.o
 *fill*         0x0000000008000804        0xc 
 .text.test_emit_token
                0x0000000008000810       0x28 /tmp/app_ax45043_driver.elf.EUhZL1.ltrans0.ltrans.o
 *fill*         0x0000000008000838        0x8 
 .text.obj_write
                0x0000000008000840       0x10 /tmp/app_ax45043_driver.elf.EUhZL1.ltrans0.ltrans.o
 .text.dis_func0
                0x0000000008000850       0x10 /tmp/app_ax45043_driver.elf.EUhZL1.ltrans0.ltrans.o
 .text.dis_func1
                0x0000000008000860       0x10 /tmp/app_ax45043_driver.elf.EUhZL1.ltrans0.ltrans.o
 .text.dis_func2
                0x0000000008000870       0x18 /tmp/app_ax45043_driver.elf.EUhZL1.ltrans0.ltrans.o
 *fill*         0x0000000008000888        0x8 
 .text.dis_func3
                0x0000000008000890       0x20 /tmp/app_ax45043_driver.elf.EUhZL1.ltrans0.ltrans.o
 .text.dis_func4
                0x00000000080008b0       0x28 /tmp/app_ax45043_driver.elf.EUhZL1.ltrans0.ltrans.o
 *fill*         0x00000000080008d8        0x8 
 .text.dis_func_end
                0x00000000080008e0       0x18 /tmp/app_ax45043_driver.elf.EUhZL1.ltrans0.ltrans.o
 *fill*         0x00000000080008f8        0x8 
 .text.dyn_thread1
                0x0000000008000900        0xc /tmp/app_ax45043_driver.elf.EUhZL1.ltrans0.ltrans.o
 *fill*         0x000000000800090c        0x4 
 .text.h3       0x0000000008000910        0xc /tmp/app_ax45043_driver.elf.EUhZL1.ltrans0.ltrans.o
 *fill*         0x000000000800091c        0x4 
 .text.h2       0x0000000008000920        0xc /tmp/app_ax45043_driver.elf.EUhZL1.ltrans0.ltrans.o
 *fill*         0x000000000800092c        0x4 
 .text.h1       0x0000000008000930        0xc /tmp/app_ax45043_driver.elf.EUhZL1.ltrans0.ltrans.o
 *fill*         0x000000000800093c        0x4 
 .text.thread   0x0000000008000940        0xc /tmp/app_ax45043_driver.elf.EUhZL1.ltrans0.ltrans.o
 *fill*         0x000000000800094c        0x4 
 .text.test_print
                0x0000000008000950       0x1c /tmp/app_ax45043_driver.elf.EUhZL1.ltrans0.ltrans.o
 *fill*         0x000000000800096c        0x4 
 .text.test_println
                0x0000000008000970       0x20 /tmp/app_ax45043_driver.elf.EUhZL1.ltrans0.ltrans.o
 .text.test_printn
                0x0000000008000990       0x58 /tmp/app_ax45043_driver.elf.EUhZL1.ltrans0.ltrans.o
 *fill*         0x00000000080009e8        0x8 
 .text.oslib_test_001_003_execute
                0x00000000080009f0      0x174 /tmp/app_ax45043_driver.elf.EUhZL1.ltrans0.ltrans.o
 *fill*         0x0000000008000b64        0xc 
 .text.oslib_test_001_002_execute
                0x0000000008000b70       0x8c /tmp/app_ax45043_driver.elf.EUhZL1.ltrans0.ltrans.o
 *fill*         0x0000000008000bfc        0x4 
 .text.oslib_test_001_001_execute
                0x0000000008000c00       0xa8 /tmp/app_ax45043_driver.elf.EUhZL1.ltrans0.ltrans.o
 *fill*         0x0000000008000ca8        0x8 
 .text.rt_test_011_012_execute
                0x0000000008000cb0       0xfc /tmp/app_ax45043_driver.elf.EUhZL1.ltrans0.ltrans.o
 *fill*         0x0000000008000dac        0x4 
 .text.rt_test_001_003_execute
                0x0000000008000db0      0x2d8 /tmp/app_ax45043_driver.elf.EUhZL1.ltrans0.ltrans.o
 *fill*         0x0000000008001088        0x8 
 .text.rt_test_001_002_execute
                0x0000000008001090       0x8c /tmp/app_ax45043_driver.elf.EUhZL1.ltrans0.ltrans.o
 *fill*         0x000000000800111c        0x4 
 .text.rt_test_001_001_execute
                0x0000000008001120       0xa8 /tmp/app_ax45043_driver.elf.EUhZL1.ltrans0.ltrans.o
 *fill*         0x00000000080011c8        0x8 
 .text._test_fail
                0x00000000080011d0       0x20 /tmp/app_ax45043_driver.elf.EUhZL1.ltrans0.ltrans.o
 .text._test_assert
                0x00000000080011f0       0x10 /tmp/app_ax45043_driver.elf.EUhZL1.ltrans0.ltrans.o
 .text.rt_test_003_002_execute
                0x0000000008001200       0xac /tmp/app_ax45043_driver.elf.EUhZL1.ltrans0.ltrans.o
 *fill*         0x00000000080012ac        0x4 
 .text.print_fat_line
                0x00000000080012b0       0x30 /tmp/app_ax45043_driver.elf.EUhZL1.ltrans0.ltrans.o
 .text.print_line
                0x00000000080012e0       0x30 /tmp/app_ax45043_driver.elf.EUhZL1.ltrans0.ltrans.o
 .text.print_tokens
                0x0000000008001310       0x2c /tmp/app_ax45043_driver.elf.EUhZL1.ltrans0.ltrans.o
 *fill*         0x000000000800133c        0x4 
 .text.clear_tokens
                0x0000000008001340       0x10 /tmp/app_ax45043_driver.elf.EUhZL1.ltrans0.ltrans.o
 .text._test_assert_sequence
                0x0000000008001350       0x3c /tmp/app_ax45043_driver.elf.EUhZL1.ltrans0.ltrans.o
 *fill*         0x000000000800138c        0x4 
 .text.execute_test
                0x0000000008001390       0x24 /tmp/app_ax45043_driver.elf.EUhZL1.ltrans0.ltrans.o
 *fill*         0x00000000080013b4        0xc 
 .text.shellInit
                0x00000000080013c0        0xc /tmp/app_ax45043_driver.elf.EUhZL1.ltrans0.ltrans.o
 *fill*         0x00000000080013cc        0x4 
 .text.is_histbuff_space
                0x00000000080013d0       0x2c /tmp/app_ax45043_driver.elf.EUhZL1.ltrans0.ltrans.o
 *fill*         0x00000000080013fc        0x4 
 .text.del_histbuff_entry
                0x0000000008001400       0x18 /tmp/app_ax45043_driver.elf.EUhZL1.ltrans0.ltrans.o
 *fill*         0x0000000008001418        0x8 
 .text.long_to_string_with_divisor
                0x0000000008001420       0x4c /tmp/app_ax45043_driver.elf.EUhZL1.ltrans0.ltrans.o
 *fill*         0x000000000800146c        0x4 
 .text.ch_ltoa  0x0000000008001470        0xc /tmp/app_ax45043_driver.elf.EUhZL1.ltrans0.ltrans.o
 *fill*         0x000000000800147c        0x4 
 .text.chvprintf
                0x0000000008001480      0x26c /tmp/app_ax45043_driver.elf.EUhZL1.ltrans0.ltrans.o
 *fill*         0x00000000080016ec        0x4 
 .text.dyn_list_unlink
                0x00000000080016f0       0x18 /tmp/app_ax45043_driver.elf.EUhZL1.ltrans0.ltrans.o
 *fill*         0x0000000008001708        0x8 
 .text.chCacheReadObject
                0x0000000008001710       0x10 /tmp/app_ax45043_driver.elf.EUhZL1.ltrans0.ltrans.o
 .text.hash_get_s
                0x0000000008001720       0x30 /tmp/app_ax45043_driver.elf.EUhZL1.ltrans0.ltrans.o
 .text.chPoolFreeI
                0x0000000008001750        0x8 /tmp/app_ax45043_driver.elf.EUhZL1.ltrans0.ltrans.o
 *fill*         0x0000000008001758        0x8 
 .text.chPoolFree
                0x0000000008001760       0x14 /tmp/app_ax45043_driver.elf.EUhZL1.ltrans0.ltrans.o
 *fill*         0x0000000008001774        0xc 
 .text.dyn_release_object_pool
                0x0000000008001780       0x1c /tmp/app_ax45043_driver.elf.EUhZL1.ltrans0.ltrans.o
 *fill*         0x000000000800179c        0x4 
 .text.chPoolAllocI
                0x00000000080017a0       0x1c /tmp/app_ax45043_driver.elf.EUhZL1.ltrans0.ltrans.o
 *fill*         0x00000000080017bc        0x4 
 .text.chPoolAlloc
                0x00000000080017c0       0x14 /tmp/app_ax45043_driver.elf.EUhZL1.ltrans0.ltrans.o
 *fill*         0x00000000080017d4        0xc 
 .text.chPoolLoadArray
                0x00000000080017e0       0x1c /tmp/app_ax45043_driver.elf.EUhZL1.ltrans0.ltrans.o
 *fill*         0x00000000080017fc        0x4 
 .text.chPoolObjectInitAligned
                0x0000000008001800       0x10 /tmp/app_ax45043_driver.elf.EUhZL1.ltrans0.ltrans.o
 .text.oslib_test_007_001_execute
                0x0000000008001810       0xf0 /tmp/app_ax45043_driver.elf.EUhZL1.ltrans0.ltrans.o
 .text.oslib_test_007_001_setup
                0x0000000008001900       0x14 /tmp/app_ax45043_driver.elf.EUhZL1.ltrans0.ltrans.o
 *fill*         0x0000000008001914        0xc 
 .text.rt_test_010_002_setup
                0x0000000008001920       0x18 /tmp/app_ax45043_driver.elf.EUhZL1.ltrans0.ltrans.o
 *fill*         0x0000000008001938        0x8 
 .text.chCoreGetStatusX
                0x0000000008001940       0x10 /tmp/app_ax45043_driver.elf.EUhZL1.ltrans0.ltrans.o
 .text.chCoreAllocFromTopI
                0x0000000008001950       0x2c /tmp/app_ax45043_driver.elf.EUhZL1.ltrans0.ltrans.o
 *fill*         0x000000000800197c        0x4 
 .text.chCoreAllocAlignedI
                0x0000000008001980        0xc /tmp/app_ax45043_driver.elf.EUhZL1.ltrans0.ltrans.o
 *fill*         0x000000000800198c        0x4 
 .text.chCoreAllocFromTop
                0x0000000008001990       0x14 /tmp/app_ax45043_driver.elf.EUhZL1.ltrans0.ltrans.o
 *fill*         0x00000000080019a4        0xc 
 .text.chMBObjectInit
                0x00000000080019b0       0x24 /tmp/app_ax45043_driver.elf.EUhZL1.ltrans0.ltrans.o
 *fill*         0x00000000080019d4        0xc 
 .text.oslib_test_002_003_setup
                0x00000000080019e0       0x18 /tmp/app_ax45043_driver.elf.EUhZL1.ltrans0.ltrans.o
 *fill*         0x00000000080019f8        0x8 
 .text.oslib_test_002_002_setup
                0x0000000008001a00       0x18 /tmp/app_ax45043_driver.elf.EUhZL1.ltrans0.ltrans.o
 *fill*         0x0000000008001a18        0x8 
 .text.oslib_test_002_001_setup
                0x0000000008001a20       0x18 /tmp/app_ax45043_driver.elf.EUhZL1.ltrans0.ltrans.o
 *fill*         0x0000000008001a38        0x8 
 .text.chEvtDispatch
                0x0000000008001a40       0x2c /tmp/app_ax45043_driver.elf.EUhZL1.ltrans0.ltrans.o
 *fill*         0x0000000008001a6c        0x4 
 .text.rt_test_009_002_execute
                0x0000000008001a70       0x2c /tmp/app_ax45043_driver.elf.EUhZL1.ltrans0.ltrans.o
 *fill*         0x0000000008001a9c        0x4 
 .text.chEvtAddEvents
                0x0000000008001aa0       0x1c /tmp/app_ax45043_driver.elf.EUhZL1.ltrans0.ltrans.o
 *fill*         0x0000000008001abc        0x4 
 .text.chEvtGetAndClearEventsI
                0x0000000008001ac0       0x14 /tmp/app_ax45043_driver.elf.EUhZL1.ltrans0.ltrans.o
 *fill*         0x0000000008001ad4        0xc 
 .text.chEvtGetAndClearEvents
                0x0000000008001ae0       0x14 /tmp/app_ax45043_driver.elf.EUhZL1.ltrans0.ltrans.o
 *fill*         0x0000000008001af4        0xc 
 .text.rt_test_009_007_setup
                0x0000000008001b00       0x1c /tmp/app_ax45043_driver.elf.EUhZL1.ltrans0.ltrans.o
 *fill*         0x0000000008001b1c        0x4 
 .text.rt_test_009_006_setup
                0x0000000008001b20        0xc /tmp/app_ax45043_driver.elf.EUhZL1.ltrans0.ltrans.o
 *fill*         0x0000000008001b2c        0x4 
 .text.rt_test_009_005_setup
                0x0000000008001b30        0xc /tmp/app_ax45043_driver.elf.EUhZL1.ltrans0.ltrans.o
 *fill*         0x0000000008001b3c        0x4 
 .text.rt_test_009_004_setup
                0x0000000008001b40        0xc /tmp/app_ax45043_driver.elf.EUhZL1.ltrans0.ltrans.o
 *fill*         0x0000000008001b4c        0x4 
 .text.rt_test_009_003_setup
                0x0000000008001b50        0xc /tmp/app_ax45043_driver.elf.EUhZL1.ltrans0.ltrans.o
 *fill*         0x0000000008001b5c        0x4 
 .text.rt_test_009_002_setup
                0x0000000008001b60        0xc /tmp/app_ax45043_driver.elf.EUhZL1.ltrans0.ltrans.o
 *fill*         0x0000000008001b6c        0x4 
 .text.chEvtUnregister
                0x0000000008001b70       0x20 /tmp/app_ax45043_driver.elf.EUhZL1.ltrans0.ltrans.o
 .text.chEvtRegisterMaskWithFlags
                0x0000000008001b90       0x28 /tmp/app_ax45043_driver.elf.EUhZL1.ltrans0.ltrans.o
 *fill*         0x0000000008001bb8        0x8 
 .text.rt_test_009_001_execute
                0x0000000008001bc0       0xcc /tmp/app_ax45043_driver.elf.EUhZL1.ltrans0.ltrans.o
 *fill*         0x0000000008001c8c        0x4 
 .text.chCondObjectInit
                0x0000000008001c90        0x8 /tmp/app_ax45043_driver.elf.EUhZL1.ltrans0.ltrans.o
 *fill*         0x0000000008001c98        0x8 
 .text.chMtxTryLockS
                0x0000000008001ca0       0x20 /tmp/app_ax45043_driver.elf.EUhZL1.ltrans0.ltrans.o
 .text.chMtxTryLock
                0x0000000008001cc0       0x14 /tmp/app_ax45043_driver.elf.EUhZL1.ltrans0.ltrans.o
 *fill*         0x0000000008001cd4        0xc 
 .text.chSemObjectInit
                0x0000000008001ce0        0x8 /tmp/app_ax45043_driver.elf.EUhZL1.ltrans0.ltrans.o
 *fill*         0x0000000008001ce8        0x8 
 .text.rt_test_011_010_setup
                0x0000000008001cf0       0x10 /tmp/app_ax45043_driver.elf.EUhZL1.ltrans0.ltrans.o
 .text.rt_test_011_007_setup
                0x0000000008001d00       0x10 /tmp/app_ax45043_driver.elf.EUhZL1.ltrans0.ltrans.o
 .text.rt_test_006_005_setup
                0x0000000008001d10       0x10 /tmp/app_ax45043_driver.elf.EUhZL1.ltrans0.ltrans.o
 .text.rt_test_006_004_setup
                0x0000000008001d20       0x10 /tmp/app_ax45043_driver.elf.EUhZL1.ltrans0.ltrans.o
 .text.rt_test_006_003_setup
                0x0000000008001d30       0x10 /tmp/app_ax45043_driver.elf.EUhZL1.ltrans0.ltrans.o
 .text.rt_test_006_002_setup
                0x0000000008001d40       0x10 /tmp/app_ax45043_driver.elf.EUhZL1.ltrans0.ltrans.o
 .text.rt_test_006_001_setup
                0x0000000008001d50       0x10 /tmp/app_ax45043_driver.elf.EUhZL1.ltrans0.ltrans.o
 .text.chCacheObjectInit
                0x0000000008001d60       0x88 /tmp/app_ax45043_driver.elf.EUhZL1.ltrans0.ltrans.o
 *fill*         0x0000000008001de8        0x8 
 .text.chGuardedPoolObjectInitAligned
                0x0000000008001df0       0x18 /tmp/app_ax45043_driver.elf.EUhZL1.ltrans0.ltrans.o
 *fill*         0x0000000008001e08        0x8 
 .text.oslib_test_007_003_setup
                0x0000000008001e10       0x14 /tmp/app_ax45043_driver.elf.EUhZL1.ltrans0.ltrans.o
 *fill*         0x0000000008001e24        0xc 
 .text.oslib_test_007_002_setup
                0x0000000008001e30       0x14 /tmp/app_ax45043_driver.elf.EUhZL1.ltrans0.ltrans.o
 *fill*         0x0000000008001e44        0xc 
 .text.chRegFirstThread
                0x0000000008001e50       0x20 /tmp/app_ax45043_driver.elf.EUhZL1.ltrans0.ltrans.o
 .text.chTMStopMeasurementX
                0x0000000008001e70       0x44 /tmp/app_ax45043_driver.elf.EUhZL1.ltrans0.ltrans.o
 *fill*         0x0000000008001eb4        0xc 
 .text.chTMStartMeasurementX
                0x0000000008001ec0        0xc /tmp/app_ax45043_driver.elf.EUhZL1.ltrans0.ltrans.o
 *fill*         0x0000000008001ecc        0x4 
 .text.chTMObjectInit
                0x0000000008001ed0       0x18 /tmp/app_ax45043_driver.elf.EUhZL1.ltrans0.ltrans.o
 *fill*         0x0000000008001ee8        0x8 
 .text.chThdTerminate
                0x0000000008001ef0       0x1c /tmp/app_ax45043_driver.elf.EUhZL1.ltrans0.ltrans.o
 *fill*         0x0000000008001f0c        0x4 
 .text.test_terminate_threads
                0x0000000008001f10       0x24 /tmp/app_ax45043_driver.elf.EUhZL1.ltrans0.ltrans.o
 *fill*         0x0000000008001f34        0xc 
 .text.cmdexec  0x0000000008001f40       0x2c /tmp/app_ax45043_driver.elf.EUhZL1.ltrans0.ltrans.o
 *fill*         0x0000000008001f6c        0x4 
 .text.chThdSetPriority
                0x0000000008001f70       0x34 /tmp/app_ax45043_driver.elf.EUhZL1.ltrans0.ltrans.o
 *fill*         0x0000000008001fa4        0xc 
 .text.rt_test_004_004_execute
                0x0000000008001fb0      0x100 /tmp/app_ax45043_driver.elf.EUhZL1.ltrans0.ltrans.o
 .text.rt_test_004_003_execute
                0x00000000080020b0       0x88 /tmp/app_ax45043_driver.elf.EUhZL1.ltrans0.ltrans.o
 *fill*         0x0000000008002138        0x8 
 .text.rt_test_003_001_execute
                0x0000000008002140       0x1c /tmp/app_ax45043_driver.elf.EUhZL1.ltrans0.ltrans.o
 *fill*         0x000000000800215c        0x4 
 .text._test_assert_time_window
                0x0000000008002160       0x20 /tmp/app_ax45043_driver.elf.EUhZL1.ltrans0.ltrans.o
 .text.chMsgRelease
                0x0000000008002180       0x14 /tmp/app_ax45043_driver.elf.EUhZL1.ltrans0.ltrans.o
 *fill*         0x0000000008002194        0xc 
 .text.chCondSignal
                0x00000000080021a0       0x24 /tmp/app_ax45043_driver.elf.EUhZL1.ltrans0.ltrans.o
 *fill*         0x00000000080021c4        0xc 
 .text.chSemSignal
                0x00000000080021d0       0x2c /tmp/app_ax45043_driver.elf.EUhZL1.ltrans0.ltrans.o
 *fill*         0x00000000080021fc        0x4 
 .text.chThdResumeS
                0x0000000008002200       0x14 /tmp/app_ax45043_driver.elf.EUhZL1.ltrans0.ltrans.o
 *fill*         0x0000000008002214        0xc 
 .text.chThdResume
                0x0000000008002220       0x14 /tmp/app_ax45043_driver.elf.EUhZL1.ltrans0.ltrans.o
 *fill*         0x0000000008002234        0xc 
 .text.bmk_thread4
                0x0000000008002240       0x24 /tmp/app_ax45043_driver.elf.EUhZL1.ltrans0.ltrans.o
 *fill*         0x0000000008002264        0xc 
 .text.chMsgWaitS
                0x0000000008002270       0x34 /tmp/app_ax45043_driver.elf.EUhZL1.ltrans0.ltrans.o
 *fill*         0x00000000080022a4        0xc 
 .text.bmk_thread1
                0x00000000080022b0       0x20 /tmp/app_ax45043_driver.elf.EUhZL1.ltrans0.ltrans.o
 .text.chDelegateDispatch
                0x00000000080022d0       0x28 /tmp/app_ax45043_driver.elf.EUhZL1.ltrans0.ltrans.o
 *fill*         0x00000000080022f8        0x8 
 .text.chEvtWaitAll
                0x0000000008002300       0x38 /tmp/app_ax45043_driver.elf.EUhZL1.ltrans0.ltrans.o
 *fill*         0x0000000008002338        0x8 
 .text.chEvtWaitAny
                0x0000000008002340       0x38 /tmp/app_ax45043_driver.elf.EUhZL1.ltrans0.ltrans.o
 *fill*         0x0000000008002378        0x8 
 .text.chEvtWaitOne
                0x0000000008002380       0x3c /tmp/app_ax45043_driver.elf.EUhZL1.ltrans0.ltrans.o
 *fill*         0x00000000080023bc        0x4 
 .text.chSemWaitS
                0x00000000080023c0       0x30 /tmp/app_ax45043_driver.elf.EUhZL1.ltrans0.ltrans.o
 .text.lru_get_last_s
                0x00000000080023f0       0x60 /tmp/app_ax45043_driver.elf.EUhZL1.ltrans0.ltrans.o
 .text.chCacheGetObject
                0x0000000008002450       0x78 /tmp/app_ax45043_driver.elf.EUhZL1.ltrans0.ltrans.o
 *fill*         0x00000000080024c8        0x8 
 .text.chSemWait
                0x00000000080024d0       0x14 /tmp/app_ax45043_driver.elf.EUhZL1.ltrans0.ltrans.o
 *fill*         0x00000000080024e4        0xc 
 .text.bmk_thread7
                0x00000000080024f0       0x24 /tmp/app_ax45043_driver.elf.EUhZL1.ltrans0.ltrans.o
 *fill*         0x0000000008002514        0xc 
 .text.thread3  0x0000000008002520       0x18 /tmp/app_ax45043_driver.elf.EUhZL1.ltrans0.ltrans.o
 *fill*         0x0000000008002538        0x8 
 .text.thread1.lto_priv.1
                0x0000000008002540       0x18 /tmp/app_ax45043_driver.elf.EUhZL1.ltrans0.ltrans.o
 *fill*         0x0000000008002558        0x8 
 .text.vtcb     0x0000000008002560       0x20 /tmp/app_ax45043_driver.elf.EUhZL1.ltrans0.ltrans.o
 .text.rt_test_002_001_execute
                0x0000000008002580       0xb0 /tmp/app_ax45043_driver.elf.EUhZL1.ltrans0.ltrans.o
 .text.save_history
                0x0000000008002630       0xa4 /tmp/app_ax45043_driver.elf.EUhZL1.ltrans0.ltrans.o
 *fill*         0x00000000080026d4        0xc 
 .text.get_history
                0x00000000080026e0       0xec /tmp/app_ax45043_driver.elf.EUhZL1.ltrans0.ltrans.o
 *fill*         0x00000000080027cc        0x4 
 .text.parse_arguments
                0x00000000080027d0       0x50 /tmp/app_ax45043_driver.elf.EUhZL1.ltrans0.ltrans.o
 .text.chprintf
                0x0000000008002820       0x1c /tmp/app_ax45043_driver.elf.EUhZL1.ltrans0.ltrans.o
 *fill*         0x000000000800283c        0x4 
 .text.ti_help  0x0000000008002840       0x4c /tmp/app_ax45043_driver.elf.EUhZL1.ltrans0.ltrans.o
 *fill*         0x000000000800288c        0x4 
 .text.app_init
                0x0000000008002890       0x44 /tmp/app_ax45043_driver.elf.EUhZL1.ltrans0.ltrans.o
 *fill*         0x00000000080028d4        0xc 
 .text.cmd_systime
                0x00000000080028e0       0x3c /tmp/app_ax45043_driver.elf.EUhZL1.ltrans0.ltrans.o
 *fill*         0x000000000800291c        0x4 
 .text.cmd_echo
                0x0000000008002920       0x28 /tmp/app_ax45043_driver.elf.EUhZL1.ltrans0.ltrans.o
 *fill*         0x0000000008002948        0x8 
 .text.cmd_info
                0x0000000008002950       0xbc /tmp/app_ax45043_driver.elf.EUhZL1.ltrans0.ltrans.o
 *fill*         0x0000000008002a0c        0x4 
 .text.shellGetLine
                0x0000000008002a10      0x1e8 /tmp/app_ax45043_driver.elf.EUhZL1.ltrans0.ltrans.o
 *fill*         0x0000000008002bf8        0x8 
 .text.list_commands
                0x0000000008002c00       0x1c /tmp/app_ax45043_driver.elf.EUhZL1.ltrans0.ltrans.o
 *fill*         0x0000000008002c1c        0x4 
 .text.lmx2572_reset
                0x0000000008002c20       0x3c /tmp/app_ax45043_driver.elf.EUhZL1.ltrans0.ltrans.o
 *fill*         0x0000000008002c5c        0x4 
 .text.lmx2572_write_reg
                0x0000000008002c60       0x34 /tmp/app_ax45043_driver.elf.EUhZL1.ltrans0.ltrans.o
 *fill*         0x0000000008002c94        0xc 
 .text.reg      0x0000000008002ca0       0x98 /tmp/app_ax45043_driver.elf.EUhZL1.ltrans0.ltrans.o
 *fill*         0x0000000008002d38        0x8 
 .text.lmx2572_load_regs
                0x0000000008002d40       0x24 /tmp/app_ax45043_driver.elf.EUhZL1.ltrans0.ltrans.o
 *fill*         0x0000000008002d64        0xc 
 .text.change   0x0000000008002d70       0xe0 /tmp/app_ax45043_driver.elf.EUhZL1.ltrans0.ltrans.o
 .text.dyn_list_find
                0x0000000008002e50       0x24 /tmp/app_ax45043_driver.elf.EUhZL1.ltrans0.ltrans.o
 *fill*         0x0000000008002e74        0xc 
 .text.dyn_find_object
                0x0000000008002e80       0x14 /tmp/app_ax45043_driver.elf.EUhZL1.ltrans0.ltrans.o
 *fill*         0x0000000008002e94        0xc 
 .text.dyn_create_object_pool
                0x0000000008002ea0       0x34 /tmp/app_ax45043_driver.elf.EUhZL1.ltrans0.ltrans.o
 *fill*         0x0000000008002ed4        0xc 
 .text.chThdCreateFromMemoryPool
                0x0000000008002ee0       0x54 /tmp/app_ax45043_driver.elf.EUhZL1.ltrans0.ltrans.o
 *fill*         0x0000000008002f34        0xc 
 .text.chMsgSend
                0x0000000008002f40       0x40 /tmp/app_ax45043_driver.elf.EUhZL1.ltrans0.ltrans.o
 .text.msg_thread1
                0x0000000008002f80       0x24 /tmp/app_ax45043_driver.elf.EUhZL1.ltrans0.ltrans.o
 *fill*         0x0000000008002fa4        0xc 
 .text.chDelegateCallVeneer
                0x0000000008002fb0       0x24 /tmp/app_ax45043_driver.elf.EUhZL1.ltrans0.ltrans.o
 *fill*         0x0000000008002fd4        0xc 
 .text.chEvtSignalI
                0x0000000008002fe0       0x30 /tmp/app_ax45043_driver.elf.EUhZL1.ltrans0.ltrans.o
 .text.chEvtSignal
                0x0000000008003010       0x18 /tmp/app_ax45043_driver.elf.EUhZL1.ltrans0.ltrans.o
 *fill*         0x0000000008003028        0x8 
 .text.chCondBroadcastI
                0x0000000008003030       0x20 /tmp/app_ax45043_driver.elf.EUhZL1.ltrans0.ltrans.o
 .text.chCondBroadcast
                0x0000000008003050       0x18 /tmp/app_ax45043_driver.elf.EUhZL1.ltrans0.ltrans.o
 *fill*         0x0000000008003068        0x8 
 .text.chCondSignalI
                0x0000000008003070       0x1c /tmp/app_ax45043_driver.elf.EUhZL1.ltrans0.ltrans.o
 *fill*         0x000000000800308c        0x4 
 .text.chMtxUnlockAll
                0x0000000008003090       0x50 /tmp/app_ax45043_driver.elf.EUhZL1.ltrans0.ltrans.o
 .text.chMtxUnlockS
                0x00000000080030e0       0x4c /tmp/app_ax45043_driver.elf.EUhZL1.ltrans0.ltrans.o
 *fill*         0x000000000800312c        0x4 
 .text.chMtxUnlock
                0x0000000008003130       0x5c /tmp/app_ax45043_driver.elf.EUhZL1.ltrans0.ltrans.o
 *fill*         0x000000000800318c        0x4 
 .text.rt_test_007_005_execute
                0x0000000008003190      0x120 /tmp/app_ax45043_driver.elf.EUhZL1.ltrans0.ltrans.o
 .text.chMtxLockS
                0x00000000080032b0       0xc0 /tmp/app_ax45043_driver.elf.EUhZL1.ltrans0.ltrans.o
 .text.chCondWaitS
                0x0000000008003370       0x44 /tmp/app_ax45043_driver.elf.EUhZL1.ltrans0.ltrans.o
 *fill*         0x00000000080033b4        0xc 
 .text.chCondWait
                0x00000000080033c0       0x14 /tmp/app_ax45043_driver.elf.EUhZL1.ltrans0.ltrans.o
 *fill*         0x00000000080033d4        0xc 
 .text.chMtxLock
                0x00000000080033e0       0x14 /tmp/app_ax45043_driver.elf.EUhZL1.ltrans0.ltrans.o
 *fill*         0x00000000080033f4        0xc 
 .text.thread6  0x0000000008003400       0x28 /tmp/app_ax45043_driver.elf.EUhZL1.ltrans0.ltrans.o
 *fill*         0x0000000008003428        0x8 
 .text.thread9  0x0000000008003430       0x20 /tmp/app_ax45043_driver.elf.EUhZL1.ltrans0.ltrans.o
 .text.thread1.lto_priv.2
                0x0000000008003450       0x20 /tmp/app_ax45043_driver.elf.EUhZL1.ltrans0.ltrans.o
 .text.chFactoryFindPipe
                0x0000000008003470       0x28 /tmp/app_ax45043_driver.elf.EUhZL1.ltrans0.ltrans.o
 *fill*         0x0000000008003498        0x8 
 .text.chFactoryFindObjectsFIFO
                0x00000000080034a0       0x28 /tmp/app_ax45043_driver.elf.EUhZL1.ltrans0.ltrans.o
 *fill*         0x00000000080034c8        0x8 
 .text.chFactoryFindMailbox
                0x00000000080034d0       0x28 /tmp/app_ax45043_driver.elf.EUhZL1.ltrans0.ltrans.o
 *fill*         0x00000000080034f8        0x8 
 .text.chFactoryReleaseSemaphore
                0x0000000008003500       0x28 /tmp/app_ax45043_driver.elf.EUhZL1.ltrans0.ltrans.o
 *fill*         0x0000000008003528        0x8 
 .text.chFactoryFindSemaphore
                0x0000000008003530       0x28 /tmp/app_ax45043_driver.elf.EUhZL1.ltrans0.ltrans.o
 *fill*         0x0000000008003558        0x8 
 .text.oslib_test_009_003_teardown
                0x0000000008003560       0x20 /tmp/app_ax45043_driver.elf.EUhZL1.ltrans0.ltrans.o
 .text.chFactoryCreateSemaphore
                0x0000000008003580       0x38 /tmp/app_ax45043_driver.elf.EUhZL1.ltrans0.ltrans.o
 *fill*         0x00000000080035b8        0x8 
 .text.oslib_test_009_003_execute
                0x00000000080035c0      0x140 /tmp/app_ax45043_driver.elf.EUhZL1.ltrans0.ltrans.o
 .text.chFactoryFindBuffer
                0x0000000008003700       0x28 /tmp/app_ax45043_driver.elf.EUhZL1.ltrans0.ltrans.o
 *fill*         0x0000000008003728        0x8 
 .text.chFactoryReleaseObject
                0x0000000008003730       0x28 /tmp/app_ax45043_driver.elf.EUhZL1.ltrans0.ltrans.o
 *fill*         0x0000000008003758        0x8 
 .text.chFactoryFindObject
                0x0000000008003760       0x28 /tmp/app_ax45043_driver.elf.EUhZL1.ltrans0.ltrans.o
 *fill*         0x0000000008003788        0x8 
 .text.oslib_test_009_001_teardown
                0x0000000008003790       0x20 /tmp/app_ax45043_driver.elf.EUhZL1.ltrans0.ltrans.o
 .text.chFactoryRegisterObject
                0x00000000080037b0       0x30 /tmp/app_ax45043_driver.elf.EUhZL1.ltrans0.ltrans.o
 .text.oslib_test_009_001_execute
                0x00000000080037e0      0x180 /tmp/app_ax45043_driver.elf.EUhZL1.ltrans0.ltrans.o
 .text.pipe_read
                0x0000000008003960       0x74 /tmp/app_ax45043_driver.elf.EUhZL1.ltrans0.ltrans.o
 *fill*         0x00000000080039d4        0xc 
 .text.pipe_write
                0x00000000080039e0       0x7c /tmp/app_ax45043_driver.elf.EUhZL1.ltrans0.ltrans.o
 *fill*         0x0000000008003a5c        0x4 
 .text.chHeapStatus
                0x0000000008003a60       0x54 /tmp/app_ax45043_driver.elf.EUhZL1.ltrans0.ltrans.o
 *fill*         0x0000000008003ab4        0xc 
 .text.cmd_mem  0x0000000008003ac0       0x68 /tmp/app_ax45043_driver.elf.EUhZL1.ltrans0.ltrans.o
 *fill*         0x0000000008003b28        0x8 
 .text.chHeapFree
                0x0000000008003b30       0x8c /tmp/app_ax45043_driver.elf.EUhZL1.ltrans0.ltrans.o
 *fill*         0x0000000008003bbc        0x4 
 .text.dyn_release_object_heap
                0x0000000008003bc0       0x18 /tmp/app_ax45043_driver.elf.EUhZL1.ltrans0.ltrans.o
 *fill*         0x0000000008003bd8        0x8 
 .text.chFactoryReleasePipe
                0x0000000008003be0       0x24 /tmp/app_ax45043_driver.elf.EUhZL1.ltrans0.ltrans.o
 *fill*         0x0000000008003c04        0xc 
 .text.oslib_test_009_006_teardown
                0x0000000008003c10       0x20 /tmp/app_ax45043_driver.elf.EUhZL1.ltrans0.ltrans.o
 .text.chFactoryReleaseObjectsFIFO
                0x0000000008003c30       0x24 /tmp/app_ax45043_driver.elf.EUhZL1.ltrans0.ltrans.o
 *fill*         0x0000000008003c54        0xc 
 .text.oslib_test_009_005_teardown
                0x0000000008003c60       0x20 /tmp/app_ax45043_driver.elf.EUhZL1.ltrans0.ltrans.o
 .text.chFactoryReleaseMailbox
                0x0000000008003c80       0x24 /tmp/app_ax45043_driver.elf.EUhZL1.ltrans0.ltrans.o
 *fill*         0x0000000008003ca4        0xc 
 .text.oslib_test_009_004_teardown
                0x0000000008003cb0       0x20 /tmp/app_ax45043_driver.elf.EUhZL1.ltrans0.ltrans.o
 .text.chFactoryReleaseBuffer
                0x0000000008003cd0       0x24 /tmp/app_ax45043_driver.elf.EUhZL1.ltrans0.ltrans.o
 *fill*         0x0000000008003cf4        0xc 
 .text.oslib_test_009_002_teardown
                0x0000000008003d00       0x20 /tmp/app_ax45043_driver.elf.EUhZL1.ltrans0.ltrans.o
 .text.chThdRelease
                0x0000000008003d20       0x58 /tmp/app_ax45043_driver.elf.EUhZL1.ltrans0.ltrans.o
 *fill*         0x0000000008003d78        0x8 
 .text.chRegNextThread
                0x0000000008003d80       0x30 /tmp/app_ax45043_driver.elf.EUhZL1.ltrans0.ltrans.o
 .text.cmd_threads
                0x0000000008003db0       0x80 /tmp/app_ax45043_driver.elf.EUhZL1.ltrans0.ltrans.o
 .text.chThdWait
                0x0000000008003e30       0x3c /tmp/app_ax45043_driver.elf.EUhZL1.ltrans0.ltrans.o
 *fill*         0x0000000008003e6c        0x4 
 .text.oslib_test_005_001_execute
                0x0000000008003e70      0x180 /tmp/app_ax45043_driver.elf.EUhZL1.ltrans0.ltrans.o
 .text.test_wait_threads
                0x0000000008003ff0       0x2c /tmp/app_ax45043_driver.elf.EUhZL1.ltrans0.ltrans.o
 *fill*         0x000000000800401c        0x4 
 .text.rt_test_010_002_execute
                0x0000000008004020      0x184 /tmp/app_ax45043_driver.elf.EUhZL1.ltrans0.ltrans.o
 *fill*         0x00000000080041a4        0xc 
 .text.rt_test_007_004_teardown
                0x00000000080041b0        0x8 /tmp/app_ax45043_driver.elf.EUhZL1.ltrans0.ltrans.o
 *fill*         0x00000000080041b8        0x8 
 .text.rt_test_006_006_teardown
                0x00000000080041c0        0x8 /tmp/app_ax45043_driver.elf.EUhZL1.ltrans0.ltrans.o
 *fill*         0x00000000080041c8        0x8 
 .text.rt_test_006_005_teardown
                0x00000000080041d0        0x8 /tmp/app_ax45043_driver.elf.EUhZL1.ltrans0.ltrans.o
 *fill*         0x00000000080041d8        0x8 
 .text.chHeapAllocAligned
                0x00000000080041e0       0xf0 /tmp/app_ax45043_driver.elf.EUhZL1.ltrans0.ltrans.o
 .text.oslib_test_008_002_execute
                0x00000000080042d0       0x68 /tmp/app_ax45043_driver.elf.EUhZL1.ltrans0.ltrans.o
 *fill*         0x0000000008004338        0x8 
 .text.oslib_test_008_001_execute
                0x0000000008004340      0x354 /tmp/app_ax45043_driver.elf.EUhZL1.ltrans0.ltrans.o
 *fill*         0x0000000008004694        0xc 
 .text.dyn_create_object_heap
                0x00000000080046a0       0x38 /tmp/app_ax45043_driver.elf.EUhZL1.ltrans0.ltrans.o
 *fill*         0x00000000080046d8        0x8 
 .text.chFactoryCreateMailbox
                0x00000000080046e0       0x3c /tmp/app_ax45043_driver.elf.EUhZL1.ltrans0.ltrans.o
 *fill*         0x000000000800471c        0x4 
 .text.oslib_test_009_004_execute
                0x0000000008004720      0x140 /tmp/app_ax45043_driver.elf.EUhZL1.ltrans0.ltrans.o
 .text.chFactoryCreateBuffer
                0x0000000008004860       0x38 /tmp/app_ax45043_driver.elf.EUhZL1.ltrans0.ltrans.o
 *fill*         0x0000000008004898        0x8 
 .text.oslib_test_009_002_execute
                0x00000000080048a0      0x140 /tmp/app_ax45043_driver.elf.EUhZL1.ltrans0.ltrans.o
 .text.chThdCreateFromHeap
                0x00000000080049e0       0x4c /tmp/app_ax45043_driver.elf.EUhZL1.ltrans0.ltrans.o
 *fill*         0x0000000008004a2c        0x4 
 .text.rt_test_010_001_execute
                0x0000000008004a30      0x170 /tmp/app_ax45043_driver.elf.EUhZL1.ltrans0.ltrans.o
 .text.cmd_test
                0x0000000008004ba0       0x8c /tmp/app_ax45043_driver.elf.EUhZL1.ltrans0.ltrans.o
 *fill*         0x0000000008004c2c        0x4 
 .text.chSemSignalWait
                0x0000000008004c30       0x60 /tmp/app_ax45043_driver.elf.EUhZL1.ltrans0.ltrans.o
 .text.chSemAddCounterI
                0x0000000008004c90       0x2c /tmp/app_ax45043_driver.elf.EUhZL1.ltrans0.ltrans.o
 *fill*         0x0000000008004cbc        0x4 
 .text.chSemSignalI
                0x0000000008004cc0       0x24 /tmp/app_ax45043_driver.elf.EUhZL1.ltrans0.ltrans.o
 *fill*         0x0000000008004ce4        0xc 
 .text.thread4  0x0000000008004cf0       0x20 /tmp/app_ax45043_driver.elf.EUhZL1.ltrans0.ltrans.o
 .text.chCacheReleaseObjectI
                0x0000000008004d10       0x8c /tmp/app_ax45043_driver.elf.EUhZL1.ltrans0.ltrans.o
 *fill*         0x0000000008004d9c        0x4 
 .text.oslib_test_006_001_execute
                0x0000000008004da0      0x2d0 /tmp/app_ax45043_driver.elf.EUhZL1.ltrans0.ltrans.o
 .text.obj_read
                0x0000000008005070       0x3c /tmp/app_ax45043_driver.elf.EUhZL1.ltrans0.ltrans.o
 *fill*         0x00000000080050ac        0x4 
 .text.chGuardedPoolFree
                0x00000000080050b0       0x24 /tmp/app_ax45043_driver.elf.EUhZL1.ltrans0.ltrans.o
 *fill*         0x00000000080050d4        0xc 
 .text.chGuardedPoolLoadArray
                0x00000000080050e0       0x1c /tmp/app_ax45043_driver.elf.EUhZL1.ltrans0.ltrans.o
 *fill*         0x00000000080050fc        0x4 
 .text.chFactoryCreateObjectsFIFO
                0x0000000008005100       0x70 /tmp/app_ax45043_driver.elf.EUhZL1.ltrans0.ltrans.o
 .text.oslib_test_009_005_execute
                0x0000000008005170      0x148 /tmp/app_ax45043_driver.elf.EUhZL1.ltrans0.ltrans.o
 *fill*         0x00000000080052b8        0x8 
 .text.chSemResetWithMessageI
                0x00000000080052c0       0x24 /tmp/app_ax45043_driver.elf.EUhZL1.ltrans0.ltrans.o
 *fill*         0x00000000080052e4        0xc 
 .text.chSemResetWithMessage
                0x00000000080052f0       0x18 /tmp/app_ax45043_driver.elf.EUhZL1.ltrans0.ltrans.o
 *fill*         0x0000000008005308        0x8 
 .text.rt_test_006_001_execute
                0x0000000008005310       0xc8 /tmp/app_ax45043_driver.elf.EUhZL1.ltrans0.ltrans.o
 *fill*         0x00000000080053d8        0x8 
 .text.rt_test_006_001_teardown
                0x00000000080053e0       0x14 /tmp/app_ax45043_driver.elf.EUhZL1.ltrans0.ltrans.o
 *fill*         0x00000000080053f4        0xc 
 .text.chThdExitS
                0x0000000008005400       0x44 /tmp/app_ax45043_driver.elf.EUhZL1.ltrans0.ltrans.o
 *fill*         0x0000000008005444        0xc 
 .text.chEvtWaitAllTimeout
                0x0000000008005450       0x4c /tmp/app_ax45043_driver.elf.EUhZL1.ltrans0.ltrans.o
 *fill*         0x000000000800549c        0x4 
 .text.chEvtWaitAnyTimeout
                0x00000000080054a0       0x50 /tmp/app_ax45043_driver.elf.EUhZL1.ltrans0.ltrans.o
 .text.chEvtWaitOneTimeout
                0x00000000080054f0       0x54 /tmp/app_ax45043_driver.elf.EUhZL1.ltrans0.ltrans.o
 *fill*         0x0000000008005544        0xc 
 .text.rt_test_009_006_execute
                0x0000000008005550       0xb8 /tmp/app_ax45043_driver.elf.EUhZL1.ltrans0.ltrans.o
 *fill*         0x0000000008005608        0x8 
 .text.chCondWaitTimeoutS
                0x0000000008005610       0x54 /tmp/app_ax45043_driver.elf.EUhZL1.ltrans0.ltrans.o
 *fill*         0x0000000008005664        0xc 
 .text.chCondWaitTimeout
                0x0000000008005670       0x14 /tmp/app_ax45043_driver.elf.EUhZL1.ltrans0.ltrans.o
 *fill*         0x0000000008005684        0xc 
 .text.thread8  0x0000000008005690       0x40 /tmp/app_ax45043_driver.elf.EUhZL1.ltrans0.ltrans.o
 .text.chSemWaitTimeoutS
                0x00000000080056d0       0x38 /tmp/app_ax45043_driver.elf.EUhZL1.ltrans0.ltrans.o
 *fill*         0x0000000008005708        0x8 
 .text.chGuardedPoolAllocTimeoutS
                0x0000000008005710       0x18 /tmp/app_ax45043_driver.elf.EUhZL1.ltrans0.ltrans.o
 *fill*         0x0000000008005728        0x8 
 .text.chGuardedPoolAllocTimeout
                0x0000000008005730       0x14 /tmp/app_ax45043_driver.elf.EUhZL1.ltrans0.ltrans.o
 *fill*         0x0000000008005744        0xc 
 .text.oslib_test_007_003_execute
                0x0000000008005750       0x2c /tmp/app_ax45043_driver.elf.EUhZL1.ltrans0.ltrans.o
 *fill*         0x000000000800577c        0x4 
 .text.oslib_test_007_002_execute
                0x0000000008005780       0xc8 /tmp/app_ax45043_driver.elf.EUhZL1.ltrans0.ltrans.o
 *fill*         0x0000000008005848        0x8 
 .text.chSemWaitTimeout
                0x0000000008005850       0x14 /tmp/app_ax45043_driver.elf.EUhZL1.ltrans0.ltrans.o
 *fill*         0x0000000008005864        0xc 
 .text.chThdSuspendTimeoutS
                0x0000000008005870       0x20 /tmp/app_ax45043_driver.elf.EUhZL1.ltrans0.ltrans.o
 .text.chPipeReadTimeout
                0x0000000008005890       0x68 /tmp/app_ax45043_driver.elf.EUhZL1.ltrans0.ltrans.o
 *fill*         0x00000000080058f8        0x8 
 .text.chPipeWriteTimeout
                0x0000000008005900       0x68 /tmp/app_ax45043_driver.elf.EUhZL1.ltrans0.ltrans.o
 *fill*         0x0000000008005968        0x8 
 .text.oslib_test_003_002_execute
                0x0000000008005970       0xbc /tmp/app_ax45043_driver.elf.EUhZL1.ltrans0.ltrans.o
 *fill*         0x0000000008005a2c        0x4 
 .text.chThdSleepUntil
                0x0000000008005a30       0x24 /tmp/app_ax45043_driver.elf.EUhZL1.ltrans0.ltrans.o
 *fill*         0x0000000008005a54        0xc 
 .text.chThdSleep
                0x0000000008005a60       0x18 /tmp/app_ax45043_driver.elf.EUhZL1.ltrans0.ltrans.o
 *fill*         0x0000000008005a78        0x8 
 .text.main_loop
                0x0000000008005a80       0x58 /tmp/app_ax45043_driver.elf.EUhZL1.ltrans0.ltrans.o
 *fill*         0x0000000008005ad8        0x8 
 .text.job_slow
                0x0000000008005ae0       0x10 /tmp/app_ax45043_driver.elf.EUhZL1.ltrans0.ltrans.o
 .text.evt_thread3
                0x0000000008005af0       0x18 /tmp/app_ax45043_driver.elf.EUhZL1.ltrans0.ltrans.o
 *fill*         0x0000000008005b08        0x8 
 .text.thread4A
                0x0000000008005b10       0x20 /tmp/app_ax45043_driver.elf.EUhZL1.ltrans0.ltrans.o
 .text.thread4B
                0x0000000008005b30       0x30 /tmp/app_ax45043_driver.elf.EUhZL1.ltrans0.ltrans.o
 .text.thread2  0x0000000008005b60       0x28 /tmp/app_ax45043_driver.elf.EUhZL1.ltrans0.ltrans.o
 *fill*         0x0000000008005b88        0x8 
 .text.rt_test_004_001_execute
                0x0000000008005b90       0xc8 /tmp/app_ax45043_driver.elf.EUhZL1.ltrans0.ltrans.o
 *fill*         0x0000000008005c58        0x8 
 .text.rt_test_002_002_execute
                0x0000000008005c60       0xcc /tmp/app_ax45043_driver.elf.EUhZL1.ltrans0.ltrans.o
 *fill*         0x0000000008005d2c        0x4 
 .text.test_wait_tick
                0x0000000008005d30       0x1c /tmp/app_ax45043_driver.elf.EUhZL1.ltrans0.ltrans.o
 *fill*         0x0000000008005d4c        0x4 
 .text.rt_test_011_011_execute
                0x0000000008005d50       0x7c /tmp/app_ax45043_driver.elf.EUhZL1.ltrans0.ltrans.o
 *fill*         0x0000000008005dcc        0x4 
 .text.rt_test_011_010_execute
                0x0000000008005dd0       0x7c /tmp/app_ax45043_driver.elf.EUhZL1.ltrans0.ltrans.o
 *fill*         0x0000000008005e4c        0x4 
 .text.rt_test_011_009_execute
                0x0000000008005e50       0x90 /tmp/app_ax45043_driver.elf.EUhZL1.ltrans0.ltrans.o
 .text.msg_loop_test
                0x0000000008005ee0       0x30 /tmp/app_ax45043_driver.elf.EUhZL1.ltrans0.ltrans.o
 .text.test_execute
                0x0000000008005f10      0x26c /tmp/app_ax45043_driver.elf.EUhZL1.ltrans0.ltrans.o
 *fill*         0x000000000800617c        0x4 
 .text.test_rt  0x0000000008006180       0x10 /tmp/app_ax45043_driver.elf.EUhZL1.ltrans0.ltrans.o
 .text.test_oslib
                0x0000000008006190       0x10 /tmp/app_ax45043_driver.elf.EUhZL1.ltrans0.ltrans.o
 .text.chThdYield
                0x00000000080061a0       0x28 /tmp/app_ax45043_driver.elf.EUhZL1.ltrans0.ltrans.o
 *fill*         0x00000000080061c8        0x8 
 .text.bmk_thread8
                0x00000000080061d0       0x30 /tmp/app_ax45043_driver.elf.EUhZL1.ltrans0.ltrans.o
 .text.chThdCreateStatic
                0x0000000008006200       0x48 /tmp/app_ax45043_driver.elf.EUhZL1.ltrans0.ltrans.o
 *fill*         0x0000000008006248        0x8 
 .text.rt_test_011_008_execute
                0x0000000008006250       0xf4 /tmp/app_ax45043_driver.elf.EUhZL1.ltrans0.ltrans.o
 *fill*         0x0000000008006344        0xc 
 .text.rt_test_011_007_execute
                0x0000000008006350      0x12c /tmp/app_ax45043_driver.elf.EUhZL1.ltrans0.ltrans.o
 *fill*         0x000000000800647c        0x4 
 .text.rt_test_011_006_execute
                0x0000000008006480       0x74 /tmp/app_ax45043_driver.elf.EUhZL1.ltrans0.ltrans.o
 *fill*         0x00000000080064f4        0xc 
 .text.rt_test_011_005_execute
                0x0000000008006500       0x74 /tmp/app_ax45043_driver.elf.EUhZL1.ltrans0.ltrans.o
 *fill*         0x0000000008006574        0xc 
 .text.rt_test_011_004_execute
                0x0000000008006580       0xc4 /tmp/app_ax45043_driver.elf.EUhZL1.ltrans0.ltrans.o
 *fill*         0x0000000008006644        0xc 
 .text.rt_test_011_003_execute
                0x0000000008006650       0xf8 /tmp/app_ax45043_driver.elf.EUhZL1.ltrans0.ltrans.o
 *fill*         0x0000000008006748        0x8 
 .text.rt_test_011_002_execute
                0x0000000008006750       0x7c /tmp/app_ax45043_driver.elf.EUhZL1.ltrans0.ltrans.o
 *fill*         0x00000000080067cc        0x4 
 .text.rt_test_011_001_execute
                0x00000000080067d0       0x7c /tmp/app_ax45043_driver.elf.EUhZL1.ltrans0.ltrans.o
 *fill*         0x000000000800684c        0x4 
 .text.rt_test_009_007_execute
                0x0000000008006850       0xf0 /tmp/app_ax45043_driver.elf.EUhZL1.ltrans0.ltrans.o
 .text.rt_test_009_005_execute
                0x0000000008006940       0xe8 /tmp/app_ax45043_driver.elf.EUhZL1.ltrans0.ltrans.o
 *fill*         0x0000000008006a28        0x8 
 .text.rt_test_009_004_execute
                0x0000000008006a30       0xe4 /tmp/app_ax45043_driver.elf.EUhZL1.ltrans0.ltrans.o
 *fill*         0x0000000008006b14        0xc 
 .text.rt_test_009_003_execute
                0x0000000008006b20      0x118 /tmp/app_ax45043_driver.elf.EUhZL1.ltrans0.ltrans.o
 *fill*         0x0000000008006c38        0x8 
 .text.rt_test_008_001_execute
                0x0000000008006c40       0x7c /tmp/app_ax45043_driver.elf.EUhZL1.ltrans0.ltrans.o
 *fill*         0x0000000008006cbc        0x4 
 .text.rt_test_007_009_execute
                0x0000000008006cc0       0xb8 /tmp/app_ax45043_driver.elf.EUhZL1.ltrans0.ltrans.o
 *fill*         0x0000000008006d78        0x8 
 .text.rt_test_007_008_execute
                0x0000000008006d80       0xd8 /tmp/app_ax45043_driver.elf.EUhZL1.ltrans0.ltrans.o
 *fill*         0x0000000008006e58        0x8 
 .text.rt_test_007_007_execute
                0x0000000008006e60      0x104 /tmp/app_ax45043_driver.elf.EUhZL1.ltrans0.ltrans.o
 *fill*         0x0000000008006f64        0xc 
 .text.rt_test_007_004_execute
                0x0000000008006f70      0x13c /tmp/app_ax45043_driver.elf.EUhZL1.ltrans0.ltrans.o
 *fill*         0x00000000080070ac        0x4 
 .text.rt_test_007_001_execute
                0x00000000080070b0      0x108 /tmp/app_ax45043_driver.elf.EUhZL1.ltrans0.ltrans.o
 *fill*         0x00000000080071b8        0x8 
 .text.rt_test_006_006_execute
                0x00000000080071c0      0x1e0 /tmp/app_ax45043_driver.elf.EUhZL1.ltrans0.ltrans.o
 .text.rt_test_006_005_execute
                0x00000000080073a0       0xb0 /tmp/app_ax45043_driver.elf.EUhZL1.ltrans0.ltrans.o
 .text.rt_test_006_004_execute
                0x0000000008007450       0x9c /tmp/app_ax45043_driver.elf.EUhZL1.ltrans0.ltrans.o
 *fill*         0x00000000080074ec        0x4 
 .text.rt_test_006_003_execute
                0x00000000080074f0      0x178 /tmp/app_ax45043_driver.elf.EUhZL1.ltrans0.ltrans.o
 *fill*         0x0000000008007668        0x8 
 .text.rt_test_006_002_execute
                0x0000000008007670      0x104 /tmp/app_ax45043_driver.elf.EUhZL1.ltrans0.ltrans.o
 *fill*         0x0000000008007774        0xc 
 .text.rt_test_005_001_execute
                0x0000000008007780       0xf0 /tmp/app_ax45043_driver.elf.EUhZL1.ltrans0.ltrans.o
 .text.rt_test_004_002_execute
                0x0000000008007870      0x1f8 /tmp/app_ax45043_driver.elf.EUhZL1.ltrans0.ltrans.o
 *fill*         0x0000000008007a68        0x8 
 .text.main     0x0000000008007a70       0x44 /tmp/app_ax45043_driver.elf.EUhZL1.ltrans0.ltrans.o
                0x0000000008007a70                main
 *fill*         0x0000000008007ab4        0xc 
 .text._port_irq_epilogue
                0x0000000008007ac0       0x48 /tmp/app_ax45043_driver.elf.EUhZL1.ltrans0.ltrans.o
                0x0000000008007ac0                _port_irq_epilogue
 *fill*         0x0000000008007b08        0x8 
 .text.port_init
                0x0000000008007b10       0x4c /tmp/app_ax45043_driver.elf.EUhZL1.ltrans0.ltrans.o
                0x0000000008007b10                port_init
 *fill*         0x0000000008007b5c        0x4 
 .text.SVC_Handler
                0x0000000008007b60       0x14 /tmp/app_ax45043_driver.elf.EUhZL1.ltrans0.ltrans.o
                0x0000000008007b60                SVC_Handler
 *fill*         0x0000000008007b74        0xc 
 .text._core_init
                0x0000000008007b80       0x18 /tmp/app_ax45043_driver.elf.EUhZL1.ltrans0.ltrans.o
                0x0000000008007b80                _core_init
 *fill*         0x0000000008007b98        0x8 
 .text.chEvtBroadcastFlagsI
                0x0000000008007ba0       0x2c /tmp/app_ax45043_driver.elf.EUhZL1.ltrans0.ltrans.o
                0x0000000008007ba0                chEvtBroadcastFlagsI
 *fill*         0x0000000008007bcc        0x4 
 .text.shellExit
                0x0000000008007bd0       0x20 /tmp/app_ax45043_driver.elf.EUhZL1.ltrans0.ltrans.o
 .text.shellThread
                0x0000000008007bf0      0x17c /tmp/app_ax45043_driver.elf.EUhZL1.ltrans0.ltrans.o
 *fill*         0x0000000008007d6c        0x4 
 .text.cmd_exit
                0x0000000008007d70       0x20 /tmp/app_ax45043_driver.elf.EUhZL1.ltrans0.ltrans.o
 .text.chEvtBroadcastFlags
                0x0000000008007d90       0x18 /tmp/app_ax45043_driver.elf.EUhZL1.ltrans0.ltrans.o
 *fill*         0x0000000008007da8        0x8 
 .text.evt_thread7
                0x0000000008007db0       0x24 /tmp/app_ax45043_driver.elf.EUhZL1.ltrans0.ltrans.o
 *fill*         0x0000000008007dd4        0xc 
 .text.chMtxObjectInit
                0x0000000008007de0        0xc /tmp/app_ax45043_driver.elf.EUhZL1.ltrans0.ltrans.o
                0x0000000008007de0                chMtxObjectInit
 *fill*         0x0000000008007dec        0x4 
 .text.rt_test_011_011_setup
                0x0000000008007df0       0x10 /tmp/app_ax45043_driver.elf.EUhZL1.ltrans0.ltrans.o
 .text.rt_test_007_009_setup
                0x0000000008007e00       0x24 /tmp/app_ax45043_driver.elf.EUhZL1.ltrans0.ltrans.o
 *fill*         0x0000000008007e24        0xc 
 .text.rt_test_007_008_setup
                0x0000000008007e30       0x18 /tmp/app_ax45043_driver.elf.EUhZL1.ltrans0.ltrans.o
 *fill*         0x0000000008007e48        0x8 
 .text.rt_test_007_007_setup
                0x0000000008007e50       0x18 /tmp/app_ax45043_driver.elf.EUhZL1.ltrans0.ltrans.o
 *fill*         0x0000000008007e68        0x8 
 .text.rt_test_007_005_setup
                0x0000000008007e70       0x10 /tmp/app_ax45043_driver.elf.EUhZL1.ltrans0.ltrans.o
 .text.rt_test_007_004_setup
                0x0000000008007e80       0x18 /tmp/app_ax45043_driver.elf.EUhZL1.ltrans0.ltrans.o
 *fill*         0x0000000008007e98        0x8 
 .text.rt_test_007_001_setup
                0x0000000008007ea0       0x10 /tmp/app_ax45043_driver.elf.EUhZL1.ltrans0.ltrans.o
 .text._factory_init
                0x0000000008007eb0       0x54 /tmp/app_ax45043_driver.elf.EUhZL1.ltrans0.ltrans.o
                0x0000000008007eb0                _factory_init
 *fill*         0x0000000008007f04        0xc 
 .text.chPipeObjectInit
                0x0000000008007f10       0x30 /tmp/app_ax45043_driver.elf.EUhZL1.ltrans0.ltrans.o
 .text.oslib_test_003_002_setup
                0x0000000008007f40       0x18 /tmp/app_ax45043_driver.elf.EUhZL1.ltrans0.ltrans.o
 *fill*         0x0000000008007f58        0x8 
 .text.oslib_test_003_001_setup
                0x0000000008007f60       0x18 /tmp/app_ax45043_driver.elf.EUhZL1.ltrans0.ltrans.o
 *fill*         0x0000000008007f78        0x8 
 .text.chFactoryCreatePipe
                0x0000000008007f80       0x3c /tmp/app_ax45043_driver.elf.EUhZL1.ltrans0.ltrans.o
 *fill*         0x0000000008007fbc        0x4 
 .text.oslib_test_009_006_execute
                0x0000000008007fc0      0x140 /tmp/app_ax45043_driver.elf.EUhZL1.ltrans0.ltrans.o
 .text.chHeapObjectInit
                0x0000000008008100       0x24 /tmp/app_ax45043_driver.elf.EUhZL1.ltrans0.ltrans.o
 *fill*         0x0000000008008124        0xc 
 .text.oslib_test_008_001_setup
                0x0000000008008130       0x18 /tmp/app_ax45043_driver.elf.EUhZL1.ltrans0.ltrans.o
 *fill*         0x0000000008008148        0x8 
 .text.rt_test_010_001_setup
                0x0000000008008150       0x18 /tmp/app_ax45043_driver.elf.EUhZL1.ltrans0.ltrans.o
 *fill*         0x0000000008008168        0x8 
 .text._heap_init
                0x0000000008008170       0x20 /tmp/app_ax45043_driver.elf.EUhZL1.ltrans0.ltrans.o
                0x0000000008008170                _heap_init
 .text._tm_init
                0x0000000008008190       0x28 /tmp/app_ax45043_driver.elf.EUhZL1.ltrans0.ltrans.o
                0x0000000008008190                _tm_init
 *fill*         0x00000000080081b8        0x8 
 .text.chThdDequeueAllI
                0x00000000080081c0       0x1c /tmp/app_ax45043_driver.elf.EUhZL1.ltrans0.ltrans.o
                0x00000000080081c0                chThdDequeueAllI
 *fill*         0x00000000080081dc        0x4 
 .text.chMBResetI
                0x00000000080081e0       0x2c /tmp/app_ax45043_driver.elf.EUhZL1.ltrans0.ltrans.o
 *fill*         0x000000000800820c        0x4 
 .text.chMBReset
                0x0000000008008210       0x18 /tmp/app_ax45043_driver.elf.EUhZL1.ltrans0.ltrans.o
 *fill*         0x0000000008008228        0x8 
 .text.oslib_test_002_003_teardown
                0x0000000008008230       0x10 /tmp/app_ax45043_driver.elf.EUhZL1.ltrans0.ltrans.o
 .text.oslib_test_002_002_teardown
                0x0000000008008240       0x10 /tmp/app_ax45043_driver.elf.EUhZL1.ltrans0.ltrans.o
 .text.oslib_test_002_001_teardown
                0x0000000008008250       0x10 /tmp/app_ax45043_driver.elf.EUhZL1.ltrans0.ltrans.o
 .text.chThdDequeueNextI
                0x0000000008008260       0x18 /tmp/app_ax45043_driver.elf.EUhZL1.ltrans0.ltrans.o
                0x0000000008008260                chThdDequeueNextI
 *fill*         0x0000000008008278        0x8 
 .text.chMBFetchI
                0x0000000008008280       0x40 /tmp/app_ax45043_driver.elf.EUhZL1.ltrans0.ltrans.o
 .text.chMBPostAheadI
                0x00000000080082c0       0x44 /tmp/app_ax45043_driver.elf.EUhZL1.ltrans0.ltrans.o
 *fill*         0x0000000008008304        0xc 
 .text.chMBPostI
                0x0000000008008310       0x48 /tmp/app_ax45043_driver.elf.EUhZL1.ltrans0.ltrans.o
 *fill*         0x0000000008008358        0x8 
 .text.chThdEnqueueTimeoutS
                0x0000000008008360       0x24 /tmp/app_ax45043_driver.elf.EUhZL1.ltrans0.ltrans.o
                0x0000000008008360                chThdEnqueueTimeoutS
 *fill*         0x0000000008008384        0xc 
 .text.chMBFetchTimeoutS
                0x0000000008008390       0x58 /tmp/app_ax45043_driver.elf.EUhZL1.ltrans0.ltrans.o
 *fill*         0x00000000080083e8        0x8 
 .text.chMBFetchTimeout
                0x00000000080083f0       0x14 /tmp/app_ax45043_driver.elf.EUhZL1.ltrans0.ltrans.o
 *fill*         0x0000000008008404        0xc 
 .text.Thread1.lto_priv.0
                0x0000000008008410       0x40 /tmp/app_ax45043_driver.elf.EUhZL1.ltrans0.ltrans.o
 .text.chMBPostAheadTimeoutS
                0x0000000008008450       0x60 /tmp/app_ax45043_driver.elf.EUhZL1.ltrans0.ltrans.o
 .text.chMBPostAheadTimeout
                0x00000000080084b0       0x14 /tmp/app_ax45043_driver.elf.EUhZL1.ltrans0.ltrans.o
 *fill*         0x00000000080084c4        0xc 
 .text.chMBPostTimeoutS
                0x00000000080084d0       0x60 /tmp/app_ax45043_driver.elf.EUhZL1.ltrans0.ltrans.o
 .text.chMBPostTimeout
                0x0000000008008530       0x14 /tmp/app_ax45043_driver.elf.EUhZL1.ltrans0.ltrans.o
 *fill*         0x0000000008008544        0xc 
 .text.oslib_test_004_001_execute
                0x0000000008008550      0x13c /tmp/app_ax45043_driver.elf.EUhZL1.ltrans0.ltrans.o
 *fill*         0x000000000800868c        0x4 
 .text.oslib_test_002_003_execute
                0x0000000008008690      0x12c /tmp/app_ax45043_driver.elf.EUhZL1.ltrans0.ltrans.o
 *fill*         0x00000000080087bc        0x4 
 .text.oslib_test_002_002_execute
                0x00000000080087c0      0x340 /tmp/app_ax45043_driver.elf.EUhZL1.ltrans0.ltrans.o
 .text.oslib_test_002_001_execute
                0x0000000008008b00      0x3a0 /tmp/app_ax45043_driver.elf.EUhZL1.ltrans0.ltrans.o
 .text.chThdResumeI
                0x0000000008008ea0       0x14 /tmp/app_ax45043_driver.elf.EUhZL1.ltrans0.ltrans.o
                0x0000000008008ea0                chThdResumeI
 *fill*         0x0000000008008eb4        0xc 
 .text.thread1.lto_priv.0
                0x0000000008008ec0       0x28 /tmp/app_ax45043_driver.elf.EUhZL1.ltrans0.ltrans.o
 *fill*         0x0000000008008ee8        0x8 
 .text.chPipeReset
                0x0000000008008ef0       0x4c /tmp/app_ax45043_driver.elf.EUhZL1.ltrans0.ltrans.o
 *fill*         0x0000000008008f3c        0x4 
 .text.oslib_test_003_001_execute
                0x0000000008008f40      0x574 /tmp/app_ax45043_driver.elf.EUhZL1.ltrans0.ltrans.o
 *fill*         0x00000000080094b4        0xc 
 .text.chThdExit
                0x00000000080094c0       0x10 /tmp/app_ax45043_driver.elf.EUhZL1.ltrans0.ltrans.o
                0x00000000080094c0                chThdExit
 .text.Thread1.lto_priv.1
                0x00000000080094d0       0x24 /tmp/app_ax45043_driver.elf.EUhZL1.ltrans0.ltrans.o
 *fill*         0x00000000080094f4        0xc 
 .text.bmk_thread3
                0x0000000008009500        0x8 /tmp/app_ax45043_driver.elf.EUhZL1.ltrans0.ltrans.o
 *fill*         0x0000000008009508        0x8 
 .text.chSchReadyAheadI
                0x0000000008009510       0x24 /tmp/app_ax45043_driver.elf.EUhZL1.ltrans1.ltrans.o
 *fill*         0x0000000008009534        0xc 
 .text._scheduler_init
                0x0000000008009540       0x14 /tmp/app_ax45043_driver.elf.EUhZL1.ltrans1.ltrans.o
 *fill*         0x0000000008009554        0xc 
 .text._vt_init
                0x0000000008009560       0x1c /tmp/app_ax45043_driver.elf.EUhZL1.ltrans1.ltrans.o
 *fill*         0x000000000800957c        0x4 
 .text.chSysHalt
                0x0000000008009580        0xc /tmp/app_ax45043_driver.elf.EUhZL1.ltrans1.ltrans.o
 *fill*         0x000000000800958c        0x4 
 .text._idle_thread
                0x0000000008009590        0x4 /tmp/app_ax45043_driver.elf.EUhZL1.ltrans1.ltrans.o
 *fill*         0x0000000008009594        0xc 
 .text.gpio_init
                0x00000000080095a0       0x20 /tmp/app_ax45043_driver.elf.EUhZL1.ltrans1.ltrans.o
 .text.stm32_gpio_init
                0x00000000080095c0       0xa4 /tmp/app_ax45043_driver.elf.EUhZL1.ltrans1.ltrans.o
 *fill*         0x0000000008009664        0xc 
 .text.notify2  0x0000000008009670       0x10 /tmp/app_ax45043_driver.elf.EUhZL1.ltrans1.ltrans.o
 .text.usart_init
                0x0000000008009680       0x8c /tmp/app_ax45043_driver.elf.EUhZL1.ltrans1.ltrans.o
 *fill*         0x000000000800970c        0x4 
 .text.spi_lld_send
                0x0000000008009710       0x50 /tmp/app_ax45043_driver.elf.EUhZL1.ltrans1.ltrans.o
 .text.spi_lld_serve_tx_interrupt
                0x0000000008009760       0x14 /tmp/app_ax45043_driver.elf.EUhZL1.ltrans1.ltrans.o
 *fill*         0x0000000008009774        0xc 
 .text._pal_lld_init
                0x0000000008009780       0x1c /tmp/app_ax45043_driver.elf.EUhZL1.ltrans1.ltrans.o
 *fill*         0x000000000800979c        0x4 
 .text.dmaInit  0x00000000080097a0       0x44 /tmp/app_ax45043_driver.elf.EUhZL1.ltrans1.ltrans.o
 *fill*         0x00000000080097e4        0xc 
 .text.stm32_clock_init
                0x00000000080097f0      0x18c /tmp/app_ax45043_driver.elf.EUhZL1.ltrans1.ltrans.o
 *fill*         0x000000000800997c        0x4 
 .text.hal_lld_backup_domain_init
                0x0000000008009980       0x38 /tmp/app_ax45043_driver.elf.EUhZL1.ltrans1.ltrans.o
 *fill*         0x00000000080099b8        0x8 
 .text.nvicEnableVector
                0x00000000080099c0       0x28 /tmp/app_ax45043_driver.elf.EUhZL1.ltrans1.ltrans.o
 *fill*         0x00000000080099e8        0x8 
 .text.sd_lld_start
                0x00000000080099f0       0x4c /tmp/app_ax45043_driver.elf.EUhZL1.ltrans1.ltrans.o
 *fill*         0x0000000008009a3c        0x4 
 .text.st_lld_init
                0x0000000008009a40       0x54 /tmp/app_ax45043_driver.elf.EUhZL1.ltrans1.ltrans.o
 *fill*         0x0000000008009a94        0xc 
 .text.dmaStreamAllocI
                0x0000000008009aa0       0xc8 /tmp/app_ax45043_driver.elf.EUhZL1.ltrans1.ltrans.o
 *fill*         0x0000000008009b68        0x8 
 .text.spi_lld_start
                0x0000000008009b70      0x130 /tmp/app_ax45043_driver.elf.EUhZL1.ltrans1.ltrans.o
 .text.irqInit  0x0000000008009ca0       0x3c /tmp/app_ax45043_driver.elf.EUhZL1.ltrans1.ltrans.o
 *fill*         0x0000000008009cdc        0x4 
 .text.hal_lld_init
                0x0000000008009ce0       0x64 /tmp/app_ax45043_driver.elf.EUhZL1.ltrans1.ltrans.o
 *fill*         0x0000000008009d44        0xc 
 .text._ctl     0x0000000008009d50        0x4 /tmp/app_ax45043_driver.elf.EUhZL1.ltrans1.ltrans.o
 *fill*         0x0000000008009d54        0xc 
 .text.oqObjectInit
                0x0000000008009d60       0x18 /tmp/app_ax45043_driver.elf.EUhZL1.ltrans1.ltrans.o
 *fill*         0x0000000008009d78        0x8 
 .text.iqObjectInit
                0x0000000008009d80       0x20 /tmp/app_ax45043_driver.elf.EUhZL1.ltrans1.ltrans.o
 .text.sdObjectInit
                0x0000000008009da0       0x40 /tmp/app_ax45043_driver.elf.EUhZL1.ltrans1.ltrans.o
 .text.sd_lld_init
                0x0000000008009de0       0x20 /tmp/app_ax45043_driver.elf.EUhZL1.ltrans1.ltrans.o
 .text.sdInit   0x0000000008009e00        0x8 /tmp/app_ax45043_driver.elf.EUhZL1.ltrans1.ltrans.o
 *fill*         0x0000000008009e08        0x8 
 .text.stSetAlarm
                0x0000000008009e10        0x8 /tmp/app_ax45043_driver.elf.EUhZL1.ltrans1.ltrans.o
 *fill*         0x0000000008009e18        0x8 
 .text.stStopAlarm
                0x0000000008009e20        0xc /tmp/app_ax45043_driver.elf.EUhZL1.ltrans1.ltrans.o
 *fill*         0x0000000008009e2c        0x4 
 .text.stStartAlarm
                0x0000000008009e30       0x10 /tmp/app_ax45043_driver.elf.EUhZL1.ltrans1.ltrans.o
 .text.stInit   0x0000000008009e40        0x8 /tmp/app_ax45043_driver.elf.EUhZL1.ltrans1.ltrans.o
 *fill*         0x0000000008009e48        0x8 
 .text.chSchDoRescheduleAhead
                0x0000000008009e50       0x28 /tmp/app_ax45043_driver.elf.EUhZL1.ltrans1.ltrans.o
 *fill*         0x0000000008009e78        0x8 
 .text.set_error
                0x0000000008009e80       0x38 /tmp/app_ax45043_driver.elf.EUhZL1.ltrans1.ltrans.o
 *fill*         0x0000000008009eb8        0x8 
 .text.spi_lld_serve_rx_interrupt
                0x0000000008009ec0       0xcc /tmp/app_ax45043_driver.elf.EUhZL1.ltrans1.ltrans.o
 *fill*         0x0000000008009f8c        0x4 
 .text.spiObjectInit
                0x0000000008009f90       0x14 /tmp/app_ax45043_driver.elf.EUhZL1.ltrans1.ltrans.o
 *fill*         0x0000000008009fa4        0xc 
 .text.spi_lld_init
                0x0000000008009fb0       0x50 /tmp/app_ax45043_driver.elf.EUhZL1.ltrans1.ltrans.o
 .text.spiInit  0x000000000800a000        0x8 /tmp/app_ax45043_driver.elf.EUhZL1.ltrans1.ltrans.o
 *fill*         0x000000000800a008        0x8 
 .text.palWaitLineTimeoutS
                0x000000000800a010       0x18 /tmp/app_ax45043_driver.elf.EUhZL1.ltrans1.ltrans.o
 *fill*         0x000000000800a028        0x8 
 .text.oqPutTimeout
                0x000000000800a030       0x50 /tmp/app_ax45043_driver.elf.EUhZL1.ltrans1.ltrans.o
 .text._putt    0x000000000800a080        0xc /tmp/app_ax45043_driver.elf.EUhZL1.ltrans1.ltrans.o
 *fill*         0x000000000800a08c        0x4 
 .text._put     0x000000000800a090       0x10 /tmp/app_ax45043_driver.elf.EUhZL1.ltrans1.ltrans.o
 .text.iqGetTimeout
                0x000000000800a0a0       0x50 /tmp/app_ax45043_driver.elf.EUhZL1.ltrans1.ltrans.o
 .text._gett    0x000000000800a0f0        0xc /tmp/app_ax45043_driver.elf.EUhZL1.ltrans1.ltrans.o
 *fill*         0x000000000800a0fc        0x4 
 .text._get     0x000000000800a100       0x10 /tmp/app_ax45043_driver.elf.EUhZL1.ltrans1.ltrans.o
 .text.oqGetI   0x000000000800a110       0x40 /tmp/app_ax45043_driver.elf.EUhZL1.ltrans1.ltrans.o
 .text.iqPutI   0x000000000800a150       0x40 /tmp/app_ax45043_driver.elf.EUhZL1.ltrans1.ltrans.o
 .text.sdIncomingDataI
                0x000000000800a190       0x30 /tmp/app_ax45043_driver.elf.EUhZL1.ltrans1.ltrans.o
 .text.serve_interrupt
                0x000000000800a1c0       0xec /tmp/app_ax45043_driver.elf.EUhZL1.ltrans1.ltrans.o
 *fill*         0x000000000800a2ac        0x4 
 .text.oq_write
                0x000000000800a2b0       0x68 /tmp/app_ax45043_driver.elf.EUhZL1.ltrans1.ltrans.o
 *fill*         0x000000000800a318        0x8 
 .text.oqWriteTimeout
                0x000000000800a320       0x64 /tmp/app_ax45043_driver.elf.EUhZL1.ltrans1.ltrans.o
 *fill*         0x000000000800a384        0xc 
 .text._writet  0x000000000800a390        0xc /tmp/app_ax45043_driver.elf.EUhZL1.ltrans1.ltrans.o
 *fill*         0x000000000800a39c        0x4 
 .text._write   0x000000000800a3a0       0x10 /tmp/app_ax45043_driver.elf.EUhZL1.ltrans1.ltrans.o
 .text.iq_read  0x000000000800a3b0       0x68 /tmp/app_ax45043_driver.elf.EUhZL1.ltrans1.ltrans.o
 *fill*         0x000000000800a418        0x8 
 .text.iqReadTimeout
                0x000000000800a420       0x64 /tmp/app_ax45043_driver.elf.EUhZL1.ltrans1.ltrans.o
 *fill*         0x000000000800a484        0xc 
 .text._readt   0x000000000800a490        0xc /tmp/app_ax45043_driver.elf.EUhZL1.ltrans1.ltrans.o
 *fill*         0x000000000800a49c        0x4 
 .text._read    0x000000000800a4a0       0x10 /tmp/app_ax45043_driver.elf.EUhZL1.ltrans1.ltrans.o
 .text._thread_init
                0x000000000800a4b0       0x40 /tmp/app_ax45043_driver.elf.EUhZL1.ltrans1.ltrans.o
                0x000000000800a4b0                _thread_init
 .text.chThdCreateSuspendedI
                0x000000000800a4f0       0x38 /tmp/app_ax45043_driver.elf.EUhZL1.ltrans1.ltrans.o
                0x000000000800a4f0                chThdCreateSuspendedI
 *fill*         0x000000000800a528        0x8 
 .text.chSchDoReschedule
                0x000000000800a530       0x28 /tmp/app_ax45043_driver.elf.EUhZL1.ltrans1.ltrans.o
                0x000000000800a530                chSchDoReschedule
 *fill*         0x000000000800a558        0x8 
 .text.chSchIsPreemptionRequired
                0x000000000800a560       0x18 /tmp/app_ax45043_driver.elf.EUhZL1.ltrans1.ltrans.o
                0x000000000800a560                chSchIsPreemptionRequired
 *fill*         0x000000000800a578        0x8 
 .text.chSchRescheduleS
                0x000000000800a580       0x1c /tmp/app_ax45043_driver.elf.EUhZL1.ltrans1.ltrans.o
                0x000000000800a580                chSchRescheduleS
 *fill*         0x000000000800a59c        0x4 
 .text.chSchGoSleepS
                0x000000000800a5a0       0x24 /tmp/app_ax45043_driver.elf.EUhZL1.ltrans1.ltrans.o
                0x000000000800a5a0                chSchGoSleepS
 *fill*         0x000000000800a5c4        0xc 
 .text.chSchReadyI
                0x000000000800a5d0       0x24 /tmp/app_ax45043_driver.elf.EUhZL1.ltrans1.ltrans.o
                0x000000000800a5d0                chSchReadyI
 *fill*         0x000000000800a5f4        0xc 
 .text.chSchDoRescheduleBehind
                0x000000000800a600       0x28 /tmp/app_ax45043_driver.elf.EUhZL1.ltrans1.ltrans.o
                0x000000000800a600                chSchDoRescheduleBehind
 *fill*         0x000000000800a628        0x8 
 .text.chSchWakeupS
                0x000000000800a630       0x38 /tmp/app_ax45043_driver.elf.EUhZL1.ltrans1.ltrans.o
                0x000000000800a630                chSchWakeupS
 *fill*         0x000000000800a668        0x8 
 .text.chThdCreate
                0x000000000800a670       0x20 /tmp/app_ax45043_driver.elf.EUhZL1.ltrans1.ltrans.o
                0x000000000800a670                chThdCreate
 .text.wakeup   0x000000000800a690       0x50 /tmp/app_ax45043_driver.elf.EUhZL1.ltrans1.ltrans.o
 .text.chSysRestoreStatusX
                0x000000000800a6e0       0x24 /tmp/app_ax45043_driver.elf.EUhZL1.ltrans1.ltrans.o
                0x000000000800a6e0                chSysRestoreStatusX
 *fill*         0x000000000800a704        0xc 
 .text.chSysGetStatusAndLockX
                0x000000000800a710       0x20 /tmp/app_ax45043_driver.elf.EUhZL1.ltrans1.ltrans.o
                0x000000000800a710                chSysGetStatusAndLockX
 .text.chSysIntegrityCheckI
                0x000000000800a730       0x98 /tmp/app_ax45043_driver.elf.EUhZL1.ltrans1.ltrans.o
                0x000000000800a730                chSysIntegrityCheckI
 *fill*         0x000000000800a7c8        0x8 
 .text.chSysInit
                0x000000000800a7d0       0x54 /tmp/app_ax45043_driver.elf.EUhZL1.ltrans1.ltrans.o
                0x000000000800a7d0                chSysInit
 *fill*         0x000000000800a824        0xc 
 .text.__early_init
                0x000000000800a830        0xc /tmp/app_ax45043_driver.elf.EUhZL1.ltrans1.ltrans.o
                0x000000000800a830                __early_init
 *fill*         0x000000000800a83c        0x4 
 .text.VectorD8
                0x000000000800a840       0x14 /tmp/app_ax45043_driver.elf.EUhZL1.ltrans1.ltrans.o
                0x000000000800a840                VectorD8
 *fill*         0x000000000800a854        0xc 
 .text.Vector158
                0x000000000800a860       0x2c /tmp/app_ax45043_driver.elf.EUhZL1.ltrans1.ltrans.o
                0x000000000800a860                Vector158
 *fill*         0x000000000800a88c        0x4 
 .text.Vector154
                0x000000000800a890       0x2c /tmp/app_ax45043_driver.elf.EUhZL1.ltrans1.ltrans.o
                0x000000000800a890                Vector154
 *fill*         0x000000000800a8bc        0x4 
 .text.Vector150
                0x000000000800a8c0       0x2c /tmp/app_ax45043_driver.elf.EUhZL1.ltrans1.ltrans.o
                0x000000000800a8c0                Vector150
 *fill*         0x000000000800a8ec        0x4 
 .text.Vector130
                0x000000000800a8f0       0x28 /tmp/app_ax45043_driver.elf.EUhZL1.ltrans1.ltrans.o
                0x000000000800a8f0                Vector130
 *fill*         0x000000000800a918        0x8 
 .text.Vector12C
                0x000000000800a920       0x2c /tmp/app_ax45043_driver.elf.EUhZL1.ltrans1.ltrans.o
                0x000000000800a920                Vector12C
 *fill*         0x000000000800a94c        0x4 
 .text.Vector128
                0x000000000800a950       0x2c /tmp/app_ax45043_driver.elf.EUhZL1.ltrans1.ltrans.o
                0x000000000800a950                Vector128
 *fill*         0x000000000800a97c        0x4 
 .text.Vector124
                0x000000000800a980       0x2c /tmp/app_ax45043_driver.elf.EUhZL1.ltrans1.ltrans.o
                0x000000000800a980                Vector124
 *fill*         0x000000000800a9ac        0x4 
 .text.Vector120
                0x000000000800a9b0       0x28 /tmp/app_ax45043_driver.elf.EUhZL1.ltrans1.ltrans.o
                0x000000000800a9b0                Vector120
 *fill*         0x000000000800a9d8        0x8 
 .text.VectorFC
                0x000000000800a9e0       0x2c /tmp/app_ax45043_driver.elf.EUhZL1.ltrans1.ltrans.o
                0x000000000800a9e0                VectorFC
 *fill*         0x000000000800aa0c        0x4 
 .text.Vector84
                0x000000000800aa10       0x2c /tmp/app_ax45043_driver.elf.EUhZL1.ltrans1.ltrans.o
                0x000000000800aa10                Vector84
 *fill*         0x000000000800aa3c        0x4 
 .text.Vector80
                0x000000000800aa40       0x2c /tmp/app_ax45043_driver.elf.EUhZL1.ltrans1.ltrans.o
                0x000000000800aa40                Vector80
 *fill*         0x000000000800aa6c        0x4 
 .text.Vector7C
                0x000000000800aa70       0x28 /tmp/app_ax45043_driver.elf.EUhZL1.ltrans1.ltrans.o
                0x000000000800aa70                Vector7C
 *fill*         0x000000000800aa98        0x8 
 .text.Vector78
                0x000000000800aaa0       0x2c /tmp/app_ax45043_driver.elf.EUhZL1.ltrans1.ltrans.o
                0x000000000800aaa0                Vector78
 *fill*         0x000000000800aacc        0x4 
 .text.Vector74
                0x000000000800aad0       0x2c /tmp/app_ax45043_driver.elf.EUhZL1.ltrans1.ltrans.o
                0x000000000800aad0                Vector74
 *fill*         0x000000000800aafc        0x4 
 .text.Vector70
                0x000000000800ab00       0x2c /tmp/app_ax45043_driver.elf.EUhZL1.ltrans1.ltrans.o
                0x000000000800ab00                Vector70
 *fill*         0x000000000800ab2c        0x4 
 .text.Vector6C
                0x000000000800ab30       0x28 /tmp/app_ax45043_driver.elf.EUhZL1.ltrans1.ltrans.o
                0x000000000800ab30                Vector6C
 *fill*         0x000000000800ab58        0x8 
 .text.VectorE0
                0x000000000800ab60       0xdc /tmp/app_ax45043_driver.elf.EUhZL1.ltrans1.ltrans.o
                0x000000000800ab60                VectorE0
 *fill*         0x000000000800ac3c        0x4 
 .text.Vector9C
                0x000000000800ac40       0xbc /tmp/app_ax45043_driver.elf.EUhZL1.ltrans1.ltrans.o
                0x000000000800ac40                Vector9C
 *fill*         0x000000000800acfc        0x4 
 .text.Vector68
                0x000000000800ad00       0x38 /tmp/app_ax45043_driver.elf.EUhZL1.ltrans1.ltrans.o
                0x000000000800ad00                Vector68
 *fill*         0x000000000800ad38        0x8 
 .text.Vector64
                0x000000000800ad40       0x38 /tmp/app_ax45043_driver.elf.EUhZL1.ltrans1.ltrans.o
                0x000000000800ad40                Vector64
 *fill*         0x000000000800ad78        0x8 
 .text.Vector60
                0x000000000800ad80       0x38 /tmp/app_ax45043_driver.elf.EUhZL1.ltrans1.ltrans.o
                0x000000000800ad80                Vector60
 *fill*         0x000000000800adb8        0x8 
 .text.Vector5C
                0x000000000800adc0       0x38 /tmp/app_ax45043_driver.elf.EUhZL1.ltrans1.ltrans.o
                0x000000000800adc0                Vector5C
 *fill*         0x000000000800adf8        0x8 
 .text.Vector58
                0x000000000800ae00       0x38 /tmp/app_ax45043_driver.elf.EUhZL1.ltrans1.ltrans.o
                0x000000000800ae00                Vector58
 *fill*         0x000000000800ae38        0x8 
 .text.spiStartSend
                0x000000000800ae40       0x18 /tmp/app_ax45043_driver.elf.EUhZL1.ltrans1.ltrans.o
                0x000000000800ae40                spiStartSend
 *fill*         0x000000000800ae58        0x8 
 .text.spiUnselect
                0x000000000800ae60       0x1c /tmp/app_ax45043_driver.elf.EUhZL1.ltrans1.ltrans.o
                0x000000000800ae60                spiUnselect
 *fill*         0x000000000800ae7c        0x4 
 .text.spiSelect
                0x000000000800ae80       0x1c /tmp/app_ax45043_driver.elf.EUhZL1.ltrans1.ltrans.o
                0x000000000800ae80                spiSelect
 *fill*         0x000000000800ae9c        0x4 
 .text.spiStart
                0x000000000800aea0       0x1c /tmp/app_ax45043_driver.elf.EUhZL1.ltrans1.ltrans.o
                0x000000000800aea0                spiStart
 *fill*         0x000000000800aebc        0x4 
 .text.sdStart  0x000000000800aec0       0x1c /tmp/app_ax45043_driver.elf.EUhZL1.ltrans1.ltrans.o
                0x000000000800aec0                sdStart
 *fill*         0x000000000800aedc        0x4 
 .text.palWaitLineTimeout
                0x000000000800aee0       0x14 /tmp/app_ax45043_driver.elf.EUhZL1.ltrans1.ltrans.o
                0x000000000800aee0                palWaitLineTimeout
 *fill*         0x000000000800aef4        0xc 
 .text.stGetCounter
                0x000000000800af00        0x8 /tmp/app_ax45043_driver.elf.EUhZL1.ltrans1.ltrans.o
                0x000000000800af00                stGetCounter
 *fill*         0x000000000800af08        0x8 
 .text.chVTDoResetI
                0x000000000800af10       0x84 /tmp/app_ax45043_driver.elf.EUhZL1.ltrans1.ltrans.o
                0x000000000800af10                chVTDoResetI
 *fill*         0x000000000800af94        0xc 
 .text.chVTDoSetI
                0x000000000800afa0       0x88 /tmp/app_ax45043_driver.elf.EUhZL1.ltrans1.ltrans.o
                0x000000000800afa0                chVTDoSetI
 *fill*         0x000000000800b028        0x8 
 .text.chSchGoSleepTimeoutS
                0x000000000800b030       0x40 /tmp/app_ax45043_driver.elf.EUhZL1.ltrans1.ltrans.o
                0x000000000800b030                chSchGoSleepTimeoutS
 .text.chSysTimerHandlerI
                0x000000000800b070       0x90 /tmp/app_ax45043_driver.elf.EUhZL1.ltrans1.ltrans.o
 .text.st_lld_serve_interrupt
                0x000000000800b100       0x2c /tmp/app_ax45043_driver.elf.EUhZL1.ltrans1.ltrans.o
 *fill*         0x000000000800b12c        0x4 
 .text.VectorB0
                0x000000000800b130        0xc /tmp/app_ax45043_driver.elf.EUhZL1.ltrans1.ltrans.o
                0x000000000800b130                VectorB0
 *fill*         0x000000000800b13c        0x4 
 .text.halInit  0x000000000800b140       0x18 /tmp/app_ax45043_driver.elf.EUhZL1.ltrans1.ltrans.o
                0x000000000800b140                halInit
 *fill*         0x000000000800b158        0x8 
 .text.__init_ram_areas
                0x000000000800b160       0x38 /tmp/app_ax45043_driver.elf.EUhZL1.ltrans1.ltrans.o
                0x000000000800b160                __init_ram_areas
 *fill*         0x000000000800b198        0x8 
 .text.__default_exit
                0x000000000800b1a0        0x4 /tmp/app_ax45043_driver.elf.EUhZL1.ltrans1.ltrans.o
                0x000000000800b1a0                __default_exit
 *fill*         0x000000000800b1a4        0xc 
 .text.__late_init
                0x000000000800b1b0        0x4 /tmp/app_ax45043_driver.elf.EUhZL1.ltrans1.ltrans.o
                0x000000000800b1b0                __late_init
 *fill*         0x000000000800b1b4        0xc 
 .text.__core_init
                0x000000000800b1c0        0x4 /tmp/app_ax45043_driver.elf.EUhZL1.ltrans1.ltrans.o
                0x000000000800b1c0                __core_init
 .text._strtoul_l.isra.0
                0x000000000800b1c4      0x13c /usr/lib/gcc/arm-none-eabi/9.2.0/../../../../arm-none-eabi/lib/thumb/v7e-m/nofp/libg.a(lib_a-strtoul.o)
 .text.strtoul  0x000000000800b300       0x18 /usr/lib/gcc/arm-none-eabi/9.2.0/../../../../arm-none-eabi/lib/thumb/v7e-m/nofp/libg.a(lib_a-strtoul.o)
                0x000000000800b300                strtoul
 .text.memcmp   0x000000000800b318       0x60 /usr/lib/gcc/arm-none-eabi/9.2.0/../../../../arm-none-eabi/lib/thumb/v7e-m/nofp/libg.a(lib_a-memcmp.o)
                0x000000000800b318                memcmp
 .text.memset   0x000000000800b378       0xa0 /usr/lib/gcc/arm-none-eabi/9.2.0/../../../../arm-none-eabi/lib/thumb/v7e-m/nofp/libg.a(lib_a-memset.o)
                0x000000000800b378                memset
 .text.strchr   0x000000000800b418       0xd0 /usr/lib/gcc/arm-none-eabi/9.2.0/../../../../arm-none-eabi/lib/thumb/v7e-m/nofp/libg.a(lib_a-strchr.o)
                0x000000000800b418                strchr
 .text.strncmp  0x000000000800b4e8       0x7c /usr/lib/gcc/arm-none-eabi/9.2.0/../../../../arm-none-eabi/lib/thumb/v7e-m/nofp/libg.a(lib_a-strncmp.o)
                0x000000000800b4e8                strncmp
 .text.strncpy  0x000000000800b564       0x68 /usr/lib/gcc/arm-none-eabi/9.2.0/../../../../arm-none-eabi/lib/thumb/v7e-m/nofp/libg.a(lib_a-strncpy.o)
                0x000000000800b564                strncpy
 .text.strpbrk  0x000000000800b5cc       0x38 /usr/lib/gcc/arm-none-eabi/9.2.0/../../../../arm-none-eabi/lib/thumb/v7e-m/nofp/libg.a(lib_a-strpbrk.o)
                0x000000000800b5cc                strpbrk
 .text.strspn   0x000000000800b604       0x30 /usr/lib/gcc/arm-none-eabi/9.2.0/../../../../arm-none-eabi/lib/thumb/v7e-m/nofp/libg.a(lib_a-strspn.o)
                0x000000000800b604                strspn
 *(.glue_7t)
 .glue_7t       0x000000000800b634        0x0 linker stubs
 *(.glue_7)
 .glue_7        0x000000000800b634        0x0 linker stubs
 *(.gcc*)
                0x000000000800b634                __text_end__ = .

.vfp11_veneer   0x000000000800b634        0x0
 .vfp11_veneer  0x000000000800b634        0x0 linker stubs

.v4_bx          0x000000000800b634        0x0
 .v4_bx         0x000000000800b634        0x0 linker stubs

.iplt           0x000000000800b634        0x0
 .iplt          0x000000000800b634        0x0 ./build/obj/crt0_v7m.o

.rodata         0x000000000800b634     0x307c
                0x000000000800b634                __rodata_base__ = .
 *(.rodata)
 .rodata        0x000000000800b634        0x3 /tmp/app_ax45043_driver.elf.EUhZL1.ltrans0.ltrans.o
 *(.rodata.*)
 .rodata.test_println.str1.4
                0x000000000800b637        0x0 /tmp/app_ax45043_driver.elf.EUhZL1.ltrans0.ltrans.o
                                          0x3 (size before relaxing)
 *fill*         0x000000000800b637        0x1 
 .rodata.oslib_test_001_003_execute.str1.4
                0x000000000800b638      0x2bd /tmp/app_ax45043_driver.elf.EUhZL1.ltrans0.ltrans.o
                                        0x2c1 (size before relaxing)
 *fill*         0x000000000800b8f5        0x3 
 .rodata.oslib_test_001_002_execute.str1.4
                0x000000000800b8f8      0x115 /tmp/app_ax45043_driver.elf.EUhZL1.ltrans0.ltrans.o
 *fill*         0x000000000800ba0d        0x3 
 .rodata.oslib_test_001_001_execute.str1.4
                0x000000000800ba10      0x16d /tmp/app_ax45043_driver.elf.EUhZL1.ltrans0.ltrans.o
 *fill*         0x000000000800bb7d        0x3 
 .rodata.rt_test_011_012_execute.str1.4
                0x000000000800bb80       0x95 /tmp/app_ax45043_driver.elf.EUhZL1.ltrans0.ltrans.o
 *fill*         0x000000000800bc15        0x3 
 .rodata.rt_test_001_003_execute.str1.4
                0x000000000800bc18      0x57d /tmp/app_ax45043_driver.elf.EUhZL1.ltrans0.ltrans.o
 *fill*         0x000000000800c195        0x3 
 .rodata.rt_test_001_002_execute.str1.4
                0x000000000800c198       0x3a /tmp/app_ax45043_driver.elf.EUhZL1.ltrans0.ltrans.o
 *fill*         0x000000000800c1d2        0x2 
 .rodata.rt_test_003_002_execute.str1.4
                0x000000000800c1d4        0xd /tmp/app_ax45043_driver.elf.EUhZL1.ltrans0.ltrans.o
                                         0x19 (size before relaxing)
 *fill*         0x000000000800c1e1        0x3 
 .rodata.chvprintf.str1.4
                0x000000000800c1e4        0x7 /tmp/app_ax45043_driver.elf.EUhZL1.ltrans0.ltrans.o
 *fill*         0x000000000800c1eb        0x1 
 .rodata.oslib_test_007_001_execute.str1.4
                0x000000000800c1ec       0x35 /tmp/app_ax45043_driver.elf.EUhZL1.ltrans0.ltrans.o
 *fill*         0x000000000800c221        0x3 
 .rodata.rt_test_009_002_execute.str1.4
                0x000000000800c224       0x18 /tmp/app_ax45043_driver.elf.EUhZL1.ltrans0.ltrans.o
 .rodata.rt_test_009_001_execute.str1.4
                0x000000000800c23c       0x1b /tmp/app_ax45043_driver.elf.EUhZL1.ltrans0.ltrans.o
 *fill*         0x000000000800c257        0x1 
 .rodata.rt_test_004_004_execute.str1.4
                0x000000000800c258       0x87 /tmp/app_ax45043_driver.elf.EUhZL1.ltrans0.ltrans.o